{
  "text": "いきます ニュースタブでのサイトメイション機が 実際と違う検に関するご質問いただいております同じ度メインでデレクトリーごとに 別再度として管理上をしているサイトバリマスのサプテレクトリーごとにわけたサイトは それぞれ パブリシャーセンターに登録していくぐるニュース上ではサイトとして認識され パブリコンアイコンはサイトボトフのものが 正しく標準されますしかし ルグル検査結果のニュースタブでは パブリコンサイトメイショー機ともに 正しくない以上時にいいなりますではありません パブリコンはサブデレクトリーごとに 設定した",
  "segments": [
    {
      "id": 0,
      "seek": 0,
      "start": 0.08,
      "end": 6.64,
      "text": "いきます ニュースタブでのサイトメイション機が 実際と違う検に関するご質問いただいております",
      "tokens": [
        47348,
        15096,
        233,
        26167,
        3384,
        9550,
        12144,
        28889,
        2474,
        2972,
        23607,
        8040,
        7588,
        21647,
        8040,
        43891,
        4824,
        17543,
        5142,
        220,
        33197,
        34837,
        3193,
        49806,
        38739,
        250,
        4108,
        5196,
        95,
        22570,
        9991,
        43450,
        11361,
        32418,
        18549,
        6117,
        19420
      ],
      "temperature": 0.0,
      "avg_logprob": -0.4397886953046245,
      "compression_ratio": 1.6122448979591837,
      "no_speech_prob": 0.18977823853492737,
      "confidence": 0.552,
      "words": [
        {
          "text": "いきます",
          "start": 0.08,
          "end": 0.6,
          "confidence": 0.246
        },
        {
          "text": " ニ",
          "start": 0.6,
          "end": 1.32,
          "confidence": 0.188
        },
        {
          "text": "ュ",
          "start": 1.32,
          "end": 1.4,
          "confidence": 0.975
        },
        {
          "text": "ー",
          "start": 1.4,
          "end": 1.52,
          "confidence": 0.943
        },
        {
          "text": "ス",
          "start": 1.52,
          "end": 1.56,
          "confidence": 0.959
        },
        {
          "text": "タ",
          "start": 1.56,
          "end": 1.68,
          "confidence": 0.866
        },
        {
          "text": "ブ",
          "start": 1.68,
          "end": 1.82,
          "confidence": 0.792
        },
        {
          "text": "で",
          "start": 1.82,
          "end": 2.02,
          "confidence": 0.952
        },
        {
          "text": "の",
          "start": 2.02,
          "end": 2.28,
          "confidence": 0.849
        },
        {
          "text": "サ",
          "start": 2.28,
          "end": 2.58,
          "confidence": 0.014
        },
        {
          "text": "イ",
          "start": 2.58,
          "end": 2.68,
          "confidence": 0.983
        },
        {
          "text": "ト",
          "start": 2.68,
          "end": 2.78,
          "confidence": 0.992
        },
        {
          "text": "メ",
          "start": 2.78,
          "end": 2.94,
          "confidence": 0.395
        },
        {
          "text": "イ",
          "start": 2.94,
          "end": 3.0,
          "confidence": 0.229
        },
        {
          "text": "ショ",
          "start": 3.0,
          "end": 3.14,
          "confidence": 0.897
        },
        {
          "text": "ン",
          "start": 3.14,
          "end": 3.2,
          "confidence": 0.983
        },
        {
          "text": "機",
          "start": 3.2,
          "end": 3.34,
          "confidence": 0.352
        },
        {
          "text": "が",
          "start": 3.34,
          "end": 3.5,
          "confidence": 0.647
        },
        {
          "text": " ",
          "start": 3.5,
          "end": 3.54,
          "confidence": 0.225
        },
        {
          "text": "実",
          "start": 3.54,
          "end": 3.76,
          "confidence": 0.728
        },
        {
          "text": "際",
          "start": 3.76,
          "end": 3.92,
          "confidence": 0.98
        },
        {
          "text": "と",
          "start": 3.92,
          "end": 4.1,
          "confidence": 0.924
        },
        {
          "text": "違う",
          "start": 4.1,
          "end": 4.4,
          "confidence": 0.9
        },
        {
          "text": "検",
          "start": 4.4,
          "end": 4.66,
          "confidence": 0.322
        },
        {
          "text": "に",
          "start": 4.66,
          "end": 4.74,
          "confidence": 0.191
        },
        {
          "text": "関",
          "start": 4.74,
          "end": 4.94,
          "confidence": 0.475
        },
        {
          "text": "する",
          "start": 4.94,
          "end": 5.14,
          "confidence": 0.988
        },
        {
          "text": "ご",
          "start": 5.14,
          "end": 5.3,
          "confidence": 0.681
        },
        {
          "text": "質",
          "start": 5.3,
          "end": 5.48,
          "confidence": 0.886
        },
        {
          "text": "問",
          "start": 5.48,
          "end": 5.62,
          "confidence": 0.993
        },
        {
          "text": "いただ",
          "start": 5.62,
          "end": 5.94,
          "confidence": 0.944
        },
        {
          "text": "いて",
          "start": 5.94,
          "end": 6.16,
          "confidence": 0.981
        },
        {
          "text": "お",
          "start": 6.16,
          "end": 6.28,
          "confidence": 0.832
        },
        {
          "text": "ります",
          "start": 6.28,
          "end": 6.64,
          "confidence": 0.973
        }
      ]
    },
    {
      "id": 1,
      "seek": 0,
      "start": 6.94,
      "end": 13.5,
      "text": "同じ度メインでデレクトリーごとに 別再度として管理上をしているサイトバリマスの",
      "tokens": [
        13089,
        9257,
        13127,
        21647,
        8040,
        4824,
        2474,
        31327,
        16680,
        10825,
        7588,
        12376,
        3384,
        9991,
        3193,
        4108,
        220,
        16158,
        8623,
        13127,
        3193,
        8822,
        23131,
        13876,
        5708,
        5998,
        8822,
        22979,
        23607,
        8040,
        7588,
        18593,
        12376,
        13258,
        9550,
        2972
      ],
      "temperature": 0.0,
      "avg_logprob": -0.4397886953046245,
      "compression_ratio": 1.6122448979591837,
      "no_speech_prob": 0.18977823853492737,
      "confidence": 0.532,
      "words": [
        {
          "text": "同",
          "start": 6.94,
          "end": 7.3,
          "confidence": 0.487
        },
        {
          "text": "じ",
          "start": 7.3,
          "end": 7.46,
          "confidence": 0.21
        },
        {
          "text": "度",
          "start": 7.46,
          "end": 7.64,
          "confidence": 0.13
        },
        {
          "text": "メ",
          "start": 7.64,
          "end": 7.74,
          "confidence": 0.2
        },
        {
          "text": "イ",
          "start": 7.74,
          "end": 7.84,
          "confidence": 0.908
        },
        {
          "text": "ン",
          "start": 7.84,
          "end": 7.88,
          "confidence": 0.914
        },
        {
          "text": "で",
          "start": 7.88,
          "end": 8.0,
          "confidence": 0.981
        },
        {
          "text": "デ",
          "start": 8.0,
          "end": 8.16,
          "confidence": 0.401
        },
        {
          "text": "レ",
          "start": 8.16,
          "end": 8.3,
          "confidence": 0.683
        },
        {
          "text": "ク",
          "start": 8.3,
          "end": 8.38,
          "confidence": 0.976
        },
        {
          "text": "ト",
          "start": 8.38,
          "end": 8.5,
          "confidence": 0.979
        },
        {
          "text": "リ",
          "start": 8.5,
          "end": 8.62,
          "confidence": 0.961
        },
        {
          "text": "ー",
          "start": 8.62,
          "end": 8.72,
          "confidence": 0.689
        },
        {
          "text": "ご",
          "start": 8.72,
          "end": 8.86,
          "confidence": 0.266
        },
        {
          "text": "と",
          "start": 8.86,
          "end": 9.0,
          "confidence": 0.993
        },
        {
          "text": "に",
          "start": 9.0,
          "end": 9.16,
          "confidence": 0.967
        },
        {
          "text": " ",
          "start": 9.16,
          "end": 9.36,
          "confidence": 0.111
        },
        {
          "text": "別",
          "start": 9.36,
          "end": 9.42,
          "confidence": 0.559
        },
        {
          "text": "再",
          "start": 9.42,
          "end": 9.58,
          "confidence": 0.343
        },
        {
          "text": "度",
          "start": 9.58,
          "end": 9.74,
          "confidence": 0.346
        },
        {
          "text": "と",
          "start": 9.74,
          "end": 9.92,
          "confidence": 0.893
        },
        {
          "text": "して",
          "start": 9.92,
          "end": 10.42,
          "confidence": 0.998
        },
        {
          "text": "管",
          "start": 10.42,
          "end": 10.86,
          "confidence": 0.431
        },
        {
          "text": "理",
          "start": 10.86,
          "end": 11.08,
          "confidence": 1.0
        },
        {
          "text": "上",
          "start": 11.08,
          "end": 11.38,
          "confidence": 0.499
        },
        {
          "text": "を",
          "start": 11.38,
          "end": 11.56,
          "confidence": 0.986
        },
        {
          "text": "して",
          "start": 11.56,
          "end": 11.86,
          "confidence": 0.931
        },
        {
          "text": "いる",
          "start": 11.86,
          "end": 12.16,
          "confidence": 0.941
        },
        {
          "text": "サ",
          "start": 12.16,
          "end": 12.52,
          "confidence": 0.073
        },
        {
          "text": "イ",
          "start": 12.52,
          "end": 12.6,
          "confidence": 0.984
        },
        {
          "text": "ト",
          "start": 12.6,
          "end": 12.7,
          "confidence": 0.976
        },
        {
          "text": "バ",
          "start": 12.7,
          "end": 12.82,
          "confidence": 0.344
        },
        {
          "text": "リ",
          "start": 12.82,
          "end": 12.96,
          "confidence": 0.378
        },
        {
          "text": "マ",
          "start": 12.96,
          "end": 13.12,
          "confidence": 0.217
        },
        {
          "text": "ス",
          "start": 13.12,
          "end": 13.2,
          "confidence": 0.843
        },
        {
          "text": "の",
          "start": 13.2,
          "end": 13.5,
          "confidence": 0.701
        }
      ]
    },
    {
      "id": 2,
      "seek": 0,
      "start": 13.68,
      "end": 20.74,
      "text": "サプテレクトリーごとにわけたサイトは それぞれ パブリシャーセンターに登録していくぐるニュース上では",
      "tokens": [
        23607,
        20953,
        22985,
        16680,
        10825,
        7588,
        12376,
        3384,
        9991,
        3193,
        4108,
        9206,
        7625,
        3368,
        23607,
        8040,
        7588,
        3065,
        47765,
        31563,
        4132,
        15096,
        239,
        28889,
        12376,
        11054,
        17233,
        3384,
        31223,
        4824,
        30736,
        4108,
        46246,
        8822,
        49394,
        35849,
        4895,
        34737,
        26167,
        3384,
        9550,
        5708,
        16719
      ],
      "temperature": 0.0,
      "avg_logprob": -0.4397886953046245,
      "compression_ratio": 1.6122448979591837,
      "no_speech_prob": 0.18977823853492737,
      "confidence": 0.618,
      "words": [
        {
          "text": "サ",
          "start": 13.68,
          "end": 14.24,
          "confidence": 0.444
        },
        {
          "text": "プ",
          "start": 14.24,
          "end": 14.32,
          "confidence": 0.609
        },
        {
          "text": "テ",
          "start": 14.32,
          "end": 14.42,
          "confidence": 0.676
        },
        {
          "text": "レ",
          "start": 14.42,
          "end": 14.58,
          "confidence": 0.808
        },
        {
          "text": "ク",
          "start": 14.58,
          "end": 14.66,
          "confidence": 0.371
        },
        {
          "text": "ト",
          "start": 14.66,
          "end": 14.8,
          "confidence": 0.975
        },
        {
          "text": "リ",
          "start": 14.8,
          "end": 14.94,
          "confidence": 0.88
        },
        {
          "text": "ー",
          "start": 14.94,
          "end": 15.04,
          "confidence": 0.919
        },
        {
          "text": "ご",
          "start": 15.04,
          "end": 15.1,
          "confidence": 0.016
        },
        {
          "text": "と",
          "start": 15.1,
          "end": 15.38,
          "confidence": 0.991
        },
        {
          "text": "に",
          "start": 15.38,
          "end": 15.86,
          "confidence": 0.443
        },
        {
          "text": "わ",
          "start": 15.86,
          "end": 16.02,
          "confidence": 0.767
        },
        {
          "text": "け",
          "start": 16.02,
          "end": 16.16,
          "confidence": 0.989
        },
        {
          "text": "た",
          "start": 16.16,
          "end": 16.28,
          "confidence": 0.944
        },
        {
          "text": "サ",
          "start": 16.28,
          "end": 16.42,
          "confidence": 0.809
        },
        {
          "text": "イ",
          "start": 16.42,
          "end": 16.52,
          "confidence": 0.979
        },
        {
          "text": "ト",
          "start": 16.52,
          "end": 16.6,
          "confidence": 0.898
        },
        {
          "text": "は",
          "start": 16.6,
          "end": 17.1,
          "confidence": 0.973
        },
        {
          "text": " それ",
          "start": 17.1,
          "end": 17.46,
          "confidence": 0.106
        },
        {
          "text": "ぞ",
          "start": 17.46,
          "end": 17.62,
          "confidence": 0.867
        },
        {
          "text": "れ",
          "start": 17.62,
          "end": 17.74,
          "confidence": 0.996
        },
        {
          "text": " パ",
          "start": 17.74,
          "end": 17.88,
          "confidence": 0.169
        },
        {
          "text": "ブ",
          "start": 17.88,
          "end": 17.94,
          "confidence": 0.951
        },
        {
          "text": "リ",
          "start": 17.94,
          "end": 18.06,
          "confidence": 0.991
        },
        {
          "text": "シ",
          "start": 18.06,
          "end": 18.18,
          "confidence": 0.721
        },
        {
          "text": "ャ",
          "start": 18.18,
          "end": 18.26,
          "confidence": 0.836
        },
        {
          "text": "ー",
          "start": 18.26,
          "end": 18.42,
          "confidence": 0.813
        },
        {
          "text": "セ",
          "start": 18.42,
          "end": 18.46,
          "confidence": 0.682
        },
        {
          "text": "ン",
          "start": 18.46,
          "end": 18.52,
          "confidence": 0.848
        },
        {
          "text": "ター",
          "start": 18.52,
          "end": 18.62,
          "confidence": 0.998
        },
        {
          "text": "に",
          "start": 18.62,
          "end": 18.76,
          "confidence": 0.868
        },
        {
          "text": "登録",
          "start": 18.76,
          "end": 19.14,
          "confidence": 0.895
        },
        {
          "text": "して",
          "start": 19.14,
          "end": 19.38,
          "confidence": 0.798
        },
        {
          "text": "いく",
          "start": 19.38,
          "end": 19.64,
          "confidence": 0.879
        },
        {
          "text": "ぐ",
          "start": 19.64,
          "end": 19.8,
          "confidence": 0.177
        },
        {
          "text": "る",
          "start": 19.8,
          "end": 19.9,
          "confidence": 0.835
        },
        {
          "text": "ニ",
          "start": 19.9,
          "end": 20.02,
          "confidence": 0.639
        },
        {
          "text": "ュ",
          "start": 20.02,
          "end": 20.14,
          "confidence": 0.997
        },
        {
          "text": "ー",
          "start": 20.14,
          "end": 20.18,
          "confidence": 0.989
        },
        {
          "text": "ス",
          "start": 20.18,
          "end": 20.24,
          "confidence": 0.984
        },
        {
          "text": "上",
          "start": 20.24,
          "end": 20.42,
          "confidence": 0.27
        },
        {
          "text": "では",
          "start": 20.42,
          "end": 20.74,
          "confidence": 0.777
        }
      ]
    },
    {
      "id": 3,
      "seek": 2088,
      "start": 20.9,
      "end": 27.02,
      "text": "サイトとして認識され パブリコンアイコンはサイトボトフのものが 正しく標準されます",
      "tokens": [
        23607,
        8040,
        7588,
        3193,
        8822,
        22041,
        43143,
        6722,
        4132,
        15096,
        239,
        28889,
        12376,
        18066,
        4824,
        12817,
        8040,
        18066,
        4824,
        3065,
        23607,
        8040,
        7588,
        37626,
        7588,
        17320,
        2972,
        44726,
        5142,
        220,
        15789,
        26568,
        46299,
        28220,
        6722,
        4132,
        5368
      ],
      "temperature": 0.0,
      "avg_logprob": -0.3731720664284446,
      "compression_ratio": 1.6896551724137931,
      "no_speech_prob": 0.0019870297983288765,
      "confidence": 0.379,
      "words": [
        {
          "text": "サ",
          "start": 20.9,
          "end": 21.26,
          "confidence": 0.002
        },
        {
          "text": "イ",
          "start": 21.26,
          "end": 21.34,
          "confidence": 0.944
        },
        {
          "text": "ト",
          "start": 21.34,
          "end": 21.46,
          "confidence": 0.349
        },
        {
          "text": "と",
          "start": 21.46,
          "end": 21.58,
          "confidence": 0.849
        },
        {
          "text": "して",
          "start": 21.58,
          "end": 21.82,
          "confidence": 0.982
        },
        {
          "text": "認",
          "start": 21.82,
          "end": 22.1,
          "confidence": 0.14
        },
        {
          "text": "識",
          "start": 22.1,
          "end": 22.22,
          "confidence": 0.983
        },
        {
          "text": "さ",
          "start": 22.22,
          "end": 22.34,
          "confidence": 0.984
        },
        {
          "text": "れ",
          "start": 22.34,
          "end": 22.64,
          "confidence": 0.95
        },
        {
          "text": " パ",
          "start": 22.64,
          "end": 22.88,
          "confidence": 0.167
        },
        {
          "text": "ブ",
          "start": 22.88,
          "end": 23.0,
          "confidence": 0.054
        },
        {
          "text": "リ",
          "start": 23.0,
          "end": 23.2,
          "confidence": 0.007
        },
        {
          "text": "コ",
          "start": 23.2,
          "end": 23.24,
          "confidence": 0.796
        },
        {
          "text": "ン",
          "start": 23.24,
          "end": 23.3,
          "confidence": 0.897
        },
        {
          "text": "ア",
          "start": 23.3,
          "end": 23.46,
          "confidence": 0.112
        },
        {
          "text": "イ",
          "start": 23.46,
          "end": 23.52,
          "confidence": 0.96
        },
        {
          "text": "コ",
          "start": 23.52,
          "end": 23.66,
          "confidence": 0.28
        },
        {
          "text": "ン",
          "start": 23.66,
          "end": 23.86,
          "confidence": 0.89
        },
        {
          "text": "は",
          "start": 23.86,
          "end": 23.9,
          "confidence": 0.839
        },
        {
          "text": "サ",
          "start": 23.9,
          "end": 24.06,
          "confidence": 0.644
        },
        {
          "text": "イ",
          "start": 24.06,
          "end": 24.16,
          "confidence": 0.997
        },
        {
          "text": "ト",
          "start": 24.16,
          "end": 24.24,
          "confidence": 0.989
        },
        {
          "text": "ボ",
          "start": 24.24,
          "end": 24.38,
          "confidence": 0.626
        },
        {
          "text": "ト",
          "start": 24.38,
          "end": 24.52,
          "confidence": 0.854
        },
        {
          "text": "フ",
          "start": 24.52,
          "end": 24.68,
          "confidence": 0.036
        },
        {
          "text": "の",
          "start": 24.68,
          "end": 24.72,
          "confidence": 0.611
        },
        {
          "text": "もの",
          "start": 24.72,
          "end": 24.92,
          "confidence": 0.496
        },
        {
          "text": "が",
          "start": 24.92,
          "end": 25.1,
          "confidence": 0.344
        },
        {
          "text": " ",
          "start": 25.1,
          "end": 25.32,
          "confidence": 0.273
        },
        {
          "text": "正",
          "start": 25.32,
          "end": 25.42,
          "confidence": 0.65
        },
        {
          "text": "しく",
          "start": 25.42,
          "end": 25.66,
          "confidence": 0.982
        },
        {
          "text": "標",
          "start": 25.66,
          "end": 25.92,
          "confidence": 0.116
        },
        {
          "text": "準",
          "start": 25.92,
          "end": 26.1,
          "confidence": 0.823
        },
        {
          "text": "さ",
          "start": 26.1,
          "end": 26.28,
          "confidence": 0.981
        },
        {
          "text": "れ",
          "start": 26.28,
          "end": 26.56,
          "confidence": 0.984
        },
        {
          "text": "ます",
          "start": 26.56,
          "end": 27.02,
          "confidence": 0.903
        }
      ]
    },
    {
      "id": 4,
      "seek": 2088,
      "start": 27.28,
      "end": 33.84,
      "text": "しかし ルグル検査結果のニュースタブでは パブリコンサイトメイショー機ともに 正しくない以上時にいいなります",
      "tokens": [
        32156,
        2849,
        220,
        9405,
        23839,
        9405,
        38739,
        250,
        17238,
        119,
        35181,
        2972,
        34737,
        26167,
        3384,
        9550,
        12144,
        28889,
        16719,
        15096,
        239,
        28889,
        12376,
        18066,
        4824,
        23607,
        8040,
        7588,
        21647,
        8040,
        43891,
        3384,
        17543,
        3193,
        4801,
        4108,
        220,
        15789,
        26568,
        9311,
        29497,
        6611,
        4108,
        13806,
        3203,
        19420
      ],
      "temperature": 0.0,
      "avg_logprob": -0.3731720664284446,
      "compression_ratio": 1.6896551724137931,
      "no_speech_prob": 0.0019870297983288765,
      "confidence": 0.488,
      "words": [
        {
          "text": "しか",
          "start": 27.28,
          "end": 27.58,
          "confidence": 0.896
        },
        {
          "text": "し",
          "start": 27.58,
          "end": 27.74,
          "confidence": 0.991
        },
        {
          "text": " ",
          "start": 27.74,
          "end": 27.88,
          "confidence": 0.067
        },
        {
          "text": "ル",
          "start": 27.88,
          "end": 27.92,
          "confidence": 0.258
        },
        {
          "text": "グ",
          "start": 27.92,
          "end": 28.02,
          "confidence": 0.54
        },
        {
          "text": "ル",
          "start": 28.02,
          "end": 28.14,
          "confidence": 0.989
        },
        {
          "text": "検",
          "start": 28.14,
          "end": 28.32,
          "confidence": 0.547
        },
        {
          "text": "査",
          "start": 28.32,
          "end": 28.46,
          "confidence": 0.739
        },
        {
          "text": "結果",
          "start": 28.46,
          "end": 28.72,
          "confidence": 0.975
        },
        {
          "text": "の",
          "start": 28.72,
          "end": 28.94,
          "confidence": 0.958
        },
        {
          "text": "ニ",
          "start": 28.94,
          "end": 29.06,
          "confidence": 0.786
        },
        {
          "text": "ュ",
          "start": 29.06,
          "end": 29.14,
          "confidence": 0.995
        },
        {
          "text": "ー",
          "start": 29.14,
          "end": 29.22,
          "confidence": 0.978
        },
        {
          "text": "ス",
          "start": 29.22,
          "end": 29.26,
          "confidence": 0.971
        },
        {
          "text": "タ",
          "start": 29.26,
          "end": 29.36,
          "confidence": 0.823
        },
        {
          "text": "ブ",
          "start": 29.36,
          "end": 29.44,
          "confidence": 0.695
        },
        {
          "text": "では",
          "start": 29.44,
          "end": 29.68,
          "confidence": 0.943
        },
        {
          "text": " パ",
          "start": 29.68,
          "end": 30.04,
          "confidence": 0.139
        },
        {
          "text": "ブ",
          "start": 30.04,
          "end": 30.16,
          "confidence": 0.047
        },
        {
          "text": "リ",
          "start": 30.16,
          "end": 30.34,
          "confidence": 0.023
        },
        {
          "text": "コ",
          "start": 30.34,
          "end": 30.38,
          "confidence": 0.889
        },
        {
          "text": "ン",
          "start": 30.38,
          "end": 30.42,
          "confidence": 0.922
        },
        {
          "text": "サ",
          "start": 30.42,
          "end": 30.54,
          "confidence": 0.432
        },
        {
          "text": "イ",
          "start": 30.54,
          "end": 30.64,
          "confidence": 0.977
        },
        {
          "text": "ト",
          "start": 30.64,
          "end": 30.74,
          "confidence": 0.957
        },
        {
          "text": "メ",
          "start": 30.74,
          "end": 30.86,
          "confidence": 0.267
        },
        {
          "text": "イ",
          "start": 30.86,
          "end": 30.92,
          "confidence": 0.659
        },
        {
          "text": "ショ",
          "start": 30.92,
          "end": 31.04,
          "confidence": 0.4
        },
        {
          "text": "ー",
          "start": 31.04,
          "end": 31.08,
          "confidence": 0.632
        },
        {
          "text": "機",
          "start": 31.08,
          "end": 31.24,
          "confidence": 0.141
        },
        {
          "text": "と",
          "start": 31.24,
          "end": 31.44,
          "confidence": 0.358
        },
        {
          "text": "も",
          "start": 31.44,
          "end": 31.56,
          "confidence": 0.814
        },
        {
          "text": "に",
          "start": 31.56,
          "end": 31.66,
          "confidence": 0.925
        },
        {
          "text": " ",
          "start": 31.66,
          "end": 31.82,
          "confidence": 0.443
        },
        {
          "text": "正",
          "start": 31.82,
          "end": 31.94,
          "confidence": 0.423
        },
        {
          "text": "しく",
          "start": 31.94,
          "end": 32.18,
          "confidence": 0.998
        },
        {
          "text": "ない",
          "start": 32.18,
          "end": 32.4,
          "confidence": 0.981
        },
        {
          "text": "以上",
          "start": 32.4,
          "end": 32.72,
          "confidence": 0.098
        },
        {
          "text": "時",
          "start": 32.72,
          "end": 32.98,
          "confidence": 0.095
        },
        {
          "text": "に",
          "start": 32.98,
          "end": 33.12,
          "confidence": 0.956
        },
        {
          "text": "いい",
          "start": 33.12,
          "end": 33.36,
          "confidence": 0.642
        },
        {
          "text": "な",
          "start": 33.36,
          "end": 33.5,
          "confidence": 0.835
        },
        {
          "text": "ります",
          "start": 33.5,
          "end": 33.84,
          "confidence": 0.92
        }
      ]
    },
    {
      "id": 5,
      "seek": 3408,
      "start": 34.06,
      "end": 40.38,
      "text": "ではありません パブリコンはサブデレクトリーごとに 設定した",
      "tokens": [
        50364,
        16719,
        14498,
        30250,
        15096,
        239,
        28889,
        12376,
        18066,
        4824,
        3065,
        23607,
        28889,
        31327,
        16680,
        10825,
        7588,
        12376,
        3384,
        9991,
        3193,
        4108,
        220,
        39035,
        12088,
        8533,
        50892
      ],
      "temperature": 0.0,
      "avg_logprob": -0.3611671243395124,
      "compression_ratio": 1.048780487804878,
      "no_speech_prob": 0.04666684567928314,
      "confidence": 0.36,
      "words": [
        {
          "text": "では",
          "start": 34.06,
          "end": 35.24,
          "confidence": 0.017
        },
        {
          "text": "あり",
          "start": 35.24,
          "end": 35.7,
          "confidence": 0.748
        },
        {
          "text": "ません",
          "start": 35.7,
          "end": 36.16,
          "confidence": 0.999
        },
        {
          "text": " パ",
          "start": 36.16,
          "end": 36.92,
          "confidence": 0.144
        },
        {
          "text": "ブ",
          "start": 36.92,
          "end": 37.02,
          "confidence": 0.014
        },
        {
          "text": "リ",
          "start": 37.02,
          "end": 37.18,
          "confidence": 0.235
        },
        {
          "text": "コ",
          "start": 37.18,
          "end": 37.22,
          "confidence": 0.939
        },
        {
          "text": "ン",
          "start": 37.22,
          "end": 37.8,
          "confidence": 0.739
        },
        {
          "text": "は",
          "start": 37.8,
          "end": 37.84,
          "confidence": 0.932
        },
        {
          "text": "サ",
          "start": 37.84,
          "end": 38.24,
          "confidence": 0.312
        },
        {
          "text": "ブ",
          "start": 38.24,
          "end": 38.32,
          "confidence": 0.981
        },
        {
          "text": "デ",
          "start": 38.32,
          "end": 38.44,
          "confidence": 0.457
        },
        {
          "text": "レ",
          "start": 38.44,
          "end": 38.56,
          "confidence": 0.21
        },
        {
          "text": "ク",
          "start": 38.56,
          "end": 38.66,
          "confidence": 0.457
        },
        {
          "text": "ト",
          "start": 38.66,
          "end": 38.78,
          "confidence": 0.717
        },
        {
          "text": "リ",
          "start": 38.78,
          "end": 38.92,
          "confidence": 0.987
        },
        {
          "text": "ー",
          "start": 38.92,
          "end": 38.98,
          "confidence": 0.617
        },
        {
          "text": "ご",
          "start": 38.98,
          "end": 39.08,
          "confidence": 0.035
        },
        {
          "text": "と",
          "start": 39.08,
          "end": 39.26,
          "confidence": 0.982
        },
        {
          "text": "に",
          "start": 39.26,
          "end": 39.58,
          "confidence": 0.959
        },
        {
          "text": " ",
          "start": 39.58,
          "end": 39.64,
          "confidence": 0.1
        },
        {
          "text": "設",
          "start": 39.64,
          "end": 39.84,
          "confidence": 0.881
        },
        {
          "text": "定",
          "start": 39.84,
          "end": 40.04,
          "confidence": 0.997
        },
        {
          "text": "した",
          "start": 40.04,
          "end": 40.38,
          "confidence": 0.884
        }
      ]
    }
  ],
  "language": "ja"
}