{
  "text": " Боже улыл! Таков уже на меня! Боже улыл! Эскому за меня!",
  "segments": [
    {
      "id": 0,
      "seek": 0,
      "start": 0.46,
      "end": 1.9,
      "text": " Боже улыл!",
      "tokens": [
        5697,
        9292,
        1595,
        30975,
        693,
        0
      ],
      "temperature": 0.0,
      "avg_logprob": -0.9448580490915399,
      "compression_ratio": 0.8166666666666667,
      "no_speech_prob": 0.042649365961551666,
      "confidence": 0.317,
      "words": [
        {
          "text": "Боже",
          "start": 0.46,
          "end": 0.86,
          "confidence": 0.423
        },
        {
          "text": "улыл!",
          "start": 0.86,
          "end": 1.9,
          "confidence": 0.261
        }
      ]
    },
    {
      "id": 1,
      "seek": 200,
      "start": 2.02,
      "end": 2.96,
      "text": " Таков уже на меня!",
      "tokens": [
        50364,
        8770,
        1055,
        7520,
        1470,
        6885,
        0,
        50464
      ],
      "temperature": 0.0,
      "avg_logprob": -1.272515508863661,
      "compression_ratio": 0.7441860465116279,
      "no_speech_prob": 0.12040600180625916,
      "confidence": 0.132,
      "words": [
        {
          "text": "Таков",
          "start": 2.02,
          "end": 2.34,
          "confidence": 0.124
        },
        {
          "text": "уже",
          "start": 2.34,
          "end": 2.46,
          "confidence": 0.235
        },
        {
          "text": "на",
          "start": 2.46,
          "end": 2.58,
          "confidence": 0.077
        },
        {
          "text": "меня!",
          "start": 2.58,
          "end": 2.96,
          "confidence": 0.144
        }
      ]
    },
    {
      "id": 2,
      "seek": 3200,
      "start": 32.98,
      "end": 33.96,
      "text": " Боже улыл!",
      "tokens": [
        5697,
        9292,
        1595,
        30975,
        693,
        0
      ],
      "temperature": 0.0,
      "avg_logprob": -0.8131243761848,
      "compression_ratio": 0.8363636363636363,
      "no_speech_prob": 0.6122337579727173,
      "confidence": 0.725,
      "words": [
        {
          "text": "Боже",
          "start": 32.98,
          "end": 33.42,
          "confidence": 0.6
        },
        {
          "text": "улыл!",
          "start": 33.42,
          "end": 33.96,
          "confidence": 0.823
        }
      ]
    },
    {
      "id": 3,
      "seek": 3400,
      "start": 34.42,
      "end": 35.38,
      "text": " Эскому за меня!",
      "tokens": [
        50364,
        5381,
        4218,
        4161,
        4396,
        6885,
        0,
        50464
      ],
      "temperature": 0.0,
      "avg_logprob": -1.0267661412556965,
      "compression_ratio": 0.7105263157894737,
      "no_speech_prob": 0.12534433603286743,
      "confidence": 0.187,
      "words": [
        {
          "text": "Эскому",
          "start": 34.42,
          "end": 34.86,
          "confidence": 0.276
        },
        {
          "text": "за",
          "start": 34.86,
          "end": 35.04,
          "confidence": 0.088
        },
        {
          "text": "меня!",
          "start": 35.04,
          "end": 35.38,
          "confidence": 0.123
        }
      ]
    }
  ],
  "language": "ru"
}