{
  "text": " Wie wieder zu dazu ist Meshfuchs von 1962 als Meshale für die außerordentliche Form des grullischen Rätos ist dann nicht so weitergegangen wie sich Papsbelle dick das gewünscht hatte. Das hat er als Meshale im Rätos.",
  "segments": [
    {
      "id": 0,
      "seek": 0,
      "start": 0.94,
      "end": 12.8,
      "text": " Wie wieder zu dazu ist Meshfuchs von 1962 als Meshale für die außerordentliche Form des grullischen Rätos ist dann nicht so weitergegangen wie sich Papsbelle dick das gewünscht hatte.",
      "tokens": [
        9233,
        6216,
        2164,
        13034,
        1418,
        376,
        14935,
        69,
        37503,
        2957,
        39498,
        3907,
        376,
        14935,
        1220,
        2959,
        978,
        39428,
        765,
        7698,
        68,
        10126,
        730,
        677,
        858,
        6282,
        497,
        3628,
        329,
        1418,
        3594,
        1979,
        370,
        8988,
        432,
        47152,
        3355,
        3041,
        430,
        2382,
        65,
        4434,
        18659,
        1482,
        6906,
        3412,
        82,
        4701,
        13299,
        13
      ],
      "temperature": 0.0,
      "avg_logprob": -0.6555206885704628,
      "compression_ratio": 1.2619047619047619,
      "no_speech_prob": 0.11066817492246628,
      "confidence": 0.541,
      "words": [
        {
          "text": "Wie",
          "start": 0.94,
          "end": 1.1,
          "confidence": 0.477
        },
        {
          "text": "wieder",
          "start": 1.1,
          "end": 1.4,
          "confidence": 0.901
        },
        {
          "text": "zu",
          "start": 1.4,
          "end": 1.6,
          "confidence": 0.249
        },
        {
          "text": "dazu",
          "start": 1.6,
          "end": 1.92,
          "confidence": 0.132
        },
        {
          "text": "ist",
          "start": 1.92,
          "end": 2.16,
          "confidence": 0.588
        },
        {
          "text": "Meshfuchs",
          "start": 2.16,
          "end": 2.74,
          "confidence": 0.332
        },
        {
          "text": "von",
          "start": 2.74,
          "end": 3.22,
          "confidence": 0.627
        },
        {
          "text": "1962",
          "start": 3.22,
          "end": 4.84,
          "confidence": 0.208
        },
        {
          "text": "als",
          "start": 4.84,
          "end": 5.24,
          "confidence": 0.885
        },
        {
          "text": "Meshale",
          "start": 5.24,
          "end": 5.8,
          "confidence": 0.385
        },
        {
          "text": "für",
          "start": 5.8,
          "end": 5.94,
          "confidence": 0.932
        },
        {
          "text": "die",
          "start": 5.94,
          "end": 6.08,
          "confidence": 0.972
        },
        {
          "text": "außerordentliche",
          "start": 6.08,
          "end": 7.06,
          "confidence": 0.899
        },
        {
          "text": "Form",
          "start": 7.06,
          "end": 7.4,
          "confidence": 0.657
        },
        {
          "text": "des",
          "start": 7.4,
          "end": 7.62,
          "confidence": 0.971
        },
        {
          "text": "grullischen",
          "start": 7.62,
          "end": 8.06,
          "confidence": 0.383
        },
        {
          "text": "Rätos",
          "start": 8.06,
          "end": 9.18,
          "confidence": 0.367
        },
        {
          "text": "ist",
          "start": 9.18,
          "end": 9.64,
          "confidence": 0.555
        },
        {
          "text": "dann",
          "start": 9.64,
          "end": 9.78,
          "confidence": 0.501
        },
        {
          "text": "nicht",
          "start": 9.78,
          "end": 9.96,
          "confidence": 0.937
        },
        {
          "text": "so",
          "start": 9.96,
          "end": 10.12,
          "confidence": 0.953
        },
        {
          "text": "weitergegangen",
          "start": 10.12,
          "end": 10.9,
          "confidence": 0.739
        },
        {
          "text": "wie",
          "start": 10.9,
          "end": 11.06,
          "confidence": 0.703
        },
        {
          "text": "sich",
          "start": 11.06,
          "end": 11.26,
          "confidence": 0.939
        },
        {
          "text": "Papsbelle",
          "start": 11.26,
          "end": 11.7,
          "confidence": 0.355
        },
        {
          "text": "dick",
          "start": 11.7,
          "end": 11.9,
          "confidence": 0.317
        },
        {
          "text": "das",
          "start": 11.9,
          "end": 12.1,
          "confidence": 0.844
        },
        {
          "text": "gewünscht",
          "start": 12.1,
          "end": 12.58,
          "confidence": 0.818
        },
        {
          "text": "hatte.",
          "start": 12.58,
          "end": 12.8,
          "confidence": 0.923
        }
      ]
    },
    {
      "id": 1,
      "seek": 1300,
      "start": 14.0,
      "end": 15.22,
      "text": " Das hat er als Meshale im Rätos.",
      "tokens": [
        50364,
        2846,
        2385,
        1189,
        3907,
        376,
        14935,
        1220,
        566,
        497,
        3628,
        329,
        13,
        51314
      ],
      "temperature": 0.0,
      "avg_logprob": -0.946759033203125,
      "compression_ratio": 0.8048780487804879,
      "no_speech_prob": 0.04456862807273865,
      "confidence": 0.383,
      "words": [
        {
          "text": "Das",
          "start": 14.0,
          "end": 14.2,
          "confidence": 0.841
        },
        {
          "text": "hat",
          "start": 14.2,
          "end": 14.4,
          "confidence": 0.877
        },
        {
          "text": "er",
          "start": 14.4,
          "end": 14.56,
          "confidence": 0.606
        },
        {
          "text": "als",
          "start": 14.56,
          "end": 14.72,
          "confidence": 0.627
        },
        {
          "text": "Meshale",
          "start": 14.72,
          "end": 15.1,
          "confidence": 0.209
        },
        {
          "text": "im",
          "start": 15.1,
          "end": 15.14,
          "confidence": 0.1
        },
        {
          "text": "Rätos.",
          "start": 15.14,
          "end": 15.22,
          "confidence": 0.467
        }
      ]
    }
  ],
  "language": "de"
}