{
  "text": "いきます 入室タブでの最図免証記が実際と違う県に関するご質問いただいております同じ度面でデレクトリーごとに 別再度として管理上をしている際と針ます サプテレクトリーごとにわけたサイトはそれぞれ パブリシャーセンターに登録していくグルニュース上では 別再度として認識され パンコン愛行は最図ボトウのものが正しく表示されますしかし グルニュースタブでは バブコン最図免証記ともに正しくない以上 時にいいなります こちらいたしても ではありませんサプテレクトリーごとに設定した",
  "segments": [
    {
      "id": 0,
      "seek": 0,
      "start": 0.08,
      "end": 6.62,
      "text": "いきます 入室タブでの最図免証記が実際と違う県に関するご質問いただいております",
      "tokens": [
        47348,
        220,
        14028,
        2415,
        97,
        12144,
        28889,
        2474,
        2972,
        8661,
        3919,
        111,
        2347,
        235,
        5396,
        120,
        16958,
        5142,
        33197,
        34837,
        3193,
        49806,
        2862,
        234,
        4108,
        5196,
        95,
        22570,
        9991,
        43450,
        11361,
        32418,
        18549,
        6117,
        19420
      ],
      "temperature": 0.0,
      "avg_logprob": -0.5722547258649554,
      "compression_ratio": 1.5972696245733788,
      "no_speech_prob": 0.19216258823871613,
      "confidence": 0.55,
      "words": [
        {
          "text": "いきます",
          "start": 0.08,
          "end": 0.62,
          "confidence": 0.155
        },
        {
          "text": " ",
          "start": 0.62,
          "end": 1.18,
          "confidence": 0.304
        },
        {
          "text": "入",
          "start": 1.18,
          "end": 1.38,
          "confidence": 0.442
        },
        {
          "text": "室",
          "start": 1.38,
          "end": 1.54,
          "confidence": 0.498
        },
        {
          "text": "タ",
          "start": 1.54,
          "end": 1.7,
          "confidence": 0.198
        },
        {
          "text": "ブ",
          "start": 1.7,
          "end": 1.78,
          "confidence": 0.838
        },
        {
          "text": "で",
          "start": 1.78,
          "end": 2.0,
          "confidence": 0.948
        },
        {
          "text": "の",
          "start": 2.0,
          "end": 2.22,
          "confidence": 0.904
        },
        {
          "text": "最",
          "start": 2.22,
          "end": 2.64,
          "confidence": 0.278
        },
        {
          "text": "図",
          "start": 2.64,
          "end": 2.8,
          "confidence": 0.346
        },
        {
          "text": "免",
          "start": 2.8,
          "end": 2.98,
          "confidence": 0.647
        },
        {
          "text": "証",
          "start": 2.98,
          "end": 3.2,
          "confidence": 0.283
        },
        {
          "text": "記",
          "start": 3.2,
          "end": 3.32,
          "confidence": 0.3
        },
        {
          "text": "が",
          "start": 3.32,
          "end": 3.5,
          "confidence": 0.976
        },
        {
          "text": "実",
          "start": 3.5,
          "end": 3.76,
          "confidence": 0.339
        },
        {
          "text": "際",
          "start": 3.76,
          "end": 3.92,
          "confidence": 0.975
        },
        {
          "text": "と",
          "start": 3.92,
          "end": 4.08,
          "confidence": 0.91
        },
        {
          "text": "違う",
          "start": 4.08,
          "end": 4.4,
          "confidence": 0.803
        },
        {
          "text": "県",
          "start": 4.4,
          "end": 4.62,
          "confidence": 0.402
        },
        {
          "text": "に",
          "start": 4.62,
          "end": 4.74,
          "confidence": 0.988
        },
        {
          "text": "関",
          "start": 4.74,
          "end": 4.94,
          "confidence": 0.542
        },
        {
          "text": "する",
          "start": 4.94,
          "end": 5.14,
          "confidence": 0.947
        },
        {
          "text": "ご",
          "start": 5.14,
          "end": 5.3,
          "confidence": 0.499
        },
        {
          "text": "質",
          "start": 5.3,
          "end": 5.48,
          "confidence": 0.943
        },
        {
          "text": "問",
          "start": 5.48,
          "end": 5.62,
          "confidence": 0.99
        },
        {
          "text": "いただ",
          "start": 5.62,
          "end": 5.94,
          "confidence": 0.924
        },
        {
          "text": "いて",
          "start": 5.94,
          "end": 6.16,
          "confidence": 0.982
        },
        {
          "text": "お",
          "start": 6.16,
          "end": 6.28,
          "confidence": 0.791
        },
        {
          "text": "ります",
          "start": 6.28,
          "end": 6.62,
          "confidence": 0.975
        }
      ]
    },
    {
      "id": 1,
      "seek": 0,
      "start": 6.94,
      "end": 12.92,
      "text": "同じ度面でデレクトリーごとに 別再度として管理上をしている際と針",
      "tokens": [
        13089,
        9257,
        13127,
        8833,
        2474,
        31327,
        16680,
        10825,
        7588,
        12376,
        3384,
        9991,
        3193,
        4108,
        220,
        16158,
        8623,
        13127,
        3193,
        8822,
        23131,
        13876,
        5708,
        5998,
        8822,
        22979,
        34837,
        3193,
        5873,
        251
      ],
      "temperature": 0.0,
      "avg_logprob": -0.5722547258649554,
      "compression_ratio": 1.5972696245733788,
      "no_speech_prob": 0.19216258823871613,
      "confidence": 0.524,
      "words": [
        {
          "text": "同",
          "start": 6.94,
          "end": 7.32,
          "confidence": 0.83
        },
        {
          "text": "じ",
          "start": 7.32,
          "end": 7.42,
          "confidence": 0.232
        },
        {
          "text": "度",
          "start": 7.42,
          "end": 7.6,
          "confidence": 0.136
        },
        {
          "text": "面",
          "start": 7.6,
          "end": 7.76,
          "confidence": 0.3
        },
        {
          "text": "で",
          "start": 7.76,
          "end": 8.0,
          "confidence": 0.57
        },
        {
          "text": "デ",
          "start": 8.0,
          "end": 8.18,
          "confidence": 0.509
        },
        {
          "text": "レ",
          "start": 8.18,
          "end": 8.28,
          "confidence": 0.479
        },
        {
          "text": "ク",
          "start": 8.28,
          "end": 8.38,
          "confidence": 0.98
        },
        {
          "text": "ト",
          "start": 8.38,
          "end": 8.5,
          "confidence": 0.984
        },
        {
          "text": "リ",
          "start": 8.5,
          "end": 8.62,
          "confidence": 0.967
        },
        {
          "text": "ー",
          "start": 8.62,
          "end": 8.72,
          "confidence": 0.643
        },
        {
          "text": "ご",
          "start": 8.72,
          "end": 8.86,
          "confidence": 0.228
        },
        {
          "text": "と",
          "start": 8.86,
          "end": 8.98,
          "confidence": 0.988
        },
        {
          "text": "に",
          "start": 8.98,
          "end": 9.16,
          "confidence": 0.988
        },
        {
          "text": " ",
          "start": 9.16,
          "end": 9.4,
          "confidence": 0.263
        },
        {
          "text": "別",
          "start": 9.4,
          "end": 9.44,
          "confidence": 0.399
        },
        {
          "text": "再",
          "start": 9.44,
          "end": 9.58,
          "confidence": 0.427
        },
        {
          "text": "度",
          "start": 9.58,
          "end": 9.74,
          "confidence": 0.326
        },
        {
          "text": "と",
          "start": 9.74,
          "end": 9.92,
          "confidence": 0.884
        },
        {
          "text": "して",
          "start": 9.92,
          "end": 10.3,
          "confidence": 0.998
        },
        {
          "text": "管",
          "start": 10.3,
          "end": 10.9,
          "confidence": 0.823
        },
        {
          "text": "理",
          "start": 10.9,
          "end": 11.06,
          "confidence": 1.0
        },
        {
          "text": "上",
          "start": 11.06,
          "end": 11.4,
          "confidence": 0.469
        },
        {
          "text": "を",
          "start": 11.4,
          "end": 11.54,
          "confidence": 0.966
        },
        {
          "text": "して",
          "start": 11.54,
          "end": 11.86,
          "confidence": 0.916
        },
        {
          "text": "いる",
          "start": 11.86,
          "end": 12.16,
          "confidence": 0.978
        },
        {
          "text": "際",
          "start": 12.16,
          "end": 12.56,
          "confidence": 0.122
        },
        {
          "text": "と",
          "start": 12.56,
          "end": 12.72,
          "confidence": 0.71
        },
        {
          "text": "針",
          "start": 12.72,
          "end": 12.92,
          "confidence": 0.265
        }
      ]
    },
    {
      "id": 2,
      "seek": 0,
      "start": 12.92,
      "end": 19.57,
      "text": "ます サプテレクトリーごとにわけたサイトはそれぞれ パブリシャーセンターに登録していく",
      "tokens": [
        5368,
        220,
        23607,
        20953,
        22985,
        16680,
        10825,
        7588,
        12376,
        3384,
        9991,
        3193,
        4108,
        9206,
        7625,
        3368,
        23607,
        8040,
        7588,
        3065,
        13873,
        31563,
        4132,
        15096,
        239,
        28889,
        12376,
        11054,
        17233,
        3384,
        31223,
        4824,
        30736,
        4108,
        46246,
        8822,
        49394
      ],
      "temperature": 0.0,
      "avg_logprob": -0.5722547258649554,
      "compression_ratio": 1.5972696245733788,
      "no_speech_prob": 0.19216258823871613,
      "confidence": 0.717,
      "words": [
        {
          "text": "ます",
          "start": 12.92,
          "end": 13.26,
          "confidence": 0.347
        },
        {
          "text": " ",
          "start": 13.26,
          "end": 14.1,
          "confidence": 0.342
        },
        {
          "text": "サ",
          "start": 14.1,
          "end": 14.24,
          "confidence": 0.552
        },
        {
          "text": "プ",
          "start": 14.24,
          "end": 14.34,
          "confidence": 0.784
        },
        {
          "text": "テ",
          "start": 14.34,
          "end": 14.42,
          "confidence": 0.623
        },
        {
          "text": "レ",
          "start": 14.42,
          "end": 14.58,
          "confidence": 0.866
        },
        {
          "text": "ク",
          "start": 14.58,
          "end": 14.7,
          "confidence": 0.996
        },
        {
          "text": "ト",
          "start": 14.7,
          "end": 14.8,
          "confidence": 0.999
        },
        {
          "text": "リ",
          "start": 14.8,
          "end": 14.94,
          "confidence": 0.996
        },
        {
          "text": "ー",
          "start": 14.94,
          "end": 15.04,
          "confidence": 0.996
        },
        {
          "text": "ご",
          "start": 15.04,
          "end": 15.1,
          "confidence": 0.965
        },
        {
          "text": "と",
          "start": 15.1,
          "end": 15.38,
          "confidence": 0.998
        },
        {
          "text": "に",
          "start": 15.38,
          "end": 15.86,
          "confidence": 0.624
        },
        {
          "text": "わ",
          "start": 15.86,
          "end": 16.02,
          "confidence": 0.734
        },
        {
          "text": "け",
          "start": 16.02,
          "end": 16.16,
          "confidence": 0.992
        },
        {
          "text": "た",
          "start": 16.16,
          "end": 16.28,
          "confidence": 0.882
        },
        {
          "text": "サ",
          "start": 16.28,
          "end": 16.42,
          "confidence": 0.304
        },
        {
          "text": "イ",
          "start": 16.42,
          "end": 16.52,
          "confidence": 0.976
        },
        {
          "text": "ト",
          "start": 16.52,
          "end": 16.6,
          "confidence": 0.932
        },
        {
          "text": "は",
          "start": 16.6,
          "end": 17.1,
          "confidence": 0.894
        },
        {
          "text": "それ",
          "start": 17.1,
          "end": 17.46,
          "confidence": 0.476
        },
        {
          "text": "ぞ",
          "start": 17.46,
          "end": 17.66,
          "confidence": 0.92
        },
        {
          "text": "れ",
          "start": 17.66,
          "end": 17.72,
          "confidence": 0.998
        },
        {
          "text": " パ",
          "start": 17.72,
          "end": 17.86,
          "confidence": 0.508
        },
        {
          "text": "ブ",
          "start": 17.86,
          "end": 17.96,
          "confidence": 0.961
        },
        {
          "text": "リ",
          "start": 17.96,
          "end": 18.06,
          "confidence": 0.988
        },
        {
          "text": "シ",
          "start": 18.06,
          "end": 18.2,
          "confidence": 0.545
        },
        {
          "text": "ャ",
          "start": 18.2,
          "end": 18.28,
          "confidence": 0.914
        },
        {
          "text": "ー",
          "start": 18.28,
          "end": 18.42,
          "confidence": 0.552
        },
        {
          "text": "セ",
          "start": 18.42,
          "end": 18.46,
          "confidence": 0.369
        },
        {
          "text": "ン",
          "start": 18.46,
          "end": 18.5,
          "confidence": 0.915
        },
        {
          "text": "ター",
          "start": 18.5,
          "end": 18.62,
          "confidence": 0.996
        },
        {
          "text": "に",
          "start": 18.62,
          "end": 18.76,
          "confidence": 0.708
        },
        {
          "text": "登録",
          "start": 18.76,
          "end": 19.12,
          "confidence": 0.673
        },
        {
          "text": "して",
          "start": 19.12,
          "end": 19.38,
          "confidence": 0.442
        },
        {
          "text": "いく",
          "start": 19.38,
          "end": 19.57,
          "confidence": 0.811
        }
      ]
    },
    {
      "id": 3,
      "seek": 0,
      "start": 19.57,
      "end": 27.08,
      "text": "グルニュース上では 別再度として認識され パンコン愛行は最図ボトウのものが正しく表示されます",
      "tokens": [
        23839,
        9405,
        34737,
        26167,
        3384,
        9550,
        5708,
        16719,
        220,
        16158,
        8623,
        13127,
        3193,
        8822,
        22041,
        43143,
        6722,
        4132,
        220,
        23268,
        1047,
        111,
        18066,
        4824,
        15157,
        8082,
        3065,
        8661,
        3919,
        111,
        37626,
        7588,
        20745,
        2972,
        44726,
        5142,
        15789,
        26568,
        40053,
        6722,
        4132,
        5368
      ],
      "temperature": 0.0,
      "avg_logprob": -0.5722547258649554,
      "compression_ratio": 1.5972696245733788,
      "no_speech_prob": 0.19216258823871613,
      "confidence": 0.545,
      "words": [
        {
          "text": "グ",
          "start": 19.57,
          "end": 19.8,
          "confidence": 0.7
        },
        {
          "text": "ル",
          "start": 19.8,
          "end": 19.88,
          "confidence": 0.976
        },
        {
          "text": "ニ",
          "start": 19.88,
          "end": 20.02,
          "confidence": 0.899
        },
        {
          "text": "ュ",
          "start": 20.02,
          "end": 20.14,
          "confidence": 0.996
        },
        {
          "text": "ー",
          "start": 20.14,
          "end": 20.18,
          "confidence": 0.994
        },
        {
          "text": "ス",
          "start": 20.18,
          "end": 20.24,
          "confidence": 0.959
        },
        {
          "text": "上",
          "start": 20.24,
          "end": 20.42,
          "confidence": 0.312
        },
        {
          "text": "では",
          "start": 20.42,
          "end": 20.84,
          "confidence": 0.786
        },
        {
          "text": " ",
          "start": 20.84,
          "end": 21.1,
          "confidence": 0.59
        },
        {
          "text": "別",
          "start": 21.1,
          "end": 21.16,
          "confidence": 0.296
        },
        {
          "text": "再",
          "start": 21.16,
          "end": 21.36,
          "confidence": 0.838
        },
        {
          "text": "度",
          "start": 21.36,
          "end": 21.46,
          "confidence": 1.0
        },
        {
          "text": "と",
          "start": 21.46,
          "end": 21.64,
          "confidence": 0.991
        },
        {
          "text": "して",
          "start": 21.64,
          "end": 21.82,
          "confidence": 0.994
        },
        {
          "text": "認",
          "start": 21.82,
          "end": 22.04,
          "confidence": 0.497
        },
        {
          "text": "識",
          "start": 22.04,
          "end": 22.2,
          "confidence": 0.99
        },
        {
          "text": "さ",
          "start": 22.2,
          "end": 22.36,
          "confidence": 0.994
        },
        {
          "text": "れ",
          "start": 22.36,
          "end": 22.7,
          "confidence": 0.959
        },
        {
          "text": " ",
          "start": 22.7,
          "end": 22.9,
          "confidence": 0.203
        },
        {
          "text": "パ",
          "start": 22.9,
          "end": 22.94,
          "confidence": 0.039
        },
        {
          "text": "ン",
          "start": 22.94,
          "end": 23.0,
          "confidence": 0.333
        },
        {
          "text": "コ",
          "start": 23.0,
          "end": 23.26,
          "confidence": 0.919
        },
        {
          "text": "ン",
          "start": 23.26,
          "end": 23.4,
          "confidence": 0.809
        },
        {
          "text": "愛",
          "start": 23.4,
          "end": 23.48,
          "confidence": 0.241
        },
        {
          "text": "行",
          "start": 23.48,
          "end": 23.64,
          "confidence": 0.132
        },
        {
          "text": "は",
          "start": 23.64,
          "end": 23.88,
          "confidence": 0.958
        },
        {
          "text": "最",
          "start": 23.88,
          "end": 24.12,
          "confidence": 0.728
        },
        {
          "text": "図",
          "start": 24.12,
          "end": 24.3,
          "confidence": 0.947
        },
        {
          "text": "ボ",
          "start": 24.3,
          "end": 24.5,
          "confidence": 0.158
        },
        {
          "text": "ト",
          "start": 24.5,
          "end": 24.54,
          "confidence": 0.605
        },
        {
          "text": "ウ",
          "start": 24.54,
          "end": 24.6,
          "confidence": 0.188
        },
        {
          "text": "の",
          "start": 24.6,
          "end": 24.74,
          "confidence": 0.251
        },
        {
          "text": "もの",
          "start": 24.74,
          "end": 24.92,
          "confidence": 0.609
        },
        {
          "text": "が",
          "start": 24.92,
          "end": 25.1,
          "confidence": 0.547
        },
        {
          "text": "正",
          "start": 25.1,
          "end": 25.36,
          "confidence": 0.287
        },
        {
          "text": "しく",
          "start": 25.36,
          "end": 25.66,
          "confidence": 0.968
        },
        {
          "text": "表示",
          "start": 25.66,
          "end": 26.02,
          "confidence": 0.43
        },
        {
          "text": "さ",
          "start": 26.02,
          "end": 26.3,
          "confidence": 0.816
        },
        {
          "text": "れ",
          "start": 26.3,
          "end": 26.64,
          "confidence": 0.974
        },
        {
          "text": "ます",
          "start": 26.64,
          "end": 27.08,
          "confidence": 0.468
        }
      ]
    },
    {
      "id": 4,
      "seek": 2726,
      "start": 27.32,
      "end": 32.4,
      "text": "しかし グルニュースタブでは バブコン最図免証記ともに正しくない",
      "tokens": [
        32156,
        2849,
        220,
        23839,
        9405,
        34737,
        26167,
        3384,
        9550,
        12144,
        28889,
        16719,
        15096,
        238,
        28889,
        18066,
        4824,
        8661,
        3919,
        111,
        2347,
        235,
        5396,
        120,
        16958,
        3193,
        4801,
        4108,
        15789,
        26568,
        9311
      ],
      "temperature": 0.0,
      "avg_logprob": -0.43612119313832876,
      "compression_ratio": 1.375,
      "no_speech_prob": 0.0013039567274972796,
      "confidence": 0.811,
      "words": [
        {
          "text": "しか",
          "start": 27.32,
          "end": 27.58,
          "confidence": 0.959
        },
        {
          "text": "し",
          "start": 27.58,
          "end": 27.74,
          "confidence": 0.99
        },
        {
          "text": " ",
          "start": 27.74,
          "end": 27.88,
          "confidence": 0.215
        },
        {
          "text": "グ",
          "start": 27.88,
          "end": 27.94,
          "confidence": 0.491
        },
        {
          "text": "ル",
          "start": 27.94,
          "end": 28.06,
          "confidence": 0.996
        },
        {
          "text": "ニ",
          "start": 28.06,
          "end": 28.24,
          "confidence": 0.896
        },
        {
          "text": "ュ",
          "start": 28.24,
          "end": 28.72,
          "confidence": 0.996
        },
        {
          "text": "ー",
          "start": 28.72,
          "end": 29.2,
          "confidence": 0.999
        },
        {
          "text": "ス",
          "start": 29.2,
          "end": 29.24,
          "confidence": 0.996
        },
        {
          "text": "タ",
          "start": 29.24,
          "end": 29.34,
          "confidence": 0.994
        },
        {
          "text": "ブ",
          "start": 29.34,
          "end": 29.44,
          "confidence": 0.996
        },
        {
          "text": "では",
          "start": 29.44,
          "end": 29.74,
          "confidence": 0.979
        },
        {
          "text": " バ",
          "start": 29.74,
          "end": 30.08,
          "confidence": 0.622
        },
        {
          "text": "ブ",
          "start": 30.08,
          "end": 30.16,
          "confidence": 0.578
        },
        {
          "text": "コ",
          "start": 30.16,
          "end": 30.36,
          "confidence": 0.51
        },
        {
          "text": "ン",
          "start": 30.36,
          "end": 30.42,
          "confidence": 0.982
        },
        {
          "text": "最",
          "start": 30.42,
          "end": 30.62,
          "confidence": 0.67
        },
        {
          "text": "図",
          "start": 30.62,
          "end": 30.86,
          "confidence": 0.958
        },
        {
          "text": "免",
          "start": 30.86,
          "end": 30.92,
          "confidence": 0.947
        },
        {
          "text": "証",
          "start": 30.92,
          "end": 31.12,
          "confidence": 0.996
        },
        {
          "text": "記",
          "start": 31.12,
          "end": 31.26,
          "confidence": 0.996
        },
        {
          "text": "と",
          "start": 31.26,
          "end": 31.44,
          "confidence": 0.711
        },
        {
          "text": "も",
          "start": 31.44,
          "end": 31.54,
          "confidence": 0.9
        },
        {
          "text": "に",
          "start": 31.54,
          "end": 31.66,
          "confidence": 0.944
        },
        {
          "text": "正",
          "start": 31.66,
          "end": 31.98,
          "confidence": 0.507
        },
        {
          "text": "しく",
          "start": 31.98,
          "end": 32.18,
          "confidence": 0.998
        },
        {
          "text": "ない",
          "start": 32.18,
          "end": 32.4,
          "confidence": 0.946
        }
      ]
    },
    {
      "id": 5,
      "seek": 2726,
      "start": 32.4,
      "end": 36.34,
      "text": "以上 時にいいなります こちらいたしても ではありません",
      "tokens": [
        29497,
        220,
        6611,
        4108,
        13806,
        3203,
        19420,
        14384,
        28567,
        17679,
        8822,
        4801,
        220,
        16719,
        14498,
        30250
      ],
      "temperature": 0.0,
      "avg_logprob": -0.43612119313832876,
      "compression_ratio": 1.375,
      "no_speech_prob": 0.0013039567274972796,
      "confidence": 0.452,
      "words": [
        {
          "text": "以上",
          "start": 32.4,
          "end": 32.74,
          "confidence": 0.272
        },
        {
          "text": " ",
          "start": 32.74,
          "end": 33.04,
          "confidence": 0.133
        },
        {
          "text": "時",
          "start": 33.04,
          "end": 33.12,
          "confidence": 0.352
        },
        {
          "text": "に",
          "start": 33.12,
          "end": 33.16,
          "confidence": 0.814
        },
        {
          "text": "いい",
          "start": 33.16,
          "end": 33.36,
          "confidence": 0.645
        },
        {
          "text": "な",
          "start": 33.36,
          "end": 33.5,
          "confidence": 0.781
        },
        {
          "text": "ります",
          "start": 33.5,
          "end": 34.02,
          "confidence": 0.902
        },
        {
          "text": " こ",
          "start": 34.02,
          "end": 34.4,
          "confidence": 0.318
        },
        {
          "text": "ちら",
          "start": 34.4,
          "end": 34.58,
          "confidence": 0.728
        },
        {
          "text": "いた",
          "start": 34.58,
          "end": 34.84,
          "confidence": 0.515
        },
        {
          "text": "して",
          "start": 34.84,
          "end": 35.06,
          "confidence": 0.435
        },
        {
          "text": "も",
          "start": 35.06,
          "end": 35.18,
          "confidence": 0.406
        },
        {
          "text": " ",
          "start": 35.18,
          "end": 35.38,
          "confidence": 0.305
        },
        {
          "text": "では",
          "start": 35.38,
          "end": 35.46,
          "confidence": 0.113
        },
        {
          "text": "あり",
          "start": 35.46,
          "end": 35.72,
          "confidence": 0.891
        },
        {
          "text": "ません",
          "start": 35.72,
          "end": 36.34,
          "confidence": 0.997
        }
      ]
    },
    {
      "id": 6,
      "seek": 3674,
      "start": 36.76,
      "end": 40.46,
      "text": "サプテレクトリーごとに設定した",
      "tokens": [
        50364,
        23607,
        20953,
        22985,
        16680,
        10825,
        7588,
        12376,
        3384,
        9991,
        3193,
        4108,
        39035,
        12088,
        8533,
        50864
      ],
      "temperature": 0.0,
      "avg_logprob": -0.4632908035727108,
      "compression_ratio": 0.8035714285714286,
      "no_speech_prob": 0.09792067110538483,
      "confidence": 0.857,
      "words": [
        {
          "text": "サ",
          "start": 36.76,
          "end": 37.32,
          "confidence": 0.29
        },
        {
          "text": "プ",
          "start": 37.32,
          "end": 38.32,
          "confidence": 0.797
        },
        {
          "text": "テ",
          "start": 38.32,
          "end": 38.42,
          "confidence": 0.941
        },
        {
          "text": "レ",
          "start": 38.42,
          "end": 38.56,
          "confidence": 0.997
        },
        {
          "text": "ク",
          "start": 38.56,
          "end": 38.68,
          "confidence": 0.996
        },
        {
          "text": "ト",
          "start": 38.68,
          "end": 38.8,
          "confidence": 0.997
        },
        {
          "text": "リ",
          "start": 38.8,
          "end": 38.92,
          "confidence": 0.997
        },
        {
          "text": "ー",
          "start": 38.92,
          "end": 38.98,
          "confidence": 0.981
        },
        {
          "text": "ご",
          "start": 38.98,
          "end": 39.1,
          "confidence": 0.966
        },
        {
          "text": "と",
          "start": 39.1,
          "end": 39.32,
          "confidence": 0.997
        },
        {
          "text": "に",
          "start": 39.32,
          "end": 39.6,
          "confidence": 0.996
        },
        {
          "text": "設",
          "start": 39.6,
          "end": 39.84,
          "confidence": 0.681
        },
        {
          "text": "定",
          "start": 39.84,
          "end": 40.04,
          "confidence": 0.997
        },
        {
          "text": "した",
          "start": 40.04,
          "end": 40.46,
          "confidence": 0.84
        }
      ]
    }
  ],
  "language": "ja"
}