{
  "text": " Thank you.",
  "segments": [
    {
      "id": 0,
      "seek": 0,
      "start": 0.18,
      "end": 0.58,
      "text": " Thank you.",
      "tokens": [
        50364,
        1044,
        291,
        13,
        50414
      ],
      "temperature": 0.0,
      "avg_logprob": -0.9004215399424235,
      "compression_ratio": 0.5555555555555556,
      "no_speech_prob": 0.43118345737457275,
      "confidence": 0.427,
      "words": [
        {
          "text": "Thank",
          "start": 0.18,
          "end": 0.46,
          "confidence": 0.187
        },
        {
          "text": "you.",
          "start": 0.46,
          "end": 0.58,
          "confidence": 0.978
        }
      ]
    }
  ],
  "language": "en"
}