{
  "text": " You can't do it, you can't do it.",
  "segments": [
    {
      "id": 0,
      "seek": 0,
      "start": 0.06,
      "end": 2.38,
      "text": " You can't do it, you can't do it.",
      "tokens": [
        50364,
        509,
        393,
        380,
        360,
        309,
        11,
        291,
        393,
        380,
        360,
        309,
        13,
        50464
      ],
      "temperature": 0.0,
      "avg_logprob": -1.2200188954671225,
      "compression_ratio": 1.1379310344827587,
      "no_speech_prob": 0.37774592638015747,
      "confidence": 0.311,
      "words": [
        {
          "text": "You",
          "start": 0.06,
          "end": 0.54,
          "confidence": 0.071
        },
        {
          "text": "can't",
          "start": 0.54,
          "end": 0.78,
          "confidence": 0.295
        },
        {
          "text": "do",
          "start": 0.78,
          "end": 1.04,
          "confidence": 0.102
        },
        {
          "text": "it,",
          "start": 1.04,
          "end": 1.22,
          "confidence": 0.34
        },
        {
          "text": "you",
          "start": 1.26,
          "end": 1.52,
          "confidence": 0.191
        },
        {
          "text": "can't",
          "start": 1.52,
          "end": 1.82,
          "confidence": 0.87
        },
        {
          "text": "do",
          "start": 1.82,
          "end": 2.34,
          "confidence": 0.314
        },
        {
          "text": "it.",
          "start": 2.34,
          "end": 2.38,
          "confidence": 0.893
        }
      ]
    }
  ],
  "language": "en"
}