Dis-moi,0.4,1.1
est-ce,1.3,1.5
que,1.5,1.66
l'avion,1.66,2.04
vole,2.04,2.34
