start	end	text
400	1100	Dis-moi
1300	1500	est-ce
1500	1660	que
1660	2040	l'avion
2040	2340	vole
