{
  "text": " Mohoo, let's go with it again Mohoo, let's go with it again",
  "segments": [
    {
      "id": 0,
      "seek": 0,
      "start": 0.42,
      "end": 2.84,
      "text": " Mohoo, let's go with it again",
      "tokens": [
        50363,
        337,
        1219,
        2238,
        11,
        1309,
        338,
        467,
        351,
        340,
        757,
        50501
      ],
      "temperature": 0.0,
      "avg_logprob": -0.7688669791588416,
      "compression_ratio": 0.7837837837837838,
      "no_speech_prob": 0.11803241819143295,
      "confidence": 0.485,
      "words": [
        {
          "text": "Mohoo,",
          "start": 0.42,
          "end": 1.4,
          "confidence": 0.245
        },
        {
          "text": "let's",
          "start": 1.96,
          "end": 2.22,
          "confidence": 0.91
        },
        {
          "text": "go",
          "start": 2.22,
          "end": 2.32,
          "confidence": 0.908
        },
        {
          "text": "with",
          "start": 2.32,
          "end": 2.46,
          "confidence": 0.286
        },
        {
          "text": "it",
          "start": 2.46,
          "end": 2.58,
          "confidence": 0.939
        },
        {
          "text": "again",
          "start": 2.58,
          "end": 2.84,
          "confidence": 0.997
        }
      ]
    },
    {
      "id": 1,
      "seek": 3000,
      "start": 30.5,
      "end": 35.44,
      "text": " Mohoo, let's go with it again",
      "tokens": [
        50413,
        337,
        1219,
        2238,
        11,
        1309,
        338,
        467,
        351,
        340,
        757,
        50663
      ],
      "temperature": 0.0,
      "avg_logprob": -0.37818329150860125,
      "compression_ratio": 0.7837837837837838,
      "no_speech_prob": 0.10409244894981384,
      "confidence": 0.542,
      "words": [
        {
          "text": "Mohoo,",
          "start": 30.5,
          "end": 34.04,
          "confidence": 0.276
        },
        {
          "text": "let's",
          "start": 34.46,
          "end": 34.74,
          "confidence": 0.886
        },
        {
          "text": "go",
          "start": 34.74,
          "end": 34.88,
          "confidence": 0.944
        },
        {
          "text": "with",
          "start": 34.88,
          "end": 34.98,
          "confidence": 0.661
        },
        {
          "text": "it",
          "start": 34.98,
          "end": 35.1,
          "confidence": 0.764
        },
        {
          "text": "again",
          "start": 35.1,
          "end": 35.44,
          "confidence": 0.996
        }
      ]
    }
  ],
  "language": "en"
}