{
  "text": " Mohoo! Let's go with it again! Mohoo! Let's go with it again!",
  "segments": [
    {
      "id": 0,
      "seek": 0,
      "start": 0.42,
      "end": 2.8,
      "text": " Mohoo! Let's go with it again!",
      "tokens": [
        50363,
        337,
        1219,
        2238,
        0,
        3914,
        338,
        467,
        351,
        340,
        757,
        0,
        50513
      ],
      "temperature": 0.0,
      "avg_logprob": -0.801825932094029,
      "compression_ratio": 0.7894736842105263,
      "no_speech_prob": 0.11799175292253494,
      "confidence": 0.496,
      "words": [
        {
          "text": "Mohoo!",
          "start": 0.42,
          "end": 1.36,
          "confidence": 0.271
        },
        {
          "text": "Let's",
          "start": 1.9,
          "end": 2.2,
          "confidence": 0.676
        },
        {
          "text": "go",
          "start": 2.2,
          "end": 2.32,
          "confidence": 0.914
        },
        {
          "text": "with",
          "start": 2.32,
          "end": 2.48,
          "confidence": 0.233
        },
        {
          "text": "it",
          "start": 2.48,
          "end": 2.58,
          "confidence": 0.934
        },
        {
          "text": "again!",
          "start": 2.58,
          "end": 2.8,
          "confidence": 0.996
        }
      ]
    },
    {
      "id": 1,
      "seek": 3000,
      "start": 31.42,
      "end": 35.4,
      "text": " Mohoo! Let's go with it again!",
      "tokens": [
        50413,
        337,
        1219,
        2238,
        0,
        3914,
        338,
        467,
        351,
        340,
        757,
        0,
        50663
      ],
      "temperature": 0.0,
      "avg_logprob": -0.17847936494009836,
      "compression_ratio": 0.7894736842105263,
      "no_speech_prob": 0.1688624918460846,
      "confidence": 0.955,
      "words": [
        {
          "text": "Mohoo!",
          "start": 31.42,
          "end": 34.0,
          "confidence": 0.967
        },
        {
          "text": "Let's",
          "start": 34.46,
          "end": 34.74,
          "confidence": 0.869
        },
        {
          "text": "go",
          "start": 34.74,
          "end": 34.86,
          "confidence": 0.993
        },
        {
          "text": "with",
          "start": 34.86,
          "end": 35.02,
          "confidence": 0.988
        },
        {
          "text": "it",
          "start": 35.02,
          "end": 35.12,
          "confidence": 0.988
        },
        {
          "text": "again!",
          "start": 35.12,
          "end": 35.4,
          "confidence": 0.997
        }
      ]
    }
  ],
  "language": "en"
}