{
  "text": " Mohoo! Let's go with it again! Mohoo! Mohoo! Mohoo! Let's go with it again!",
  "segments": [
    {
      "id": 0,
      "seek": 0,
      "start": 0.42,
      "end": 2.8,
      "text": " Mohoo! Let's go with it again!",
      "tokens": [
        50363,
        337,
        1219,
        2238,
        0,
        3914,
        338,
        467,
        351,
        340,
        757,
        0,
        50513
      ],
      "temperature": 0.0,
      "avg_logprob": -0.801825932094029,
      "compression_ratio": 0.7894736842105263,
      "no_speech_prob": 0.11799175292253494,
      "confidence": 0.496,
      "words": [
        {
          "text": "Mohoo!",
          "start": 0.42,
          "end": 1.36,
          "confidence": 0.271
        },
        {
          "text": "Let's",
          "start": 1.9,
          "end": 2.2,
          "confidence": 0.676
        },
        {
          "text": "go",
          "start": 2.2,
          "end": 2.32,
          "confidence": 0.914
        },
        {
          "text": "with",
          "start": 2.32,
          "end": 2.48,
          "confidence": 0.233
        },
        {
          "text": "it",
          "start": 2.48,
          "end": 2.58,
          "confidence": 0.934
        },
        {
          "text": "again!",
          "start": 2.58,
          "end": 2.8,
          "confidence": 0.996
        }
      ]
    },
    {
      "id": 1,
      "seek": 3000,
      "start": 30.02,
      "end": 30.08,
      "text": " Mohoo!",
      "tokens": [
        337,
        1219,
        2238,
        0
      ],
      "temperature": 0.0,
      "avg_logprob": -0.8310946226119995,
      "compression_ratio": 0.7894736842105263,
      "no_speech_prob": 0.15336871147155762,
      "confidence": 0.308,
      "words": [
        {
          "text": "Mohoo!",
          "start": 30.02,
          "end": 30.08,
          "confidence": 0.308
        }
      ]
    },
    {
      "id": 2,
      "seek": 3100,
      "start": 31.78,
      "end": 32.2,
      "text": " Mohoo!",
      "tokens": [
        337,
        1219,
        2238,
        0
      ],
      "temperature": 0.0,
      "avg_logprob": -0.7657748460769653,
      "compression_ratio": 0.7894736842105263,
      "no_speech_prob": 0.16998855769634247,
      "confidence": 0.33,
      "words": [
        {
          "text": "Mohoo!",
          "start": 31.78,
          "end": 32.2,
          "confidence": 0.33
        }
      ]
    },
    {
      "id": 3,
      "seek": 3200,
      "start": 32.98,
      "end": 33.92,
      "text": " Mohoo!",
      "tokens": [
        337,
        1219,
        2238,
        0
      ],
      "temperature": 0.0,
      "avg_logprob": -0.549964189529419,
      "compression_ratio": 0.7894736842105263,
      "no_speech_prob": 0.12980936467647552,
      "confidence": 0.338,
      "words": [
        {
          "text": "Mohoo!",
          "start": 32.98,
          "end": 33.92,
          "confidence": 0.338
        }
      ]
    },
    {
      "id": 4,
      "seek": 3400,
      "start": 34.36,
      "end": 35.42,
      "text": " Let's go with it again!",
      "tokens": [
        50363,
        3914,
        338,
        467,
        351,
        340,
        757,
        0,
        50463
      ],
      "temperature": 0.0,
      "avg_logprob": -0.3771826267242432,
      "compression_ratio": 0.7419354838709677,
      "no_speech_prob": 0.05328294634819031,
      "confidence": 0.814,
      "words": [
        {
          "text": "Let's",
          "start": 34.36,
          "end": 34.72,
          "confidence": 0.862
        },
        {
          "text": "go",
          "start": 34.72,
          "end": 34.86,
          "confidence": 0.922
        },
        {
          "text": "with",
          "start": 34.86,
          "end": 35.0,
          "confidence": 0.628
        },
        {
          "text": "it",
          "start": 35.0,
          "end": 35.12,
          "confidence": 0.683
        },
        {
          "text": "again!",
          "start": 35.12,
          "end": 35.42,
          "confidence": 0.992
        }
      ]
    }
  ],
  "language": "en"
}