{
  "text": " Bonjour! Est-ce que vous allez bien? Bonjour! Bonjour! Est-ce que vous allez bien?",
  "segments": [
    {
      "id": 0,
      "seek": 0,
      "start": 0.46,
      "end": 0.84,
      "text": " Bonjour!",
      "tokens": [
        25431,
        2298
      ],
      "temperature": 0.0,
      "avg_logprob": -0.7726690928141277,
      "compression_ratio": 0.8181818181818182,
      "no_speech_prob": 0.042649365961551666,
      "confidence": 0.69,
      "words": [
        {
          "text": "Bonjour!",
          "start": 0.46,
          "end": 0.84,
          "confidence": 0.69
        }
      ]
    },
    {
      "id": 1,
      "seek": 148,
      "start": 1.86,
      "end": 3.02,
      "text": " Est-ce que vous allez bien?",
      "tokens": [
        50364,
        4410,
        12,
        384,
        631,
        2630,
        18146,
        3610,
        2506,
        50464
      ],
      "temperature": 0.0,
      "avg_logprob": -0.480386040427468,
      "compression_ratio": 0.7714285714285715,
      "no_speech_prob": 0.04199185222387314,
      "confidence": 0.633,
      "words": [
        {
          "text": "Est-ce",
          "start": 1.86,
          "end": 2.22,
          "confidence": 0.549
        },
        {
          "text": "que",
          "start": 2.22,
          "end": 2.26,
          "confidence": 0.849
        },
        {
          "text": "vous",
          "start": 2.26,
          "end": 2.38,
          "confidence": 0.993
        },
        {
          "text": "allez",
          "start": 2.38,
          "end": 2.58,
          "confidence": 0.299
        },
        {
          "text": "bien?",
          "start": 2.58,
          "end": 3.02,
          "confidence": 0.979
        }
      ]
    },
    {
      "id": 2,
      "seek": 3148,
      "start": 32.98,
      "end": 33.3,
      "text": " Bonjour!",
      "tokens": [
        25431,
        2298
      ],
      "temperature": 0.0,
      "avg_logprob": -0.3405381520589193,
      "compression_ratio": 0.8181818181818182,
      "no_speech_prob": 0.5542086958885193,
      "confidence": 0.918,
      "words": [
        {
          "text": "Bonjour!",
          "start": 32.98,
          "end": 33.3,
          "confidence": 0.918
        }
      ]
    },
    {
      "id": 3,
      "seek": 3348,
      "start": 34.4,
      "end": 34.44,
      "text": " Bonjour!",
      "tokens": [
        25431,
        2298
      ],
      "temperature": 0.0,
      "avg_logprob": -0.23719367980957032,
      "compression_ratio": 0.8181818181818182,
      "no_speech_prob": 0.40503013134002686,
      "confidence": 0.326,
      "words": [
        {
          "text": "Bonjour!",
          "start": 34.4,
          "end": 34.44,
          "confidence": 0.326
        }
      ]
    },
    {
      "id": 4,
      "seek": 3448,
      "start": 34.5,
      "end": 35.56,
      "text": " Est-ce que vous allez bien?",
      "tokens": [
        50364,
        4410,
        12,
        384,
        631,
        2630,
        18146,
        3610,
        2506,
        50464
      ],
      "temperature": 0.0,
      "avg_logprob": -0.17275135083632034,
      "compression_ratio": 0.7714285714285715,
      "no_speech_prob": 0.5836873650550842,
      "confidence": 0.871,
      "words": [
        {
          "text": "Est-ce",
          "start": 34.5,
          "end": 34.7,
          "confidence": 0.741
        },
        {
          "text": "que",
          "start": 34.7,
          "end": 34.8,
          "confidence": 0.979
        },
        {
          "text": "vous",
          "start": 34.8,
          "end": 34.9,
          "confidence": 0.999
        },
        {
          "text": "allez",
          "start": 34.9,
          "end": 35.1,
          "confidence": 0.959
        },
        {
          "text": "bien?",
          "start": 35.1,
          "end": 35.56,
          "confidence": 1.0
        }
      ]
    }
  ],
  "language": "fr"
}