{
  "text": " Leur de l'Ontario est de la",
  "segments": [
    {
      "id": 0,
      "seek": 0,
      "start": 0.94,
      "end": 11.24,
      "text": " Leur de l'Ontario est de la",
      "tokens": [
        50364,
        1456,
        374,
        368,
        287,
        6,
        46,
        580,
        4912,
        871,
        368,
        635,
        51571
      ],
      "temperature": 0.0,
      "avg_logprob": -1.820401327950614,
      "compression_ratio": 0.84375,
      "no_speech_prob": 0.11066817492246628,
      "confidence": 0.15,
      "words": [
        {
          "text": "Leur",
          "start": 0.94,
          "end": 1.56,
          "confidence": 0.057
        },
        {
          "text": "de",
          "start": 1.56,
          "end": 1.6,
          "confidence": 0.123
        },
        {
          "text": "l'Ontario",
          "start": 1.6,
          "end": 9.46,
          "confidence": 0.289
        },
        {
          "text": "est",
          "start": 9.46,
          "end": 11.16,
          "confidence": 0.123
        },
        {
          "text": "de",
          "start": 11.16,
          "end": 11.2,
          "confidence": 0.067
        },
        {
          "text": "la",
          "start": 11.2,
          "end": 11.24,
          "confidence": 0.132
        }
      ]
    }
  ],
  "language": "fr"
}