{
  "text": " Je suis très très très très très très très très très très très très très très très très très très très très très très très très très très très très très très très très très très très très très très très très très très très très très très très très très très très très très très très très très très très très très très très très très très très très très très très très très très très très très très très très très très très très très très très très très très très très très très très très très très très très très très très très très très très très très très très très très très très très très très très très très très très très très très très très très très très très très très très très très très très très très très très très très très très très très très très très très très très très très très très très très très très très très très très très très très très très très très très très très très très très très très très très très très très très très très très très très très très très très très très très très très très très très très très très très très très très très très très très très très très très très",
  "segments": [
    {
      "id": 0,
      "seek": 0,
      "start": 0.18,
      "end": 30.0,
      "text": " Je suis très très très très très très très très très très très très très très très très très très très très très très très très très très très très très très très très très très très très très très très très très très très très très très très très très très très très très très très très très très très très très très très très très très très très très très très très très très très très très très très très très très très très très très très très très très très très très très très très très très très très très très très très très très très très très très très très très très très très très très très très très très très très très très très très très très très très très très très très très très très très très très très très très très très très très très très très très très très très très très très très très très très très très très très très très très très très très très très très très très très très très très très très très très très très très très très très très très très très très très très très très très très très très très très très très très très très très très très très très très très très très",
      "tokens": [
        50364,
        2588,
        7624,
        5732,
        5732,
        5732,
        5732,
        5732,
        5732,
        5732,
        5732,
        5732,
        5732,
        5732,
        5732,
        5732,
        5732,
        5732,
        5732,
        5732,
        5732,
        5732,
        5732,
        5732,
        5732,
        5732,
        5732,
        5732,
        5732,
        5732,
        5732,
        5732,
        5732,
        5732,
        5732,
        5732,
        5732,
        5732,
        5732,
        5732,
        5732,
        5732,
        5732,
        5732,
        5732,
        5732,
        5732,
        5732,
        5732,
        5732,
        5732,
        5732,
        5732,
        5732,
        5732,
        5732,
        5732,
        5732,
        5732,
        5732,
        5732,
        5732,
        5732,
        5732,
        5732,
        5732,
        5732,
        5732,
        5732,
        5732,
        5732,
        5732,
        5732,
        5732,
        5732,
        5732,
        5732,
        5732,
        5732,
        5732,
        5732,
        5732,
        5732,
        5732,
        5732,
        5732,
        5732,
        5732,
        5732,
        5732,
        5732,
        5732,
        5732,
        5732,
        5732,
        5732,
        5732,
        5732,
        5732,
        5732,
        5732,
        5732,
        5732,
        5732,
        5732,
        5732,
        5732,
        5732,
        5732,
        5732,
        5732,
        5732,
        5732,
        5732,
        5732,
        5732,
        5732,
        5732,
        5732,
        5732,
        5732,
        5732,
        5732,
        5732,
        5732,
        5732,
        5732,
        5732,
        5732,
        5732,
        5732,
        5732,
        5732,
        5732,
        5732,
        5732,
        5732,
        5732,
        5732,
        5732,
        5732,
        5732,
        5732,
        5732,
        5732,
        5732,
        5732,
        5732,
        5732,
        5732,
        5732,
        5732,
        5732,
        5732,
        5732,
        5732,
        5732,
        5732,
        5732,
        5732,
        5732,
        5732,
        5732,
        5732,
        5732,
        5732,
        5732,
        5732,
        5732,
        5732,
        5732,
        5732,
        5732,
        5732,
        5732,
        5732,
        5732,
        5732,
        5732,
        5732,
        5732,
        5732,
        5732,
        5732,
        5732,
        5732,
        5732,
        5732,
        5732,
        5732,
        5732,
        5732,
        5732,
        5732,
        5732,
        5732,
        5732,
        5732,
        5732,
        5732,
        5732,
        5732,
        5732,
        5732,
        5732,
        5732,
        5732,
        5732,
        5732,
        5732,
        5732,
        5732,
        5732,
        5732,
        5732,
        5732,
        5732,
        5732,
        5732,
        5732,
        5732,
        5732,
        5732,
        5732
      ],
      "temperature": 0.0,
      "avg_logprob": -0.29288587782118053,
      "compression_ratio": 43.0,
      "no_speech_prob": 0.18142351508140564,
      "confidence": 0.745,
      "words": [
        {
          "text": "Je",
          "start": 0.18,
          "end": 4.38,
          "confidence": 0.046
        },
        {
          "text": "suis",
          "start": 4.38,
          "end": 5.94,
          "confidence": 0.162
        },
        {
          "text": "très",
          "start": 5.94,
          "end": 6.18,
          "confidence": 0.054
        },
        {
          "text": "très",
          "start": 6.18,
          "end": 10.6,
          "confidence": 0.101
        },
        {
          "text": "très",
          "start": 10.6,
          "end": 11.34,
          "confidence": 0.154
        },
        {
          "text": "très",
          "start": 11.34,
          "end": 11.38,
          "confidence": 0.183
        },
        {
          "text": "très",
          "start": 11.38,
          "end": 11.42,
          "confidence": 0.201
        },
        {
          "text": "très",
          "start": 11.42,
          "end": 11.46,
          "confidence": 0.233
        },
        {
          "text": "très",
          "start": 11.46,
          "end": 11.5,
          "confidence": 0.261
        },
        {
          "text": "très",
          "start": 11.5,
          "end": 11.54,
          "confidence": 0.29
        },
        {
          "text": "très",
          "start": 11.54,
          "end": 11.58,
          "confidence": 0.332
        },
        {
          "text": "très",
          "start": 11.58,
          "end": 11.62,
          "confidence": 0.391
        },
        {
          "text": "très",
          "start": 11.62,
          "end": 11.66,
          "confidence": 0.461
        },
        {
          "text": "très",
          "start": 11.66,
          "end": 11.7,
          "confidence": 0.537
        },
        {
          "text": "très",
          "start": 11.7,
          "end": 11.74,
          "confidence": 0.586
        },
        {
          "text": "très",
          "start": 11.74,
          "end": 11.78,
          "confidence": 0.63
        },
        {
          "text": "très",
          "start": 11.78,
          "end": 11.82,
          "confidence": 0.664
        },
        {
          "text": "très",
          "start": 11.82,
          "end": 11.86,
          "confidence": 0.682
        },
        {
          "text": "très",
          "start": 11.86,
          "end": 11.9,
          "confidence": 0.697
        },
        {
          "text": "très",
          "start": 11.9,
          "end": 11.94,
          "confidence": 0.712
        },
        {
          "text": "très",
          "start": 11.94,
          "end": 11.98,
          "confidence": 0.716
        },
        {
          "text": "très",
          "start": 11.98,
          "end": 12.02,
          "confidence": 0.728
        },
        {
          "text": "très",
          "start": 12.02,
          "end": 12.06,
          "confidence": 0.732
        },
        {
          "text": "très",
          "start": 12.06,
          "end": 12.1,
          "confidence": 0.743
        },
        {
          "text": "très",
          "start": 12.1,
          "end": 12.14,
          "confidence": 0.743
        },
        {
          "text": "très",
          "start": 12.14,
          "end": 12.18,
          "confidence": 0.74
        },
        {
          "text": "très",
          "start": 12.18,
          "end": 12.22,
          "confidence": 0.744
        },
        {
          "text": "très",
          "start": 12.22,
          "end": 12.26,
          "confidence": 0.743
        },
        {
          "text": "très",
          "start": 12.26,
          "end": 12.3,
          "confidence": 0.748
        },
        {
          "text": "très",
          "start": 12.3,
          "end": 12.34,
          "confidence": 0.747
        },
        {
          "text": "très",
          "start": 12.34,
          "end": 12.38,
          "confidence": 0.746
        },
        {
          "text": "très",
          "start": 12.38,
          "end": 12.42,
          "confidence": 0.751
        },
        {
          "text": "très",
          "start": 12.42,
          "end": 12.46,
          "confidence": 0.753
        },
        {
          "text": "très",
          "start": 12.46,
          "end": 12.5,
          "confidence": 0.752
        },
        {
          "text": "très",
          "start": 12.5,
          "end": 12.54,
          "confidence": 0.751
        },
        {
          "text": "très",
          "start": 12.54,
          "end": 12.58,
          "confidence": 0.752
        },
        {
          "text": "très",
          "start": 12.58,
          "end": 12.62,
          "confidence": 0.751
        },
        {
          "text": "très",
          "start": 12.62,
          "end": 12.66,
          "confidence": 0.752
        },
        {
          "text": "très",
          "start": 12.66,
          "end": 12.7,
          "confidence": 0.755
        },
        {
          "text": "très",
          "start": 12.7,
          "end": 12.74,
          "confidence": 0.754
        },
        {
          "text": "très",
          "start": 12.74,
          "end": 13.14,
          "confidence": 0.756
        },
        {
          "text": "très",
          "start": 13.14,
          "end": 13.96,
          "confidence": 0.759
        },
        {
          "text": "très",
          "start": 13.96,
          "end": 14.0,
          "confidence": 0.762
        },
        {
          "text": "très",
          "start": 14.0,
          "end": 14.48,
          "confidence": 0.757
        },
        {
          "text": "très",
          "start": 14.48,
          "end": 14.52,
          "confidence": 0.755
        },
        {
          "text": "très",
          "start": 14.52,
          "end": 14.88,
          "confidence": 0.755
        },
        {
          "text": "très",
          "start": 14.88,
          "end": 14.92,
          "confidence": 0.757
        },
        {
          "text": "très",
          "start": 14.92,
          "end": 15.36,
          "confidence": 0.759
        },
        {
          "text": "très",
          "start": 15.36,
          "end": 15.68,
          "confidence": 0.76
        },
        {
          "text": "très",
          "start": 15.68,
          "end": 15.72,
          "confidence": 0.761
        },
        {
          "text": "très",
          "start": 15.72,
          "end": 15.76,
          "confidence": 0.764
        },
        {
          "text": "très",
          "start": 15.76,
          "end": 15.8,
          "confidence": 0.765
        },
        {
          "text": "très",
          "start": 15.8,
          "end": 15.84,
          "confidence": 0.761
        },
        {
          "text": "très",
          "start": 15.84,
          "end": 15.88,
          "confidence": 0.761
        },
        {
          "text": "très",
          "start": 15.88,
          "end": 15.92,
          "confidence": 0.761
        },
        {
          "text": "très",
          "start": 15.92,
          "end": 16.24,
          "confidence": 0.768
        },
        {
          "text": "très",
          "start": 16.24,
          "end": 17.28,
          "confidence": 0.766
        },
        {
          "text": "très",
          "start": 17.28,
          "end": 17.32,
          "confidence": 0.771
        },
        {
          "text": "très",
          "start": 17.32,
          "end": 17.36,
          "confidence": 0.77
        },
        {
          "text": "très",
          "start": 17.36,
          "end": 17.4,
          "confidence": 0.775
        },
        {
          "text": "très",
          "start": 17.4,
          "end": 17.44,
          "confidence": 0.773
        },
        {
          "text": "très",
          "start": 17.44,
          "end": 17.48,
          "confidence": 0.775
        },
        {
          "text": "très",
          "start": 17.48,
          "end": 17.52,
          "confidence": 0.775
        },
        {
          "text": "très",
          "start": 17.52,
          "end": 17.56,
          "confidence": 0.78
        },
        {
          "text": "très",
          "start": 17.56,
          "end": 17.6,
          "confidence": 0.782
        },
        {
          "text": "très",
          "start": 17.6,
          "end": 17.64,
          "confidence": 0.785
        },
        {
          "text": "très",
          "start": 17.64,
          "end": 17.68,
          "confidence": 0.787
        },
        {
          "text": "très",
          "start": 17.68,
          "end": 17.72,
          "confidence": 0.786
        },
        {
          "text": "très",
          "start": 17.72,
          "end": 17.76,
          "confidence": 0.791
        },
        {
          "text": "très",
          "start": 17.76,
          "end": 17.8,
          "confidence": 0.792
        },
        {
          "text": "très",
          "start": 17.8,
          "end": 17.84,
          "confidence": 0.796
        },
        {
          "text": "très",
          "start": 17.84,
          "end": 17.88,
          "confidence": 0.799
        },
        {
          "text": "très",
          "start": 17.88,
          "end": 17.92,
          "confidence": 0.802
        },
        {
          "text": "très",
          "start": 17.92,
          "end": 17.96,
          "confidence": 0.805
        },
        {
          "text": "très",
          "start": 17.96,
          "end": 18.0,
          "confidence": 0.808
        },
        {
          "text": "très",
          "start": 18.0,
          "end": 18.04,
          "confidence": 0.809
        },
        {
          "text": "très",
          "start": 18.04,
          "end": 18.08,
          "confidence": 0.814
        },
        {
          "text": "très",
          "start": 18.08,
          "end": 18.12,
          "confidence": 0.814
        },
        {
          "text": "très",
          "start": 18.12,
          "end": 18.16,
          "confidence": 0.816
        },
        {
          "text": "très",
          "start": 18.16,
          "end": 18.2,
          "confidence": 0.819
        },
        {
          "text": "très",
          "start": 18.2,
          "end": 18.24,
          "confidence": 0.828
        },
        {
          "text": "très",
          "start": 18.24,
          "end": 18.28,
          "confidence": 0.827
        },
        {
          "text": "très",
          "start": 18.28,
          "end": 18.32,
          "confidence": 0.832
        },
        {
          "text": "très",
          "start": 18.32,
          "end": 18.36,
          "confidence": 0.832
        },
        {
          "text": "très",
          "start": 18.36,
          "end": 18.4,
          "confidence": 0.835
        },
        {
          "text": "très",
          "start": 18.4,
          "end": 18.44,
          "confidence": 0.834
        },
        {
          "text": "très",
          "start": 18.44,
          "end": 18.48,
          "confidence": 0.836
        },
        {
          "text": "très",
          "start": 18.48,
          "end": 18.52,
          "confidence": 0.839
        },
        {
          "text": "très",
          "start": 18.52,
          "end": 18.56,
          "confidence": 0.841
        },
        {
          "text": "très",
          "start": 18.56,
          "end": 18.6,
          "confidence": 0.841
        },
        {
          "text": "très",
          "start": 18.6,
          "end": 18.64,
          "confidence": 0.84
        },
        {
          "text": "très",
          "start": 18.64,
          "end": 18.68,
          "confidence": 0.842
        },
        {
          "text": "très",
          "start": 18.68,
          "end": 18.72,
          "confidence": 0.845
        },
        {
          "text": "très",
          "start": 18.72,
          "end": 18.76,
          "confidence": 0.843
        },
        {
          "text": "très",
          "start": 18.76,
          "end": 18.8,
          "confidence": 0.845
        },
        {
          "text": "très",
          "start": 18.8,
          "end": 18.84,
          "confidence": 0.845
        },
        {
          "text": "très",
          "start": 18.84,
          "end": 18.88,
          "confidence": 0.846
        },
        {
          "text": "très",
          "start": 18.88,
          "end": 18.92,
          "confidence": 0.847
        },
        {
          "text": "très",
          "start": 18.92,
          "end": 18.96,
          "confidence": 0.847
        },
        {
          "text": "très",
          "start": 18.96,
          "end": 19.0,
          "confidence": 0.848
        },
        {
          "text": "très",
          "start": 19.0,
          "end": 19.04,
          "confidence": 0.85
        },
        {
          "text": "très",
          "start": 19.04,
          "end": 19.08,
          "confidence": 0.849
        },
        {
          "text": "très",
          "start": 19.08,
          "end": 19.12,
          "confidence": 0.851
        },
        {
          "text": "très",
          "start": 19.12,
          "end": 19.16,
          "confidence": 0.853
        },
        {
          "text": "très",
          "start": 19.16,
          "end": 19.2,
          "confidence": 0.856
        },
        {
          "text": "très",
          "start": 19.2,
          "end": 19.24,
          "confidence": 0.857
        },
        {
          "text": "très",
          "start": 19.24,
          "end": 19.28,
          "confidence": 0.857
        },
        {
          "text": "très",
          "start": 19.28,
          "end": 19.32,
          "confidence": 0.858
        },
        {
          "text": "très",
          "start": 19.32,
          "end": 19.36,
          "confidence": 0.856
        },
        {
          "text": "très",
          "start": 19.36,
          "end": 19.4,
          "confidence": 0.856
        },
        {
          "text": "très",
          "start": 19.4,
          "end": 19.44,
          "confidence": 0.857
        },
        {
          "text": "très",
          "start": 19.44,
          "end": 19.48,
          "confidence": 0.856
        },
        {
          "text": "très",
          "start": 19.48,
          "end": 19.52,
          "confidence": 0.855
        },
        {
          "text": "très",
          "start": 19.52,
          "end": 19.56,
          "confidence": 0.854
        },
        {
          "text": "très",
          "start": 19.56,
          "end": 19.6,
          "confidence": 0.856
        },
        {
          "text": "très",
          "start": 19.6,
          "end": 19.64,
          "confidence": 0.857
        },
        {
          "text": "très",
          "start": 19.64,
          "end": 19.68,
          "confidence": 0.853
        },
        {
          "text": "très",
          "start": 19.68,
          "end": 19.72,
          "confidence": 0.85
        },
        {
          "text": "très",
          "start": 19.72,
          "end": 19.76,
          "confidence": 0.854
        },
        {
          "text": "très",
          "start": 19.76,
          "end": 19.8,
          "confidence": 0.852
        },
        {
          "text": "très",
          "start": 19.8,
          "end": 19.84,
          "confidence": 0.851
        },
        {
          "text": "très",
          "start": 19.84,
          "end": 19.88,
          "confidence": 0.848
        },
        {
          "text": "très",
          "start": 19.88,
          "end": 19.92,
          "confidence": 0.852
        },
        {
          "text": "très",
          "start": 19.92,
          "end": 19.96,
          "confidence": 0.852
        },
        {
          "text": "très",
          "start": 19.96,
          "end": 20.0,
          "confidence": 0.853
        },
        {
          "text": "très",
          "start": 20.0,
          "end": 20.04,
          "confidence": 0.851
        },
        {
          "text": "très",
          "start": 20.04,
          "end": 20.08,
          "confidence": 0.852
        },
        {
          "text": "très",
          "start": 20.08,
          "end": 20.12,
          "confidence": 0.853
        },
        {
          "text": "très",
          "start": 20.12,
          "end": 20.16,
          "confidence": 0.848
        },
        {
          "text": "très",
          "start": 20.16,
          "end": 20.2,
          "confidence": 0.854
        },
        {
          "text": "très",
          "start": 20.2,
          "end": 20.24,
          "confidence": 0.856
        },
        {
          "text": "très",
          "start": 20.24,
          "end": 20.28,
          "confidence": 0.854
        },
        {
          "text": "très",
          "start": 20.28,
          "end": 20.32,
          "confidence": 0.855
        },
        {
          "text": "très",
          "start": 20.32,
          "end": 20.36,
          "confidence": 0.852
        },
        {
          "text": "très",
          "start": 20.36,
          "end": 20.4,
          "confidence": 0.854
        },
        {
          "text": "très",
          "start": 20.4,
          "end": 20.44,
          "confidence": 0.855
        },
        {
          "text": "très",
          "start": 20.44,
          "end": 20.48,
          "confidence": 0.853
        },
        {
          "text": "très",
          "start": 20.48,
          "end": 20.52,
          "confidence": 0.854
        },
        {
          "text": "très",
          "start": 20.52,
          "end": 20.56,
          "confidence": 0.848
        },
        {
          "text": "très",
          "start": 20.56,
          "end": 20.6,
          "confidence": 0.853
        },
        {
          "text": "très",
          "start": 20.6,
          "end": 20.64,
          "confidence": 0.852
        },
        {
          "text": "très",
          "start": 20.64,
          "end": 20.68,
          "confidence": 0.854
        },
        {
          "text": "très",
          "start": 20.68,
          "end": 20.72,
          "confidence": 0.853
        },
        {
          "text": "très",
          "start": 20.72,
          "end": 20.76,
          "confidence": 0.849
        },
        {
          "text": "très",
          "start": 20.76,
          "end": 20.8,
          "confidence": 0.845
        },
        {
          "text": "très",
          "start": 20.8,
          "end": 20.84,
          "confidence": 0.844
        },
        {
          "text": "très",
          "start": 20.84,
          "end": 20.88,
          "confidence": 0.843
        },
        {
          "text": "très",
          "start": 20.88,
          "end": 20.92,
          "confidence": 0.843
        },
        {
          "text": "très",
          "start": 20.92,
          "end": 20.96,
          "confidence": 0.848
        },
        {
          "text": "très",
          "start": 20.96,
          "end": 21.0,
          "confidence": 0.848
        },
        {
          "text": "très",
          "start": 21.0,
          "end": 21.04,
          "confidence": 0.851
        },
        {
          "text": "très",
          "start": 21.04,
          "end": 21.08,
          "confidence": 0.847
        },
        {
          "text": "très",
          "start": 21.08,
          "end": 21.12,
          "confidence": 0.846
        },
        {
          "text": "très",
          "start": 21.12,
          "end": 21.16,
          "confidence": 0.845
        },
        {
          "text": "très",
          "start": 21.16,
          "end": 21.2,
          "confidence": 0.844
        },
        {
          "text": "très",
          "start": 21.2,
          "end": 21.24,
          "confidence": 0.845
        },
        {
          "text": "très",
          "start": 21.24,
          "end": 21.28,
          "confidence": 0.843
        },
        {
          "text": "très",
          "start": 21.28,
          "end": 21.32,
          "confidence": 0.85
        },
        {
          "text": "très",
          "start": 21.32,
          "end": 21.36,
          "confidence": 0.845
        },
        {
          "text": "très",
          "start": 21.36,
          "end": 21.4,
          "confidence": 0.846
        },
        {
          "text": "très",
          "start": 21.4,
          "end": 21.44,
          "confidence": 0.849
        },
        {
          "text": "très",
          "start": 21.44,
          "end": 21.48,
          "confidence": 0.845
        },
        {
          "text": "très",
          "start": 21.48,
          "end": 21.52,
          "confidence": 0.848
        },
        {
          "text": "très",
          "start": 21.52,
          "end": 21.56,
          "confidence": 0.846
        },
        {
          "text": "très",
          "start": 21.56,
          "end": 21.6,
          "confidence": 0.845
        },
        {
          "text": "très",
          "start": 21.6,
          "end": 21.64,
          "confidence": 0.844
        },
        {
          "text": "très",
          "start": 21.64,
          "end": 21.68,
          "confidence": 0.841
        },
        {
          "text": "très",
          "start": 21.68,
          "end": 21.72,
          "confidence": 0.842
        },
        {
          "text": "très",
          "start": 21.72,
          "end": 21.76,
          "confidence": 0.841
        },
        {
          "text": "très",
          "start": 21.76,
          "end": 21.8,
          "confidence": 0.838
        },
        {
          "text": "très",
          "start": 21.8,
          "end": 21.84,
          "confidence": 0.842
        },
        {
          "text": "très",
          "start": 21.84,
          "end": 21.88,
          "confidence": 0.834
        },
        {
          "text": "très",
          "start": 21.88,
          "end": 21.92,
          "confidence": 0.832
        },
        {
          "text": "très",
          "start": 21.92,
          "end": 21.96,
          "confidence": 0.833
        },
        {
          "text": "très",
          "start": 21.96,
          "end": 22.0,
          "confidence": 0.835
        },
        {
          "text": "très",
          "start": 22.0,
          "end": 22.04,
          "confidence": 0.83
        },
        {
          "text": "très",
          "start": 22.04,
          "end": 22.08,
          "confidence": 0.831
        },
        {
          "text": "très",
          "start": 22.08,
          "end": 22.12,
          "confidence": 0.838
        },
        {
          "text": "très",
          "start": 22.12,
          "end": 22.16,
          "confidence": 0.838
        },
        {
          "text": "très",
          "start": 22.16,
          "end": 22.2,
          "confidence": 0.835
        },
        {
          "text": "très",
          "start": 22.2,
          "end": 22.24,
          "confidence": 0.839
        },
        {
          "text": "très",
          "start": 22.24,
          "end": 22.28,
          "confidence": 0.836
        },
        {
          "text": "très",
          "start": 22.28,
          "end": 22.32,
          "confidence": 0.833
        },
        {
          "text": "très",
          "start": 22.32,
          "end": 22.36,
          "confidence": 0.835
        },
        {
          "text": "très",
          "start": 22.36,
          "end": 22.4,
          "confidence": 0.841
        },
        {
          "text": "très",
          "start": 22.4,
          "end": 22.44,
          "confidence": 0.84
        },
        {
          "text": "très",
          "start": 22.44,
          "end": 22.48,
          "confidence": 0.836
        },
        {
          "text": "très",
          "start": 22.48,
          "end": 22.52,
          "confidence": 0.839
        },
        {
          "text": "très",
          "start": 22.52,
          "end": 22.56,
          "confidence": 0.838
        },
        {
          "text": "très",
          "start": 22.56,
          "end": 22.6,
          "confidence": 0.836
        },
        {
          "text": "très",
          "start": 22.6,
          "end": 22.64,
          "confidence": 0.834
        },
        {
          "text": "très",
          "start": 22.64,
          "end": 22.68,
          "confidence": 0.841
        },
        {
          "text": "très",
          "start": 22.68,
          "end": 22.72,
          "confidence": 0.833
        },
        {
          "text": "très",
          "start": 22.72,
          "end": 22.76,
          "confidence": 0.836
        },
        {
          "text": "très",
          "start": 22.76,
          "end": 22.8,
          "confidence": 0.833
        },
        {
          "text": "très",
          "start": 22.8,
          "end": 22.84,
          "confidence": 0.831
        },
        {
          "text": "très",
          "start": 22.84,
          "end": 22.88,
          "confidence": 0.832
        },
        {
          "text": "très",
          "start": 22.88,
          "end": 22.92,
          "confidence": 0.834
        },
        {
          "text": "très",
          "start": 22.92,
          "end": 22.96,
          "confidence": 0.837
        },
        {
          "text": "très",
          "start": 22.96,
          "end": 23.0,
          "confidence": 0.829
        },
        {
          "text": "très",
          "start": 23.0,
          "end": 23.04,
          "confidence": 0.832
        },
        {
          "text": "très",
          "start": 23.04,
          "end": 23.08,
          "confidence": 0.828
        },
        {
          "text": "très",
          "start": 23.08,
          "end": 23.12,
          "confidence": 0.835
        },
        {
          "text": "très",
          "start": 23.12,
          "end": 23.16,
          "confidence": 0.831
        },
        {
          "text": "très",
          "start": 23.16,
          "end": 23.2,
          "confidence": 0.83
        },
        {
          "text": "très",
          "start": 23.2,
          "end": 23.24,
          "confidence": 0.837
        },
        {
          "text": "très",
          "start": 23.24,
          "end": 23.28,
          "confidence": 0.836
        },
        {
          "text": "très",
          "start": 23.28,
          "end": 23.32,
          "confidence": 0.832
        },
        {
          "text": "très",
          "start": 23.32,
          "end": 23.36,
          "confidence": 0.832
        },
        {
          "text": "très",
          "start": 23.36,
          "end": 23.4,
          "confidence": 0.825
        },
        {
          "text": "très",
          "start": 23.4,
          "end": 23.44,
          "confidence": 0.829
        },
        {
          "text": "très",
          "start": 23.44,
          "end": 23.48,
          "confidence": 0.831
        },
        {
          "text": "très",
          "start": 23.48,
          "end": 23.52,
          "confidence": 0.826
        },
        {
          "text": "très",
          "start": 23.52,
          "end": 23.56,
          "confidence": 0.832
        },
        {
          "text": "très",
          "start": 23.56,
          "end": 23.6,
          "confidence": 0.826
        },
        {
          "text": "très",
          "start": 23.6,
          "end": 23.64,
          "confidence": 0.826
        },
        {
          "text": "très",
          "start": 23.64,
          "end": 23.68,
          "confidence": 0.831
        },
        {
          "text": "très",
          "start": 23.68,
          "end": 23.72,
          "confidence": 0.838
        },
        {
          "text": "très",
          "start": 23.72,
          "end": 23.76,
          "confidence": 0.835
        },
        {
          "text": "très",
          "start": 23.76,
          "end": 23.8,
          "confidence": 0.838
        },
        {
          "text": "très",
          "start": 23.8,
          "end": 23.84,
          "confidence": 0.85
        },
        {
          "text": "très",
          "start": 23.84,
          "end": 23.88,
          "confidence": 0.833
        },
        {
          "text": "très",
          "start": 23.88,
          "end": 30.0,
          "confidence": 0.829
        }
      ]
    }
  ],
  "language": "fr"
}