{
  "text": " Merci beaucoup.",
  "segments": [
    {
      "id": 0,
      "seek": 0,
      "start": 0.18,
      "end": 0.7,
      "text": " Merci beaucoup.",
      "tokens": [
        50364,
        19856,
        8796,
        13,
        50414
      ],
      "temperature": 0.0,
      "avg_logprob": -1.2974982261657715,
      "compression_ratio": 0.6521739130434783,
      "no_speech_prob": 0.43118345737457275,
      "confidence": 0.125,
      "words": [
        {
          "text": "Merci",
          "start": 0.18,
          "end": 0.5,
          "confidence": 0.071
        },
        {
          "text": "beaucoup.",
          "start": 0.5,
          "end": 0.7,
          "confidence": 0.217
        }
      ]
    }
  ],
  "language": "fr"
}