{
  "text": " Je ne suis pas en train de faire ça.",
  "segments": [
    {
      "id": 0,
      "seek": 0,
      "start": 0.18,
      "end": 1.68,
      "text": " Je ne suis pas en train de faire ça.",
      "tokens": [
        50364,
        2588,
        408,
        7624,
        1736,
        465,
        3847,
        368,
        4865,
        2788,
        13,
        50464
      ],
      "temperature": 0.0,
      "avg_logprob": -1.5315840794489934,
      "compression_ratio": 0.8222222222222222,
      "no_speech_prob": 0.37774592638015747,
      "confidence": 0.174,
      "words": [
        {
          "text": "Je",
          "start": 0.18,
          "end": 0.78,
          "confidence": 0.067
        },
        {
          "text": "ne",
          "start": 0.78,
          "end": 0.82,
          "confidence": 0.139
        },
        {
          "text": "suis",
          "start": 0.82,
          "end": 1.04,
          "confidence": 0.184
        },
        {
          "text": "pas",
          "start": 1.04,
          "end": 1.18,
          "confidence": 0.803
        },
        {
          "text": "en",
          "start": 1.18,
          "end": 1.38,
          "confidence": 0.106
        },
        {
          "text": "train",
          "start": 1.38,
          "end": 1.46,
          "confidence": 0.136
        },
        {
          "text": "de",
          "start": 1.46,
          "end": 1.6,
          "confidence": 0.632
        },
        {
          "text": "faire",
          "start": 1.6,
          "end": 1.64,
          "confidence": 0.105
        },
        {
          "text": "ça.",
          "start": 1.64,
          "end": 1.68,
          "confidence": 0.112
        }
      ]
    }
  ],
  "language": "fr"
}