Detecting language using up to the first 30 seconds. Use `--language` to specify the language
Detected language: Russian
[00:00.460 --> 00:00.860] Боже
[00:00.860 --> 00:01.900] улыл!
[00:02.020 --> 00:02.340] Таков
[00:02.340 --> 00:02.460] уже
[00:02.460 --> 00:02.580] на
[00:02.580 --> 00:02.960] меня!
[00:32.980 --> 00:33.420] Боже
[00:33.420 --> 00:33.960] улыл!
[00:34.420 --> 00:34.860] Эскому
[00:34.860 --> 00:35.040] за
[00:35.040 --> 00:35.380] меня!
