[00:00.460 --> 00:00.840] Bonjour!
[00:01.860 --> 00:02.220] Est-ce
[00:02.220 --> 00:02.260] que
[00:02.260 --> 00:02.380] vous
[00:02.380 --> 00:02.580] allez
[00:02.580 --> 00:03.020] bien?
[00:32.980 --> 00:33.300] Bonjour!
[00:34.400 --> 00:34.440] Bonjour!
[00:34.500 --> 00:34.700] Est-ce
[00:34.700 --> 00:34.800] que
[00:34.800 --> 00:34.900] vous
[00:34.900 --> 00:35.100] allez
[00:35.100 --> 00:35.560] bien?
