{
  "text": " Die Wiederzulassung des Messbuchs von 1962 als Missale für die außerordentliche Form des römischen Rethus ist dann nicht so weitergegangen, wie sich Papst Benedikt das gewünscht hatte. Das hat er als Emeritus...",
  "segments": [
    {
      "id": 0,
      "seek": 0,
      "start": 0.86,
      "end": 8.58,
      "text": " Die Wiederzulassung des Messbuchs von 1962 als Missale für die außerordentliche Form des römischen Rethus",
      "tokens": [
        3229,
        45742,
        89,
        425,
        40828,
        730,
        9847,
        65,
        37503,
        2957,
        39498,
        3907,
        5275,
        1220,
        2959,
        978,
        39428,
        765,
        7698,
        68,
        10126,
        730,
        367,
        32374,
        6282,
        497,
        3293,
        301
      ],
      "temperature": 0.0,
      "avg_logprob": -0.2640811375209263,
      "compression_ratio": 1.2285714285714286,
      "no_speech_prob": 0.5754758715629578,
      "confidence": 0.857,
      "words": [
        {
          "text": "Die",
          "start": 0.86,
          "end": 1.12,
          "confidence": 0.873
        },
        {
          "text": "Wiederzulassung",
          "start": 1.12,
          "end": 1.94,
          "confidence": 0.976
        },
        {
          "text": "des",
          "start": 1.94,
          "end": 2.18,
          "confidence": 0.985
        },
        {
          "text": "Messbuchs",
          "start": 2.18,
          "end": 2.74,
          "confidence": 0.939
        },
        {
          "text": "von",
          "start": 2.74,
          "end": 3.3,
          "confidence": 0.971
        },
        {
          "text": "1962",
          "start": 3.3,
          "end": 4.9,
          "confidence": 0.976
        },
        {
          "text": "als",
          "start": 4.9,
          "end": 5.28,
          "confidence": 0.926
        },
        {
          "text": "Missale",
          "start": 5.28,
          "end": 5.76,
          "confidence": 0.905
        },
        {
          "text": "für",
          "start": 5.76,
          "end": 5.96,
          "confidence": 0.949
        },
        {
          "text": "die",
          "start": 5.96,
          "end": 6.14,
          "confidence": 0.988
        },
        {
          "text": "außerordentliche",
          "start": 6.14,
          "end": 7.08,
          "confidence": 0.94
        },
        {
          "text": "Form",
          "start": 7.08,
          "end": 7.34,
          "confidence": 0.827
        },
        {
          "text": "des",
          "start": 7.34,
          "end": 7.66,
          "confidence": 0.794
        },
        {
          "text": "römischen",
          "start": 7.66,
          "end": 8.04,
          "confidence": 0.654
        },
        {
          "text": "Rethus",
          "start": 8.04,
          "end": 8.58,
          "confidence": 0.599
        }
      ]
    },
    {
      "id": 1,
      "seek": 0,
      "start": 9.44,
      "end": 12.76,
      "text": " ist dann nicht so weitergegangen, wie sich Papst Benedikt das gewünscht hatte.",
      "tokens": [
        1418,
        3594,
        1979,
        370,
        8988,
        432,
        47152,
        11,
        3355,
        3041,
        15919,
        372,
        39753,
        9874,
        1482,
        6906,
        3412,
        82,
        4701,
        13299,
        13
      ],
      "temperature": 0.0,
      "avg_logprob": -0.2640811375209263,
      "compression_ratio": 1.2285714285714286,
      "no_speech_prob": 0.5754758715629578,
      "confidence": 0.893,
      "words": [
        {
          "text": "ist",
          "start": 9.44,
          "end": 9.66,
          "confidence": 0.964
        },
        {
          "text": "dann",
          "start": 9.66,
          "end": 9.84,
          "confidence": 0.693
        },
        {
          "text": "nicht",
          "start": 9.84,
          "end": 10.0,
          "confidence": 0.996
        },
        {
          "text": "so",
          "start": 10.0,
          "end": 10.18,
          "confidence": 0.991
        },
        {
          "text": "weitergegangen,",
          "start": 10.18,
          "end": 10.84,
          "confidence": 0.819
        },
        {
          "text": "wie",
          "start": 10.92,
          "end": 11.06,
          "confidence": 0.988
        },
        {
          "text": "sich",
          "start": 11.06,
          "end": 11.26,
          "confidence": 0.959
        },
        {
          "text": "Papst",
          "start": 11.26,
          "end": 11.56,
          "confidence": 0.891
        },
        {
          "text": "Benedikt",
          "start": 11.56,
          "end": 11.92,
          "confidence": 0.945
        },
        {
          "text": "das",
          "start": 11.92,
          "end": 12.08,
          "confidence": 0.52
        },
        {
          "text": "gewünscht",
          "start": 12.08,
          "end": 12.58,
          "confidence": 0.998
        },
        {
          "text": "hatte.",
          "start": 12.58,
          "end": 12.76,
          "confidence": 0.934
        }
      ]
    },
    {
      "id": 2,
      "seek": 1300,
      "start": 13.02,
      "end": 15.24,
      "text": " Das hat er als Emeritus...",
      "tokens": [
        50364,
        2846,
        2385,
        1189,
        3907,
        18477,
        30973,
        1097,
        51764
      ],
      "temperature": 0.0,
      "avg_logprob": -0.8175838470458985,
      "compression_ratio": 0.7647058823529411,
      "no_speech_prob": 0.0009246054687537253,
      "confidence": 0.641,
      "words": [
        {
          "text": "Das",
          "start": 13.02,
          "end": 14.2,
          "confidence": 0.779
        },
        {
          "text": "hat",
          "start": 14.2,
          "end": 14.38,
          "confidence": 0.824
        },
        {
          "text": "er",
          "start": 14.38,
          "end": 14.56,
          "confidence": 0.991
        },
        {
          "text": "als",
          "start": 14.56,
          "end": 14.72,
          "confidence": 0.944
        },
        {
          "text": "Emeritus...",
          "start": 14.72,
          "end": 15.24,
          "confidence": 0.341
        }
      ]
    }
  ],
  "language": "de"
}