{
  "text": " Hehehe",
  "segments": [
    {
      "id": 0,
      "seek": 0,
      "start": 0.24,
      "end": 0.64,
      "text": " Hehehe",
      "tokens": [
        50364,
        634,
        23500,
        50396
      ],
      "temperature": 0.0,
      "avg_logprob": -1.0521062850952148,
      "compression_ratio": 0.5,
      "no_speech_prob": 0.45130959153175354,
      "confidence": 0.312,
      "words": [
        {
          "text": "Hehehe",
          "start": 0.24,
          "end": 0.64,
          "confidence": 0.312
        }
      ]
    }
  ],
  "language": "en"
}