{
  "text": " hahahaha",
  "segments": [
    {
      "id": 0,
      "seek": 0,
      "start": 0.42,
      "end": 1.6,
      "text": " hahahaha",
      "tokens": [
        50364,
        17206,
        15380,
        50464
      ],
      "temperature": 0.0,
      "avg_logprob": -1.2410529136657715,
      "compression_ratio": 0.6666666666666666,
      "no_speech_prob": 0.5549651980400085,
      "confidence": 0.147,
      "words": [
        {
          "text": "hahahaha",
          "start": 0.42,
          "end": 1.6,
          "confidence": 0.147
        }
      ]
    }
  ],
  "language": "en"
}