{
  "text": "3212122222222211111111111111111111111111111111111111111111111111111111",
  "segments": [
    {
      "id": 0,
      "seek": 0,
      "start": 0.06,
      "end": 0.72,
      "text": "3",
      "tokens": [
        18
      ],
      "temperature": 0.0,
      "avg_logprob": -0.28562411394986237,
      "compression_ratio": 1.0,
      "no_speech_prob": 0.8409799933433533,
      "confidence": 0.029,
      "words": [
        {
          "text": "3",
          "start": 0.06,
          "end": 0.72,
          "confidence": 0.029
        }
      ]
    },
    {
      "id": 1,
      "seek": 0,
      "start": 1.98,
      "end": 3.04,
      "text": "2",
      "tokens": [
        17
      ],
      "temperature": 0.0,
      "avg_logprob": -0.28562411394986237,
      "compression_ratio": 1.0,
      "no_speech_prob": 0.8409799933433533,
      "confidence": 0.691,
      "words": [
        {
          "text": "2",
          "start": 1.98,
          "end": 3.04,
          "confidence": 0.691
        }
      ]
    },
    {
      "id": 2,
      "seek": 0,
      "start": 3.72,
      "end": 4.78,
      "text": "1",
      "tokens": [
        16
      ],
      "temperature": 0.0,
      "avg_logprob": -0.28562411394986237,
      "compression_ratio": 1.0,
      "no_speech_prob": 0.8409799933433533,
      "confidence": 0.949,
      "words": [
        {
          "text": "1",
          "start": 3.72,
          "end": 4.78,
          "confidence": 0.949
        }
      ]
    },
    {
      "id": 3,
      "seek": 0,
      "start": 5.52,
      "end": 7.08,
      "text": "2",
      "tokens": [
        17
      ],
      "temperature": 0.0,
      "avg_logprob": -0.28562411394986237,
      "compression_ratio": 1.0,
      "no_speech_prob": 0.8409799933433533,
      "confidence": 0.278,
      "words": [
        {
          "text": "2",
          "start": 5.52,
          "end": 7.08,
          "confidence": 0.278
        }
      ]
    },
    {
      "id": 4,
      "seek": 0,
      "start": 8.46,
      "end": 9.34,
      "text": "1",
      "tokens": [
        16
      ],
      "temperature": 0.0,
      "avg_logprob": -0.28562411394986237,
      "compression_ratio": 1.0,
      "no_speech_prob": 0.8409799933433533,
      "confidence": 0.702,
      "words": [
        {
          "text": "1",
          "start": 8.46,
          "end": 9.34,
          "confidence": 0.702
        }
      ]
    },
    {
      "id": 5,
      "seek": 0,
      "start": 9.78,
      "end": 11.36,
      "text": "2",
      "tokens": [
        17
      ],
      "temperature": 0.0,
      "avg_logprob": -0.28562411394986237,
      "compression_ratio": 1.0,
      "no_speech_prob": 0.8409799933433533,
      "confidence": 0.919,
      "words": [
        {
          "text": "2",
          "start": 9.78,
          "end": 11.36,
          "confidence": 0.919
        }
      ]
    },
    {
      "id": 6,
      "seek": 0,
      "start": 11.82,
      "end": 13.4,
      "text": "2",
      "tokens": [
        17
      ],
      "temperature": 0.0,
      "avg_logprob": -0.28562411394986237,
      "compression_ratio": 1.0,
      "no_speech_prob": 0.8409799933433533,
      "confidence": 0.657,
      "words": [
        {
          "text": "2",
          "start": 11.82,
          "end": 13.4,
          "confidence": 0.657
        }
      ]
    },
    {
      "id": 7,
      "seek": 0,
      "start": 13.7,
      "end": 15.55,
      "text": "2",
      "tokens": [
        17
      ],
      "temperature": 0.0,
      "avg_logprob": -0.28562411394986237,
      "compression_ratio": 1.0,
      "no_speech_prob": 0.8409799933433533,
      "confidence": 0.773,
      "words": [
        {
          "text": "2",
          "start": 13.7,
          "end": 15.55,
          "confidence": 0.773
        }
      ]
    },
    {
      "id": 8,
      "seek": 0,
      "start": 15.55,
      "end": 17.2,
      "text": "2",
      "tokens": [
        17
      ],
      "temperature": 0.0,
      "avg_logprob": -0.28562411394986237,
      "compression_ratio": 1.0,
      "no_speech_prob": 0.8409799933433533,
      "confidence": 0.905,
      "words": [
        {
          "text": "2",
          "start": 15.55,
          "end": 17.2,
          "confidence": 0.905
        }
      ]
    },
    {
      "id": 9,
      "seek": 0,
      "start": 17.52,
      "end": 19.24,
      "text": "2",
      "tokens": [
        17
      ],
      "temperature": 0.0,
      "avg_logprob": -0.28562411394986237,
      "compression_ratio": 1.0,
      "no_speech_prob": 0.8409799933433533,
      "confidence": 0.809,
      "words": [
        {
          "text": "2",
          "start": 17.52,
          "end": 19.24,
          "confidence": 0.809
        }
      ]
    },
    {
      "id": 10,
      "seek": 0,
      "start": 19.66,
      "end": 20.8,
      "text": "2",
      "tokens": [
        17
      ],
      "temperature": 0.0,
      "avg_logprob": -0.28562411394986237,
      "compression_ratio": 1.0,
      "no_speech_prob": 0.8409799933433533,
      "confidence": 0.626,
      "words": [
        {
          "text": "2",
          "start": 19.66,
          "end": 20.8,
          "confidence": 0.626
        }
      ]
    },
    {
      "id": 11,
      "seek": 0,
      "start": 22.06,
      "end": 22.92,
      "text": "2",
      "tokens": [
        17
      ],
      "temperature": 0.0,
      "avg_logprob": -0.28562411394986237,
      "compression_ratio": 1.0,
      "no_speech_prob": 0.8409799933433533,
      "confidence": 0.834,
      "words": [
        {
          "text": "2",
          "start": 22.06,
          "end": 22.92,
          "confidence": 0.834
        }
      ]
    },
    {
      "id": 12,
      "seek": 0,
      "start": 23.58,
      "end": 25.1,
      "text": "2",
      "tokens": [
        17
      ],
      "temperature": 0.0,
      "avg_logprob": -0.28562411394986237,
      "compression_ratio": 1.0,
      "no_speech_prob": 0.8409799933433533,
      "confidence": 0.974,
      "words": [
        {
          "text": "2",
          "start": 23.58,
          "end": 25.1,
          "confidence": 0.974
        }
      ]
    },
    {
      "id": 13,
      "seek": 0,
      "start": 26.5,
      "end": 27.08,
      "text": "2",
      "tokens": [
        17
      ],
      "temperature": 0.0,
      "avg_logprob": -0.28562411394986237,
      "compression_ratio": 1.0,
      "no_speech_prob": 0.8409799933433533,
      "confidence": 0.971,
      "words": [
        {
          "text": "2",
          "start": 26.5,
          "end": 27.08,
          "confidence": 0.971
        }
      ]
    },
    {
      "id": 14,
      "seek": 2800,
      "start": 28.14,
      "end": 29.62,
      "text": "1",
      "tokens": [
        16
      ],
      "temperature": 0.0,
      "avg_logprob": -0.1228179931640625,
      "compression_ratio": 1.2727272727272727,
      "no_speech_prob": 0.023541854694485664,
      "confidence": 0.273,
      "words": [
        {
          "text": "1",
          "start": 28.14,
          "end": 29.62,
          "confidence": 0.273
        }
      ]
    },
    {
      "id": 15,
      "seek": 2800,
      "start": 29.84,
      "end": 31.16,
      "text": "1",
      "tokens": [
        16
      ],
      "temperature": 0.0,
      "avg_logprob": -0.1228179931640625,
      "compression_ratio": 1.2727272727272727,
      "no_speech_prob": 0.023541854694485664,
      "confidence": 0.511,
      "words": [
        {
          "text": "1",
          "start": 29.84,
          "end": 31.16,
          "confidence": 0.511
        }
      ]
    },
    {
      "id": 16,
      "seek": 2800,
      "start": 32.06,
      "end": 33.24,
      "text": "1",
      "tokens": [
        16
      ],
      "temperature": 0.0,
      "avg_logprob": -0.1228179931640625,
      "compression_ratio": 1.2727272727272727,
      "no_speech_prob": 0.023541854694485664,
      "confidence": 0.911,
      "words": [
        {
          "text": "1",
          "start": 32.06,
          "end": 33.24,
          "confidence": 0.911
        }
      ]
    },
    {
      "id": 17,
      "seek": 2800,
      "start": 33.52,
      "end": 35.1,
      "text": "1",
      "tokens": [
        16
      ],
      "temperature": 0.0,
      "avg_logprob": -0.1228179931640625,
      "compression_ratio": 1.2727272727272727,
      "no_speech_prob": 0.023541854694485664,
      "confidence": 0.894,
      "words": [
        {
          "text": "1",
          "start": 33.52,
          "end": 35.1,
          "confidence": 0.894
        }
      ]
    },
    {
      "id": 18,
      "seek": 2800,
      "start": 36.18,
      "end": 36.66,
      "text": "1",
      "tokens": [
        16
      ],
      "temperature": 0.0,
      "avg_logprob": -0.1228179931640625,
      "compression_ratio": 1.2727272727272727,
      "no_speech_prob": 0.023541854694485664,
      "confidence": 0.957,
      "words": [
        {
          "text": "1",
          "start": 36.18,
          "end": 36.66,
          "confidence": 0.957
        }
      ]
    },
    {
      "id": 19,
      "seek": 2800,
      "start": 37.52,
      "end": 38.48,
      "text": "1",
      "tokens": [
        16
      ],
      "temperature": 0.0,
      "avg_logprob": -0.1228179931640625,
      "compression_ratio": 1.2727272727272727,
      "no_speech_prob": 0.023541854694485664,
      "confidence": 0.957,
      "words": [
        {
          "text": "1",
          "start": 37.52,
          "end": 38.48,
          "confidence": 0.957
        }
      ]
    },
    {
      "id": 20,
      "seek": 2800,
      "start": 39.52,
      "end": 41.14,
      "text": "1",
      "tokens": [
        16
      ],
      "temperature": 0.0,
      "avg_logprob": -0.1228179931640625,
      "compression_ratio": 1.2727272727272727,
      "no_speech_prob": 0.023541854694485664,
      "confidence": 0.967,
      "words": [
        {
          "text": "1",
          "start": 39.52,
          "end": 41.14,
          "confidence": 0.967
        }
      ]
    },
    {
      "id": 21,
      "seek": 2800,
      "start": 41.74,
      "end": 43.38,
      "text": "1",
      "tokens": [
        16
      ],
      "temperature": 0.0,
      "avg_logprob": -0.1228179931640625,
      "compression_ratio": 1.2727272727272727,
      "no_speech_prob": 0.023541854694485664,
      "confidence": 0.973,
      "words": [
        {
          "text": "1",
          "start": 41.74,
          "end": 43.38,
          "confidence": 0.973
        }
      ]
    },
    {
      "id": 22,
      "seek": 2800,
      "start": 43.88,
      "end": 44.7,
      "text": "1",
      "tokens": [
        16
      ],
      "temperature": 0.0,
      "avg_logprob": -0.1228179931640625,
      "compression_ratio": 1.2727272727272727,
      "no_speech_prob": 0.023541854694485664,
      "confidence": 0.944,
      "words": [
        {
          "text": "1",
          "start": 43.88,
          "end": 44.7,
          "confidence": 0.944
        }
      ]
    },
    {
      "id": 23,
      "seek": 2800,
      "start": 45.52,
      "end": 47.18,
      "text": "1",
      "tokens": [
        16
      ],
      "temperature": 0.0,
      "avg_logprob": -0.1228179931640625,
      "compression_ratio": 1.2727272727272727,
      "no_speech_prob": 0.023541854694485664,
      "confidence": 0.959,
      "words": [
        {
          "text": "1",
          "start": 45.52,
          "end": 47.18,
          "confidence": 0.959
        }
      ]
    },
    {
      "id": 24,
      "seek": 2800,
      "start": 47.82,
      "end": 48.82,
      "text": "1",
      "tokens": [
        16
      ],
      "temperature": 0.0,
      "avg_logprob": -0.1228179931640625,
      "compression_ratio": 1.2727272727272727,
      "no_speech_prob": 0.023541854694485664,
      "confidence": 0.966,
      "words": [
        {
          "text": "1",
          "start": 47.82,
          "end": 48.82,
          "confidence": 0.966
        }
      ]
    },
    {
      "id": 25,
      "seek": 2800,
      "start": 50.22,
      "end": 50.96,
      "text": "1",
      "tokens": [
        16
      ],
      "temperature": 0.0,
      "avg_logprob": -0.1228179931640625,
      "compression_ratio": 1.2727272727272727,
      "no_speech_prob": 0.023541854694485664,
      "confidence": 0.968,
      "words": [
        {
          "text": "1",
          "start": 50.22,
          "end": 50.96,
          "confidence": 0.968
        }
      ]
    },
    {
      "id": 26,
      "seek": 2800,
      "start": 52.22,
      "end": 52.84,
      "text": "1",
      "tokens": [
        16
      ],
      "temperature": 0.0,
      "avg_logprob": -0.1228179931640625,
      "compression_ratio": 1.2727272727272727,
      "no_speech_prob": 0.023541854694485664,
      "confidence": 0.964,
      "words": [
        {
          "text": "1",
          "start": 52.22,
          "end": 52.84,
          "confidence": 0.964
        }
      ]
    },
    {
      "id": 27,
      "seek": 2800,
      "start": 53.52,
      "end": 54.8,
      "text": "1",
      "tokens": [
        16
      ],
      "temperature": 0.0,
      "avg_logprob": -0.1228179931640625,
      "compression_ratio": 1.2727272727272727,
      "no_speech_prob": 0.023541854694485664,
      "confidence": 0.944,
      "words": [
        {
          "text": "1",
          "start": 53.52,
          "end": 54.8,
          "confidence": 0.944
        }
      ]
    },
    {
      "id": 28,
      "seek": 5600,
      "start": 56.56,
      "end": 57.26,
      "text": "1",
      "tokens": [
        16
      ],
      "temperature": 0.0,
      "avg_logprob": -0.12142760103399103,
      "compression_ratio": 1.2727272727272727,
      "no_speech_prob": 0.015557894483208656,
      "confidence": 0.371,
      "words": [
        {
          "text": "1",
          "start": 56.56,
          "end": 57.26,
          "confidence": 0.371
        }
      ]
    },
    {
      "id": 29,
      "seek": 5600,
      "start": 57.66,
      "end": 58.88,
      "text": "1",
      "tokens": [
        16
      ],
      "temperature": 0.0,
      "avg_logprob": -0.12142760103399103,
      "compression_ratio": 1.2727272727272727,
      "no_speech_prob": 0.015557894483208656,
      "confidence": 0.76,
      "words": [
        {
          "text": "1",
          "start": 57.66,
          "end": 58.88,
          "confidence": 0.76
        }
      ]
    },
    {
      "id": 30,
      "seek": 5600,
      "start": 60.1,
      "end": 60.92,
      "text": "1",
      "tokens": [
        16
      ],
      "temperature": 0.0,
      "avg_logprob": -0.12142760103399103,
      "compression_ratio": 1.2727272727272727,
      "no_speech_prob": 0.015557894483208656,
      "confidence": 0.952,
      "words": [
        {
          "text": "1",
          "start": 60.1,
          "end": 60.92,
          "confidence": 0.952
        }
      ]
    },
    {
      "id": 31,
      "seek": 5600,
      "start": 61.52,
      "end": 62.64,
      "text": "1",
      "tokens": [
        16
      ],
      "temperature": 0.0,
      "avg_logprob": -0.12142760103399103,
      "compression_ratio": 1.2727272727272727,
      "no_speech_prob": 0.015557894483208656,
      "confidence": 0.949,
      "words": [
        {
          "text": "1",
          "start": 61.52,
          "end": 62.64,
          "confidence": 0.949
        }
      ]
    },
    {
      "id": 32,
      "seek": 5600,
      "start": 64.38,
      "end": 65.06,
      "text": "1",
      "tokens": [
        16
      ],
      "temperature": 0.0,
      "avg_logprob": -0.12142760103399103,
      "compression_ratio": 1.2727272727272727,
      "no_speech_prob": 0.015557894483208656,
      "confidence": 0.953,
      "words": [
        {
          "text": "1",
          "start": 64.38,
          "end": 65.06,
          "confidence": 0.953
        }
      ]
    },
    {
      "id": 33,
      "seek": 5600,
      "start": 65.52,
      "end": 66.94,
      "text": "1",
      "tokens": [
        16
      ],
      "temperature": 0.0,
      "avg_logprob": -0.12142760103399103,
      "compression_ratio": 1.2727272727272727,
      "no_speech_prob": 0.015557894483208656,
      "confidence": 0.952,
      "words": [
        {
          "text": "1",
          "start": 65.52,
          "end": 66.94,
          "confidence": 0.952
        }
      ]
    },
    {
      "id": 34,
      "seek": 5600,
      "start": 67.98,
      "end": 69.08,
      "text": "1",
      "tokens": [
        16
      ],
      "temperature": 0.0,
      "avg_logprob": -0.12142760103399103,
      "compression_ratio": 1.2727272727272727,
      "no_speech_prob": 0.015557894483208656,
      "confidence": 0.966,
      "words": [
        {
          "text": "1",
          "start": 67.98,
          "end": 69.08,
          "confidence": 0.966
        }
      ]
    },
    {
      "id": 35,
      "seek": 5600,
      "start": 70.38,
      "end": 71.71,
      "text": "1",
      "tokens": [
        16
      ],
      "temperature": 0.0,
      "avg_logprob": -0.12142760103399103,
      "compression_ratio": 1.2727272727272727,
      "no_speech_prob": 0.015557894483208656,
      "confidence": 0.957,
      "words": [
        {
          "text": "1",
          "start": 70.38,
          "end": 71.71,
          "confidence": 0.957
        }
      ]
    },
    {
      "id": 36,
      "seek": 5600,
      "start": 71.71,
      "end": 73.64,
      "text": "1",
      "tokens": [
        16
      ],
      "temperature": 0.0,
      "avg_logprob": -0.12142760103399103,
      "compression_ratio": 1.2727272727272727,
      "no_speech_prob": 0.015557894483208656,
      "confidence": 0.957,
      "words": [
        {
          "text": "1",
          "start": 71.71,
          "end": 73.64,
          "confidence": 0.957
        }
      ]
    },
    {
      "id": 37,
      "seek": 5600,
      "start": 73.9,
      "end": 75.34,
      "text": "1",
      "tokens": [
        16
      ],
      "temperature": 0.0,
      "avg_logprob": -0.12142760103399103,
      "compression_ratio": 1.2727272727272727,
      "no_speech_prob": 0.015557894483208656,
      "confidence": 0.953,
      "words": [
        {
          "text": "1",
          "start": 73.9,
          "end": 75.34,
          "confidence": 0.953
        }
      ]
    },
    {
      "id": 38,
      "seek": 5600,
      "start": 75.52,
      "end": 76.42,
      "text": "1",
      "tokens": [
        16
      ],
      "temperature": 0.0,
      "avg_logprob": -0.12142760103399103,
      "compression_ratio": 1.2727272727272727,
      "no_speech_prob": 0.015557894483208656,
      "confidence": 0.942,
      "words": [
        {
          "text": "1",
          "start": 75.52,
          "end": 76.42,
          "confidence": 0.942
        }
      ]
    },
    {
      "id": 39,
      "seek": 5600,
      "start": 78.14,
      "end": 78.84,
      "text": "1",
      "tokens": [
        16
      ],
      "temperature": 0.0,
      "avg_logprob": -0.12142760103399103,
      "compression_ratio": 1.2727272727272727,
      "no_speech_prob": 0.015557894483208656,
      "confidence": 0.936,
      "words": [
        {
          "text": "1",
          "start": 78.14,
          "end": 78.84,
          "confidence": 0.936
        }
      ]
    },
    {
      "id": 40,
      "seek": 5600,
      "start": 80.1,
      "end": 80.86,
      "text": "1",
      "tokens": [
        16
      ],
      "temperature": 0.0,
      "avg_logprob": -0.12142760103399103,
      "compression_ratio": 1.2727272727272727,
      "no_speech_prob": 0.015557894483208656,
      "confidence": 0.928,
      "words": [
        {
          "text": "1",
          "start": 80.1,
          "end": 80.86,
          "confidence": 0.928
        }
      ]
    },
    {
      "id": 41,
      "seek": 5600,
      "start": 81.52,
      "end": 82.84,
      "text": "1",
      "tokens": [
        16
      ],
      "temperature": 0.0,
      "avg_logprob": -0.12142760103399103,
      "compression_ratio": 1.2727272727272727,
      "no_speech_prob": 0.015557894483208656,
      "confidence": 0.903,
      "words": [
        {
          "text": "1",
          "start": 81.52,
          "end": 82.84,
          "confidence": 0.903
        }
      ]
    },
    {
      "id": 42,
      "seek": 8400,
      "start": 84.82,
      "end": 85.3,
      "text": "1",
      "tokens": [
        16
      ],
      "temperature": 0.0,
      "avg_logprob": -0.1062340194528753,
      "compression_ratio": 1.2727272727272727,
      "no_speech_prob": 0.029495790600776672,
      "confidence": 0.822,
      "words": [
        {
          "text": "1",
          "start": 84.82,
          "end": 85.3,
          "confidence": 0.822
        }
      ]
    },
    {
      "id": 43,
      "seek": 8400,
      "start": 85.52,
      "end": 86.82,
      "text": "1",
      "tokens": [
        16
      ],
      "temperature": 0.0,
      "avg_logprob": -0.1062340194528753,
      "compression_ratio": 1.2727272727272727,
      "no_speech_prob": 0.029495790600776672,
      "confidence": 0.885,
      "words": [
        {
          "text": "1",
          "start": 85.52,
          "end": 86.82,
          "confidence": 0.885
        }
      ]
    },
    {
      "id": 44,
      "seek": 8400,
      "start": 87.76,
      "end": 88.72,
      "text": "1",
      "tokens": [
        16
      ],
      "temperature": 0.0,
      "avg_logprob": -0.1062340194528753,
      "compression_ratio": 1.2727272727272727,
      "no_speech_prob": 0.029495790600776672,
      "confidence": 0.958,
      "words": [
        {
          "text": "1",
          "start": 87.76,
          "end": 88.72,
          "confidence": 0.958
        }
      ]
    },
    {
      "id": 45,
      "seek": 8400,
      "start": 89.52,
      "end": 90.5,
      "text": "1",
      "tokens": [
        16
      ],
      "temperature": 0.0,
      "avg_logprob": -0.1062340194528753,
      "compression_ratio": 1.2727272727272727,
      "no_speech_prob": 0.029495790600776672,
      "confidence": 0.952,
      "words": [
        {
          "text": "1",
          "start": 89.52,
          "end": 90.5,
          "confidence": 0.952
        }
      ]
    },
    {
      "id": 46,
      "seek": 8400,
      "start": 91.52,
      "end": 93.04,
      "text": "1",
      "tokens": [
        16
      ],
      "temperature": 0.0,
      "avg_logprob": -0.1062340194528753,
      "compression_ratio": 1.2727272727272727,
      "no_speech_prob": 0.029495790600776672,
      "confidence": 0.917,
      "words": [
        {
          "text": "1",
          "start": 91.52,
          "end": 93.04,
          "confidence": 0.917
        }
      ]
    },
    {
      "id": 47,
      "seek": 8400,
      "start": 93.68,
      "end": 95.38,
      "text": "1",
      "tokens": [
        16
      ],
      "temperature": 0.0,
      "avg_logprob": -0.1062340194528753,
      "compression_ratio": 1.2727272727272727,
      "no_speech_prob": 0.029495790600776672,
      "confidence": 0.947,
      "words": [
        {
          "text": "1",
          "start": 93.68,
          "end": 95.38,
          "confidence": 0.947
        }
      ]
    },
    {
      "id": 48,
      "seek": 8400,
      "start": 95.86,
      "end": 97.44,
      "text": "1",
      "tokens": [
        16
      ],
      "temperature": 0.0,
      "avg_logprob": -0.1062340194528753,
      "compression_ratio": 1.2727272727272727,
      "no_speech_prob": 0.029495790600776672,
      "confidence": 0.97,
      "words": [
        {
          "text": "1",
          "start": 95.86,
          "end": 97.44,
          "confidence": 0.97
        }
      ]
    },
    {
      "id": 49,
      "seek": 8400,
      "start": 97.58,
      "end": 99.0,
      "text": "1",
      "tokens": [
        16
      ],
      "temperature": 0.0,
      "avg_logprob": -0.1062340194528753,
      "compression_ratio": 1.2727272727272727,
      "no_speech_prob": 0.029495790600776672,
      "confidence": 0.976,
      "words": [
        {
          "text": "1",
          "start": 97.58,
          "end": 99.0,
          "confidence": 0.976
        }
      ]
    },
    {
      "id": 50,
      "seek": 8400,
      "start": 99.54,
      "end": 101.12,
      "text": "1",
      "tokens": [
        16
      ],
      "temperature": 0.0,
      "avg_logprob": -0.1062340194528753,
      "compression_ratio": 1.2727272727272727,
      "no_speech_prob": 0.029495790600776672,
      "confidence": 0.984,
      "words": [
        {
          "text": "1",
          "start": 99.54,
          "end": 101.12,
          "confidence": 0.984
        }
      ]
    },
    {
      "id": 51,
      "seek": 8400,
      "start": 101.52,
      "end": 103.52,
      "text": "1",
      "tokens": [
        16
      ],
      "temperature": 0.0,
      "avg_logprob": -0.1062340194528753,
      "compression_ratio": 1.2727272727272727,
      "no_speech_prob": 0.029495790600776672,
      "confidence": 0.985,
      "words": [
        {
          "text": "1",
          "start": 101.52,
          "end": 103.52,
          "confidence": 0.985
        }
      ]
    },
    {
      "id": 52,
      "seek": 8400,
      "start": 103.52,
      "end": 105.46,
      "text": "1",
      "tokens": [
        16
      ],
      "temperature": 0.0,
      "avg_logprob": -0.1062340194528753,
      "compression_ratio": 1.2727272727272727,
      "no_speech_prob": 0.029495790600776672,
      "confidence": 0.988,
      "words": [
        {
          "text": "1",
          "start": 103.52,
          "end": 105.46,
          "confidence": 0.988
        }
      ]
    },
    {
      "id": 53,
      "seek": 8400,
      "start": 105.58,
      "end": 107.08,
      "text": "1",
      "tokens": [
        16
      ],
      "temperature": 0.0,
      "avg_logprob": -0.1062340194528753,
      "compression_ratio": 1.2727272727272727,
      "no_speech_prob": 0.029495790600776672,
      "confidence": 0.957,
      "words": [
        {
          "text": "1",
          "start": 105.58,
          "end": 107.08,
          "confidence": 0.957
        }
      ]
    },
    {
      "id": 54,
      "seek": 8400,
      "start": 108.34,
      "end": 109.0,
      "text": "1",
      "tokens": [
        16
      ],
      "temperature": 0.0,
      "avg_logprob": -0.1062340194528753,
      "compression_ratio": 1.2727272727272727,
      "no_speech_prob": 0.029495790600776672,
      "confidence": 0.946,
      "words": [
        {
          "text": "1",
          "start": 108.34,
          "end": 109.0,
          "confidence": 0.946
        }
      ]
    },
    {
      "id": 55,
      "seek": 8400,
      "start": 109.52,
      "end": 110.42,
      "text": "1",
      "tokens": [
        16
      ],
      "temperature": 0.0,
      "avg_logprob": -0.1062340194528753,
      "compression_ratio": 1.2727272727272727,
      "no_speech_prob": 0.029495790600776672,
      "confidence": 0.889,
      "words": [
        {
          "text": "1",
          "start": 109.52,
          "end": 110.42,
          "confidence": 0.889
        }
      ]
    },
    {
      "id": 56,
      "seek": 11200,
      "start": 112.78,
      "end": 113.34,
      "text": "1",
      "tokens": [
        16
      ],
      "temperature": 0.0,
      "avg_logprob": -0.10628110712224786,
      "compression_ratio": 1.2727272727272727,
      "no_speech_prob": 0.050510652363300323,
      "confidence": 0.895,
      "words": [
        {
          "text": "1",
          "start": 112.78,
          "end": 113.34,
          "confidence": 0.895
        }
      ]
    },
    {
      "id": 57,
      "seek": 11200,
      "start": 114.04,
      "end": 114.84,
      "text": "1",
      "tokens": [
        16
      ],
      "temperature": 0.0,
      "avg_logprob": -0.10628110712224786,
      "compression_ratio": 1.2727272727272727,
      "no_speech_prob": 0.050510652363300323,
      "confidence": 0.871,
      "words": [
        {
          "text": "1",
          "start": 114.04,
          "end": 114.84,
          "confidence": 0.871
        }
      ]
    },
    {
      "id": 58,
      "seek": 11200,
      "start": 116.14,
      "end": 117.32,
      "text": "1",
      "tokens": [
        16
      ],
      "temperature": 0.0,
      "avg_logprob": -0.10628110712224786,
      "compression_ratio": 1.2727272727272727,
      "no_speech_prob": 0.050510652363300323,
      "confidence": 0.977,
      "words": [
        {
          "text": "1",
          "start": 116.14,
          "end": 117.32,
          "confidence": 0.977
        }
      ]
    },
    {
      "id": 59,
      "seek": 11200,
      "start": 117.52,
      "end": 118.68,
      "text": "1",
      "tokens": [
        16
      ],
      "temperature": 0.0,
      "avg_logprob": -0.10628110712224786,
      "compression_ratio": 1.2727272727272727,
      "no_speech_prob": 0.050510652363300323,
      "confidence": 0.974,
      "words": [
        {
          "text": "1",
          "start": 117.52,
          "end": 118.68,
          "confidence": 0.974
        }
      ]
    },
    {
      "id": 60,
      "seek": 11200,
      "start": 119.52,
      "end": 121.12,
      "text": "1",
      "tokens": [
        16
      ],
      "temperature": 0.0,
      "avg_logprob": -0.10628110712224786,
      "compression_ratio": 1.2727272727272727,
      "no_speech_prob": 0.050510652363300323,
      "confidence": 0.957,
      "words": [
        {
          "text": "1",
          "start": 119.52,
          "end": 121.12,
          "confidence": 0.957
        }
      ]
    },
    {
      "id": 61,
      "seek": 11200,
      "start": 121.9,
      "end": 123.3,
      "text": "1",
      "tokens": [
        16
      ],
      "temperature": 0.0,
      "avg_logprob": -0.10628110712224786,
      "compression_ratio": 1.2727272727272727,
      "no_speech_prob": 0.050510652363300323,
      "confidence": 0.959,
      "words": [
        {
          "text": "1",
          "start": 121.9,
          "end": 123.3,
          "confidence": 0.959
        }
      ]
    },
    {
      "id": 62,
      "seek": 11200,
      "start": 123.92,
      "end": 125.48,
      "text": "1",
      "tokens": [
        16
      ],
      "temperature": 0.0,
      "avg_logprob": -0.10628110712224786,
      "compression_ratio": 1.2727272727272727,
      "no_speech_prob": 0.050510652363300323,
      "confidence": 0.967,
      "words": [
        {
          "text": "1",
          "start": 123.92,
          "end": 125.48,
          "confidence": 0.967
        }
      ]
    },
    {
      "id": 63,
      "seek": 11200,
      "start": 125.66,
      "end": 127.18,
      "text": "1",
      "tokens": [
        16
      ],
      "temperature": 0.0,
      "avg_logprob": -0.10628110712224786,
      "compression_ratio": 1.2727272727272727,
      "no_speech_prob": 0.050510652363300323,
      "confidence": 0.967,
      "words": [
        {
          "text": "1",
          "start": 125.66,
          "end": 127.18,
          "confidence": 0.967
        }
      ]
    },
    {
      "id": 64,
      "seek": 11200,
      "start": 127.52,
      "end": 128.92,
      "text": "1",
      "tokens": [
        16
      ],
      "temperature": 0.0,
      "avg_logprob": -0.10628110712224786,
      "compression_ratio": 1.2727272727272727,
      "no_speech_prob": 0.050510652363300323,
      "confidence": 0.961,
      "words": [
        {
          "text": "1",
          "start": 127.52,
          "end": 128.92,
          "confidence": 0.961
        }
      ]
    },
    {
      "id": 65,
      "seek": 11200,
      "start": 129.52,
      "end": 131.06,
      "text": "1",
      "tokens": [
        16
      ],
      "temperature": 0.0,
      "avg_logprob": -0.10628110712224786,
      "compression_ratio": 1.2727272727272727,
      "no_speech_prob": 0.050510652363300323,
      "confidence": 0.966,
      "words": [
        {
          "text": "1",
          "start": 129.52,
          "end": 131.06,
          "confidence": 0.966
        }
      ]
    },
    {
      "id": 66,
      "seek": 11200,
      "start": 131.52,
      "end": 133.28,
      "text": "1",
      "tokens": [
        16
      ],
      "temperature": 0.0,
      "avg_logprob": -0.10628110712224786,
      "compression_ratio": 1.2727272727272727,
      "no_speech_prob": 0.050510652363300323,
      "confidence": 0.968,
      "words": [
        {
          "text": "1",
          "start": 131.52,
          "end": 133.28,
          "confidence": 0.968
        }
      ]
    },
    {
      "id": 67,
      "seek": 11200,
      "start": 133.7,
      "end": 135.04,
      "text": "1",
      "tokens": [
        16
      ],
      "temperature": 0.0,
      "avg_logprob": -0.10628110712224786,
      "compression_ratio": 1.2727272727272727,
      "no_speech_prob": 0.050510652363300323,
      "confidence": 0.966,
      "words": [
        {
          "text": "1",
          "start": 133.7,
          "end": 135.04,
          "confidence": 0.966
        }
      ]
    },
    {
      "id": 68,
      "seek": 11200,
      "start": 135.52,
      "end": 137.28,
      "text": "1",
      "tokens": [
        16
      ],
      "temperature": 0.0,
      "avg_logprob": -0.10628110712224786,
      "compression_ratio": 1.2727272727272727,
      "no_speech_prob": 0.050510652363300323,
      "confidence": 0.971,
      "words": [
        {
          "text": "1",
          "start": 135.52,
          "end": 137.28,
          "confidence": 0.971
        }
      ]
    },
    {
      "id": 69,
      "seek": 11200,
      "start": 137.6,
      "end": 139.24,
      "text": "1",
      "tokens": [
        16
      ],
      "temperature": 0.0,
      "avg_logprob": -0.10628110712224786,
      "compression_ratio": 1.2727272727272727,
      "no_speech_prob": 0.050510652363300323,
      "confidence": 0.925,
      "words": [
        {
          "text": "1",
          "start": 137.6,
          "end": 139.24,
          "confidence": 0.925
        }
      ]
    }
  ],
  "language": "zh"
}