{
  "text": " حبّي أنصار الهدى حبّي ركب الفدا وطلّبي سأر الشاهد وطلّبي سأر الشاهد لمتى سنضل رقودا نغرق في النوم ونشخر وعن الآذان نسمّه ونغمّض كي لا نحسر",
  "segments": [
    {
      "id": 0,
      "seek": 0,
      "start": 0.36,
      "end": 7.48,
      "text": " حبّي أنصار الهدى",
      "tokens": [
        11331,
        3555,
        11703,
        1829,
        14739,
        9381,
        9640,
        2423,
        3224,
        3215,
        7578
      ],
      "temperature": 0.0,
      "avg_logprob": -0.5114293709779397,
      "compression_ratio": 1.1842105263157894,
      "no_speech_prob": 0.7993651032447815,
      "confidence": 0.651,
      "words": [
        {
          "text": "حبّي",
          "start": 0.36,
          "end": 4.28,
          "confidence": 0.436
        },
        {
          "text": "أنصار",
          "start": 4.28,
          "end": 5.72,
          "confidence": 0.795
        },
        {
          "text": "الهدى",
          "start": 5.72,
          "end": 7.48,
          "confidence": 0.837
        }
      ]
    },
    {
      "id": 1,
      "seek": 0,
      "start": 7.5,
      "end": 15.22,
      "text": " حبّي ركب الفدا",
      "tokens": [
        11331,
        3555,
        11703,
        1829,
        12602,
        4117,
        3555,
        27188,
        28259
      ],
      "temperature": 0.0,
      "avg_logprob": -0.5114293709779397,
      "compression_ratio": 1.1842105263157894,
      "no_speech_prob": 0.7993651032447815,
      "confidence": 0.829,
      "words": [
        {
          "text": "حبّي",
          "start": 7.5,
          "end": 12.58,
          "confidence": 0.875
        },
        {
          "text": "ركب",
          "start": 12.58,
          "end": 13.76,
          "confidence": 0.853
        },
        {
          "text": "الفدا",
          "start": 13.76,
          "end": 15.22,
          "confidence": 0.711
        }
      ]
    },
    {
      "id": 2,
      "seek": 0,
      "start": 15.5,
      "end": 23.44,
      "text": " وطلّبي سأر الشاهد",
      "tokens": [
        4032,
        9566,
        1211,
        11703,
        21292,
        8608,
        10721,
        2288,
        25124,
        40294,
        3215
      ],
      "temperature": 0.0,
      "avg_logprob": -0.5114293709779397,
      "compression_ratio": 1.1842105263157894,
      "no_speech_prob": 0.7993651032447815,
      "confidence": 0.587,
      "words": [
        {
          "text": "وطلّبي",
          "start": 15.5,
          "end": 20.68,
          "confidence": 0.54
        },
        {
          "text": "سأر",
          "start": 20.68,
          "end": 21.78,
          "confidence": 0.94
        },
        {
          "text": "الشاهد",
          "start": 21.78,
          "end": 23.44,
          "confidence": 0.421
        }
      ]
    },
    {
      "id": 3,
      "seek": 2300,
      "start": 23.46,
      "end": 28.92,
      "text": " وطلّبي سأر الشاهد",
      "tokens": [
        4032,
        9566,
        1211,
        11703,
        21292,
        8608,
        10721,
        2288,
        25124,
        40294,
        3215
      ],
      "temperature": 0.0,
      "avg_logprob": -0.20691199800861415,
      "compression_ratio": 1.3675213675213675,
      "no_speech_prob": 0.00013251384370960295,
      "confidence": 0.883,
      "words": [
        {
          "text": "وطلّبي",
          "start": 23.46,
          "end": 25.98,
          "confidence": 0.811
        },
        {
          "text": "سأر",
          "start": 25.98,
          "end": 27.12,
          "confidence": 0.959
        },
        {
          "text": "الشاهد",
          "start": 27.12,
          "end": 28.92,
          "confidence": 0.938
        }
      ]
    },
    {
      "id": 4,
      "seek": 2300,
      "start": 30.5,
      "end": 33.34,
      "text": " لمتى سنضل رقودا",
      "tokens": [
        32767,
        49975,
        8608,
        1863,
        11242,
        1211,
        12602,
        4587,
        23328,
        995
      ],
      "temperature": 0.0,
      "avg_logprob": -0.20691199800861415,
      "compression_ratio": 1.3675213675213675,
      "no_speech_prob": 0.00013251384370960295,
      "confidence": 0.697,
      "words": [
        {
          "text": "لمتى",
          "start": 30.5,
          "end": 31.5,
          "confidence": 0.66
        },
        {
          "text": "سنضل",
          "start": 31.5,
          "end": 32.34,
          "confidence": 0.75
        },
        {
          "text": "رقودا",
          "start": 32.34,
          "end": 33.34,
          "confidence": 0.665
        }
      ]
    },
    {
      "id": 5,
      "seek": 2300,
      "start": 33.34,
      "end": 35.9,
      "text": " نغرق في النوم ونشخر",
      "tokens": [
        8717,
        17082,
        2288,
        4587,
        8978,
        28239,
        20498,
        4032,
        1863,
        8592,
        34740
      ],
      "temperature": 0.0,
      "avg_logprob": -0.20691199800861415,
      "compression_ratio": 1.3675213675213675,
      "no_speech_prob": 0.00013251384370960295,
      "confidence": 0.931,
      "words": [
        {
          "text": "نغرق",
          "start": 33.34,
          "end": 34.22,
          "confidence": 0.904
        },
        {
          "text": "في",
          "start": 34.22,
          "end": 34.46,
          "confidence": 0.884
        },
        {
          "text": "النوم",
          "start": 34.46,
          "end": 35.06,
          "confidence": 0.976
        },
        {
          "text": "ونشخر",
          "start": 35.06,
          "end": 35.9,
          "confidence": 0.948
        }
      ]
    },
    {
      "id": 6,
      "seek": 2300,
      "start": 36.26,
      "end": 38.48,
      "text": " وعن الآذان نسمّه",
      "tokens": [
        4032,
        3615,
        1863,
        6024,
        95,
        8848,
        7649,
        8717,
        38251,
        11703,
        3224
      ],
      "temperature": 0.0,
      "avg_logprob": -0.20691199800861415,
      "compression_ratio": 1.3675213675213675,
      "no_speech_prob": 0.00013251384370960295,
      "confidence": 0.783,
      "words": [
        {
          "text": "وعن",
          "start": 36.26,
          "end": 36.78,
          "confidence": 0.911
        },
        {
          "text": "الآذان",
          "start": 36.78,
          "end": 37.72,
          "confidence": 0.811
        },
        {
          "text": "نسمّه",
          "start": 37.72,
          "end": 38.48,
          "confidence": 0.676
        }
      ]
    },
    {
      "id": 7,
      "seek": 3800,
      "start": 38.54,
      "end": 41.34,
      "text": " ونغمّض كي لا نحسر",
      "tokens": [
        50364,
        4032,
        1863,
        17082,
        2304,
        11703,
        11242,
        9122,
        1829,
        20193,
        8717,
        5016,
        3794,
        2288,
        51114
      ],
      "temperature": 0.0,
      "avg_logprob": -0.21256008744239807,
      "compression_ratio": 0.775,
      "no_speech_prob": 0.0009103076881729066,
      "confidence": 0.806,
      "words": [
        {
          "text": "ونغمّض",
          "start": 38.54,
          "end": 39.88,
          "confidence": 0.919
        },
        {
          "text": "كي",
          "start": 39.88,
          "end": 40.28,
          "confidence": 0.766
        },
        {
          "text": "لا",
          "start": 40.28,
          "end": 40.56,
          "confidence": 0.826
        },
        {
          "text": "نحسر",
          "start": 40.56,
          "end": 41.34,
          "confidence": 0.674
        }
      ]
    }
  ],
  "language": "Arabic"
}