{
  "text": " Apollo 11, Houston. We got a recommendation for you on your Doiges EA, LM-EGEA. Over. Go ahead. Okay. We'd like to see if they'd like to go on the helmet we were going to have in B-1. And you can put the other one on Mike, Melvin, and we're still seeing a sleep restraint, over. I got a little bit on Melvin and D1. The other one might go under sleep restraint. We've got them in their helmet bags. And I'll get the helmet back. I'll leave the pack. Roger. Roger, I'll take the next day out of the field. We won't hang me on the cover. With the cover, I tried it already. Okay, fine. We weren't sure that this was a suggestion. We thought you could check it out, So, uh, I guess, uh, wherever you come up with, just let us know. OK. It's no problem. We'll let you know where to end up. life hello I love it. I love it. Bye.",
  "segments": [
    {
      "id": 0,
      "seek": 0,
      "start": 0.38,
      "end": 6.94,
      "text": " Apollo 11, Houston. We got a recommendation for you on your Doiges EA, LM-EGEA. Over.",
      "tokens": [
        25187,
        2975,
        11,
        18717,
        13,
        492,
        658,
        257,
        850,
        298,
        76,
        521,
        399,
        337,
        291,
        322,
        428,
        1144,
        328,
        279,
        35747,
        11,
        46529,
        12,
        36,
        9177,
        32,
        13,
        4886,
        13
      ],
      "temperature": 0.4,
      "avg_logprob": -0.6325056241906207,
      "compression_ratio": 1.4404145077720207,
      "no_speech_prob": 0.3341304659843445,
      "confidence": 0.473,
      "words": [
        {
          "text": "Apollo",
          "start": 0.38,
          "end": 0.94,
          "confidence": 0.79
        },
        {
          "text": "11,",
          "start": 0.94,
          "end": 1.32,
          "confidence": 0.877
        },
        {
          "text": "Houston.",
          "start": 1.5,
          "end": 1.74,
          "confidence": 0.827
        },
        {
          "text": "We",
          "start": 1.9,
          "end": 1.96,
          "confidence": 0.836
        },
        {
          "text": "got",
          "start": 1.96,
          "end": 2.1,
          "confidence": 0.639
        },
        {
          "text": "a",
          "start": 2.1,
          "end": 2.3,
          "confidence": 0.995
        },
        {
          "text": "recommendation",
          "start": 2.3,
          "end": 3.18,
          "confidence": 0.355
        },
        {
          "text": "for",
          "start": 3.18,
          "end": 3.46,
          "confidence": 0.855
        },
        {
          "text": "you",
          "start": 3.46,
          "end": 3.62,
          "confidence": 0.858
        },
        {
          "text": "on",
          "start": 3.62,
          "end": 3.76,
          "confidence": 0.866
        },
        {
          "text": "your",
          "start": 3.76,
          "end": 4.06,
          "confidence": 0.761
        },
        {
          "text": "Doiges",
          "start": 4.06,
          "end": 4.88,
          "confidence": 0.161
        },
        {
          "text": "EA,",
          "start": 4.88,
          "end": 5.24,
          "confidence": 0.213
        },
        {
          "text": "LM-EGEA.",
          "start": 5.4,
          "end": 6.7,
          "confidence": 0.455
        },
        {
          "text": "Over.",
          "start": 6.8,
          "end": 6.94,
          "confidence": 0.516
        }
      ]
    },
    {
      "id": 1,
      "seek": 0,
      "start": 10.5,
      "end": 11.16,
      "text": " Go ahead.",
      "tokens": [
        1037,
        2286,
        13
      ],
      "temperature": 0.4,
      "avg_logprob": -0.6325056241906207,
      "compression_ratio": 1.4404145077720207,
      "no_speech_prob": 0.3341304659843445,
      "confidence": 0.86,
      "words": [
        {
          "text": "Go",
          "start": 10.5,
          "end": 11.0,
          "confidence": 0.862
        },
        {
          "text": "ahead.",
          "start": 11.0,
          "end": 11.16,
          "confidence": 0.859
        }
      ]
    },
    {
      "id": 2,
      "seek": 0,
      "start": 11.5,
      "end": 19.08,
      "text": " Okay. We'd like to see if they'd like to go on the helmet we were going to have in B-1.",
      "tokens": [
        1033,
        13,
        492,
        1116,
        411,
        281,
        536,
        498,
        436,
        1116,
        411,
        281,
        352,
        322,
        264,
        15922,
        321,
        645,
        516,
        281,
        362,
        294,
        363,
        12,
        16,
        13
      ],
      "temperature": 0.4,
      "avg_logprob": -0.6325056241906207,
      "compression_ratio": 1.4404145077720207,
      "no_speech_prob": 0.3341304659843445,
      "confidence": 0.499,
      "words": [
        {
          "text": "Okay.",
          "start": 11.5,
          "end": 12.3,
          "confidence": 0.512
        },
        {
          "text": "We'd",
          "start": 12.72,
          "end": 13.16,
          "confidence": 0.542
        },
        {
          "text": "like",
          "start": 13.16,
          "end": 13.32,
          "confidence": 0.876
        },
        {
          "text": "to",
          "start": 13.32,
          "end": 13.58,
          "confidence": 0.743
        },
        {
          "text": "see",
          "start": 13.58,
          "end": 14.04,
          "confidence": 0.184
        },
        {
          "text": "if",
          "start": 14.04,
          "end": 14.5,
          "confidence": 0.17
        },
        {
          "text": "they'd",
          "start": 14.5,
          "end": 15.34,
          "confidence": 0.281
        },
        {
          "text": "like",
          "start": 15.34,
          "end": 15.7,
          "confidence": 0.742
        },
        {
          "text": "to",
          "start": 15.7,
          "end": 15.9,
          "confidence": 0.708
        },
        {
          "text": "go",
          "start": 15.9,
          "end": 16.36,
          "confidence": 0.593
        },
        {
          "text": "on",
          "start": 16.36,
          "end": 16.56,
          "confidence": 0.783
        },
        {
          "text": "the",
          "start": 16.56,
          "end": 16.82,
          "confidence": 0.742
        },
        {
          "text": "helmet",
          "start": 16.82,
          "end": 17.32,
          "confidence": 0.615
        },
        {
          "text": "we",
          "start": 17.32,
          "end": 17.58,
          "confidence": 0.131
        },
        {
          "text": "were",
          "start": 17.58,
          "end": 17.82,
          "confidence": 0.127
        },
        {
          "text": "going",
          "start": 17.82,
          "end": 17.98,
          "confidence": 0.541
        },
        {
          "text": "to",
          "start": 17.98,
          "end": 18.1,
          "confidence": 0.896
        },
        {
          "text": "have",
          "start": 18.1,
          "end": 18.24,
          "confidence": 0.858
        },
        {
          "text": "in",
          "start": 18.24,
          "end": 18.4,
          "confidence": 0.839
        },
        {
          "text": "B-1.",
          "start": 18.4,
          "end": 19.08,
          "confidence": 0.712
        }
      ]
    },
    {
      "id": 3,
      "seek": 1900,
      "start": 19.08,
      "end": 25.14,
      "text": " And you can put the other one on Mike, Melvin, and we're still seeing a sleep restraint, over.",
      "tokens": [
        400,
        291,
        393,
        829,
        264,
        661,
        472,
        322,
        6602,
        11,
        7375,
        4796,
        11,
        293,
        321,
        434,
        920,
        2577,
        257,
        2817,
        49281,
        11,
        670,
        13
      ],
      "temperature": 0.4,
      "avg_logprob": -0.6800467583440966,
      "compression_ratio": 1.445945945945946,
      "no_speech_prob": 0.6720494627952576,
      "confidence": 0.422,
      "words": [
        {
          "text": "And",
          "start": 19.08,
          "end": 20.14,
          "confidence": 0.165
        },
        {
          "text": "you",
          "start": 20.14,
          "end": 20.34,
          "confidence": 0.803
        },
        {
          "text": "can",
          "start": 20.34,
          "end": 20.48,
          "confidence": 0.636
        },
        {
          "text": "put",
          "start": 20.48,
          "end": 20.64,
          "confidence": 0.857
        },
        {
          "text": "the",
          "start": 20.64,
          "end": 20.86,
          "confidence": 0.816
        },
        {
          "text": "other",
          "start": 20.86,
          "end": 21.02,
          "confidence": 0.777
        },
        {
          "text": "one",
          "start": 21.02,
          "end": 21.22,
          "confidence": 0.798
        },
        {
          "text": "on",
          "start": 21.22,
          "end": 21.46,
          "confidence": 0.887
        },
        {
          "text": "Mike,",
          "start": 21.46,
          "end": 22.54,
          "confidence": 0.641
        },
        {
          "text": "Melvin,",
          "start": 22.64,
          "end": 22.9,
          "confidence": 0.134
        },
        {
          "text": "and",
          "start": 23.04,
          "end": 23.08,
          "confidence": 0.084
        },
        {
          "text": "we're",
          "start": 23.08,
          "end": 23.18,
          "confidence": 0.228
        },
        {
          "text": "still",
          "start": 23.18,
          "end": 23.34,
          "confidence": 0.614
        },
        {
          "text": "seeing",
          "start": 23.34,
          "end": 23.64,
          "confidence": 0.59
        },
        {
          "text": "a",
          "start": 23.64,
          "end": 23.86,
          "confidence": 0.207
        },
        {
          "text": "sleep",
          "start": 23.86,
          "end": 24.12,
          "confidence": 0.812
        },
        {
          "text": "restraint,",
          "start": 24.12,
          "end": 24.56,
          "confidence": 0.587
        },
        {
          "text": "over.",
          "start": 24.76,
          "end": 25.14,
          "confidence": 0.543
        }
      ]
    },
    {
      "id": 4,
      "seek": 1900,
      "start": 31.34,
      "end": 39.3,
      "text": " I got a little bit on Melvin and D1. The other one might go under sleep restraint.",
      "tokens": [
        286,
        658,
        257,
        707,
        857,
        322,
        7375,
        4796,
        293,
        413,
        16,
        13,
        440,
        661,
        472,
        1062,
        352,
        833,
        2817,
        49281,
        13
      ],
      "temperature": 0.4,
      "avg_logprob": -0.6800467583440966,
      "compression_ratio": 1.445945945945946,
      "no_speech_prob": 0.6720494627952576,
      "confidence": 0.608,
      "words": [
        {
          "text": "I",
          "start": 31.34,
          "end": 31.62,
          "confidence": 0.376
        },
        {
          "text": "got",
          "start": 31.62,
          "end": 33.22,
          "confidence": 0.587
        },
        {
          "text": "a",
          "start": 33.22,
          "end": 33.4,
          "confidence": 0.349
        },
        {
          "text": "little",
          "start": 33.4,
          "end": 33.56,
          "confidence": 0.66
        },
        {
          "text": "bit",
          "start": 33.56,
          "end": 33.76,
          "confidence": 0.864
        },
        {
          "text": "on",
          "start": 33.76,
          "end": 33.94,
          "confidence": 0.812
        },
        {
          "text": "Melvin",
          "start": 33.94,
          "end": 34.3,
          "confidence": 0.727
        },
        {
          "text": "and",
          "start": 34.3,
          "end": 34.46,
          "confidence": 0.489
        },
        {
          "text": "D1.",
          "start": 34.46,
          "end": 35.04,
          "confidence": 0.589
        },
        {
          "text": "The",
          "start": 35.3,
          "end": 35.44,
          "confidence": 0.456
        },
        {
          "text": "other",
          "start": 35.44,
          "end": 35.64,
          "confidence": 0.788
        },
        {
          "text": "one",
          "start": 35.64,
          "end": 35.86,
          "confidence": 0.747
        },
        {
          "text": "might",
          "start": 35.86,
          "end": 36.12,
          "confidence": 0.779
        },
        {
          "text": "go",
          "start": 36.12,
          "end": 38.08,
          "confidence": 0.663
        },
        {
          "text": "under",
          "start": 38.08,
          "end": 38.34,
          "confidence": 0.5
        },
        {
          "text": "sleep",
          "start": 38.34,
          "end": 38.78,
          "confidence": 0.548
        },
        {
          "text": "restraint.",
          "start": 38.78,
          "end": 39.3,
          "confidence": 0.639
        }
      ]
    },
    {
      "id": 5,
      "seek": 1900,
      "start": 39.86,
      "end": 42.08,
      "text": " We've got them in their helmet bags.",
      "tokens": [
        492,
        600,
        658,
        552,
        294,
        641,
        15922,
        10405,
        13
      ],
      "temperature": 0.4,
      "avg_logprob": -0.6800467583440966,
      "compression_ratio": 1.445945945945946,
      "no_speech_prob": 0.6720494627952576,
      "confidence": 0.651,
      "words": [
        {
          "text": "We've",
          "start": 39.86,
          "end": 40.36,
          "confidence": 0.449
        },
        {
          "text": "got",
          "start": 40.36,
          "end": 40.52,
          "confidence": 0.869
        },
        {
          "text": "them",
          "start": 40.52,
          "end": 40.64,
          "confidence": 0.604
        },
        {
          "text": "in",
          "start": 40.64,
          "end": 40.8,
          "confidence": 0.894
        },
        {
          "text": "their",
          "start": 40.8,
          "end": 41.08,
          "confidence": 0.789
        },
        {
          "text": "helmet",
          "start": 41.08,
          "end": 41.58,
          "confidence": 0.785
        },
        {
          "text": "bags.",
          "start": 41.58,
          "end": 42.08,
          "confidence": 0.552
        }
      ]
    },
    {
      "id": 6,
      "seek": 4300,
      "start": 43.02,
      "end": 47.44,
      "text": " And I'll get the helmet back.",
      "tokens": [
        400,
        286,
        603,
        483,
        264,
        15922,
        646,
        13
      ],
      "temperature": 0.4,
      "avg_logprob": -0.5930809371772854,
      "compression_ratio": 1.502857142857143,
      "no_speech_prob": 0.5926881432533264,
      "confidence": 0.312,
      "words": [
        {
          "text": "And",
          "start": 43.02,
          "end": 43.46,
          "confidence": 0.22
        },
        {
          "text": "I'll",
          "start": 43.46,
          "end": 44.8,
          "confidence": 0.283
        },
        {
          "text": "get",
          "start": 44.8,
          "end": 45.02,
          "confidence": 0.51
        },
        {
          "text": "the",
          "start": 45.02,
          "end": 45.34,
          "confidence": 0.627
        },
        {
          "text": "helmet",
          "start": 45.34,
          "end": 47.04,
          "confidence": 0.194
        },
        {
          "text": "back.",
          "start": 47.04,
          "end": 47.44,
          "confidence": 0.261
        }
      ]
    },
    {
      "id": 7,
      "seek": 4300,
      "start": 48.24,
      "end": 49.58,
      "text": " I'll leave the pack.",
      "tokens": [
        286,
        603,
        1856,
        264,
        2844,
        13
      ],
      "temperature": 0.4,
      "avg_logprob": -0.5930809371772854,
      "compression_ratio": 1.502857142857143,
      "no_speech_prob": 0.5926881432533264,
      "confidence": 0.52,
      "words": [
        {
          "text": "I'll",
          "start": 48.24,
          "end": 48.52,
          "confidence": 0.554
        },
        {
          "text": "leave",
          "start": 48.52,
          "end": 48.68,
          "confidence": 0.82
        },
        {
          "text": "the",
          "start": 48.68,
          "end": 49.34,
          "confidence": 0.346
        },
        {
          "text": "pack.",
          "start": 49.34,
          "end": 49.58,
          "confidence": 0.437
        }
      ]
    },
    {
      "id": 8,
      "seek": 4300,
      "start": 50.04,
      "end": 50.52,
      "text": " Roger.",
      "tokens": [
        17666,
        13
      ],
      "temperature": 0.4,
      "avg_logprob": -0.5930809371772854,
      "compression_ratio": 1.502857142857143,
      "no_speech_prob": 0.5926881432533264,
      "confidence": 0.595,
      "words": [
        {
          "text": "Roger.",
          "start": 50.04,
          "end": 50.52,
          "confidence": 0.595
        }
      ]
    },
    {
      "id": 9,
      "seek": 4300,
      "start": 51.4,
      "end": 55.18,
      "text": " Roger, I'll take the next day out of the field.",
      "tokens": [
        17666,
        11,
        286,
        603,
        747,
        264,
        958,
        786,
        484,
        295,
        264,
        2519,
        13
      ],
      "temperature": 0.4,
      "avg_logprob": -0.5930809371772854,
      "compression_ratio": 1.502857142857143,
      "no_speech_prob": 0.5926881432533264,
      "confidence": 0.378,
      "words": [
        {
          "text": "Roger,",
          "start": 51.4,
          "end": 51.88,
          "confidence": 0.534
        },
        {
          "text": "I'll",
          "start": 51.98,
          "end": 52.02,
          "confidence": 0.861
        },
        {
          "text": "take",
          "start": 52.02,
          "end": 52.26,
          "confidence": 0.348
        },
        {
          "text": "the",
          "start": 52.26,
          "end": 53.74,
          "confidence": 0.651
        },
        {
          "text": "next",
          "start": 53.74,
          "end": 53.92,
          "confidence": 0.781
        },
        {
          "text": "day",
          "start": 53.92,
          "end": 54.12,
          "confidence": 0.066
        },
        {
          "text": "out",
          "start": 54.12,
          "end": 54.26,
          "confidence": 0.252
        },
        {
          "text": "of",
          "start": 54.26,
          "end": 54.38,
          "confidence": 0.438
        },
        {
          "text": "the",
          "start": 54.38,
          "end": 54.62,
          "confidence": 0.208
        },
        {
          "text": "field.",
          "start": 54.62,
          "end": 55.18,
          "confidence": 0.21
        }
      ]
    },
    {
      "id": 10,
      "seek": 4300,
      "start": 56.44,
      "end": 57.9,
      "text": " We won't hang me on the cover.",
      "tokens": [
        492,
        1582,
        380,
        3967,
        385,
        322,
        264,
        2060,
        13
      ],
      "temperature": 0.4,
      "avg_logprob": -0.5930809371772854,
      "compression_ratio": 1.502857142857143,
      "no_speech_prob": 0.5926881432533264,
      "confidence": 0.457,
      "words": [
        {
          "text": "We",
          "start": 56.44,
          "end": 56.74,
          "confidence": 0.292
        },
        {
          "text": "won't",
          "start": 56.74,
          "end": 57.18,
          "confidence": 0.576
        },
        {
          "text": "hang",
          "start": 57.18,
          "end": 57.42,
          "confidence": 0.655
        },
        {
          "text": "me",
          "start": 57.42,
          "end": 57.6,
          "confidence": 0.373
        },
        {
          "text": "on",
          "start": 57.6,
          "end": 57.82,
          "confidence": 0.796
        },
        {
          "text": "the",
          "start": 57.82,
          "end": 57.86,
          "confidence": 0.228
        },
        {
          "text": "cover.",
          "start": 57.86,
          "end": 57.9,
          "confidence": 0.442
        }
      ]
    },
    {
      "id": 11,
      "seek": 4300,
      "start": 59.46,
      "end": 61.86,
      "text": " With the cover, I tried it already.",
      "tokens": [
        2022,
        264,
        2060,
        11,
        286,
        3031,
        309,
        1217,
        13
      ],
      "temperature": 0.4,
      "avg_logprob": -0.5930809371772854,
      "compression_ratio": 1.502857142857143,
      "no_speech_prob": 0.5926881432533264,
      "confidence": 0.655,
      "words": [
        {
          "text": "With",
          "start": 59.46,
          "end": 60.18,
          "confidence": 0.421
        },
        {
          "text": "the",
          "start": 60.18,
          "end": 60.78,
          "confidence": 0.535
        },
        {
          "text": "cover,",
          "start": 60.78,
          "end": 61.06,
          "confidence": 0.874
        },
        {
          "text": "I",
          "start": 61.18,
          "end": 61.26,
          "confidence": 0.985
        },
        {
          "text": "tried",
          "start": 61.26,
          "end": 61.52,
          "confidence": 0.691
        },
        {
          "text": "it",
          "start": 61.52,
          "end": 61.64,
          "confidence": 0.513
        },
        {
          "text": "already.",
          "start": 61.64,
          "end": 61.86,
          "confidence": 0.751
        }
      ]
    },
    {
      "id": 12,
      "seek": 4300,
      "start": 62.46,
      "end": 65.18,
      "text": " Okay, fine. We weren't sure that this was a suggestion.",
      "tokens": [
        1033,
        11,
        2489,
        13,
        492,
        4999,
        380,
        988,
        300,
        341,
        390,
        257,
        16541,
        13
      ],
      "temperature": 0.4,
      "avg_logprob": -0.5930809371772854,
      "compression_ratio": 1.502857142857143,
      "no_speech_prob": 0.5926881432533264,
      "confidence": 0.725,
      "words": [
        {
          "text": "Okay,",
          "start": 62.46,
          "end": 62.84,
          "confidence": 0.548
        },
        {
          "text": "fine.",
          "start": 62.96,
          "end": 63.12,
          "confidence": 0.832
        },
        {
          "text": "We",
          "start": 63.18,
          "end": 63.32,
          "confidence": 0.619
        },
        {
          "text": "weren't",
          "start": 63.32,
          "end": 63.58,
          "confidence": 0.908
        },
        {
          "text": "sure",
          "start": 63.58,
          "end": 63.74,
          "confidence": 0.826
        },
        {
          "text": "that",
          "start": 63.74,
          "end": 64.12,
          "confidence": 0.498
        },
        {
          "text": "this",
          "start": 64.12,
          "end": 64.6,
          "confidence": 0.754
        },
        {
          "text": "was",
          "start": 64.6,
          "end": 64.76,
          "confidence": 0.813
        },
        {
          "text": "a",
          "start": 64.76,
          "end": 64.88,
          "confidence": 0.847
        },
        {
          "text": "suggestion.",
          "start": 64.88,
          "end": 65.18,
          "confidence": 0.589
        }
      ]
    },
    {
      "id": 13,
      "seek": 4300,
      "start": 65.18,
      "end": 68.03,
      "text": " We thought you could check it out,",
      "tokens": [
        492,
        1194,
        291,
        727,
        1520,
        309,
        484,
        11
      ],
      "temperature": 0.4,
      "avg_logprob": -0.5930809371772854,
      "compression_ratio": 1.502857142857143,
      "no_speech_prob": 0.5926881432533264,
      "confidence": 0.774,
      "words": [
        {
          "text": "We",
          "start": 65.18,
          "end": 65.4,
          "confidence": 0.873
        },
        {
          "text": "thought",
          "start": 65.4,
          "end": 65.58,
          "confidence": 0.825
        },
        {
          "text": "you",
          "start": 65.58,
          "end": 67.02,
          "confidence": 0.513
        },
        {
          "text": "could",
          "start": 67.02,
          "end": 67.22,
          "confidence": 0.8
        },
        {
          "text": "check",
          "start": 67.22,
          "end": 67.46,
          "confidence": 0.777
        },
        {
          "text": "it",
          "start": 67.46,
          "end": 67.6,
          "confidence": 0.896
        },
        {
          "text": "out,",
          "start": 67.6,
          "end": 68.03,
          "confidence": 0.807
        }
      ]
    },
    {
      "id": 14,
      "seek": 6800,
      "start": 68.03,
      "end": 72.46,
      "text": " So, uh, I guess, uh, wherever you come up with, just let us know.",
      "tokens": [
        220,
        6455,
        11,
        2232,
        11,
        286,
        2041,
        11,
        2232,
        11,
        8660,
        291,
        808,
        493,
        365,
        11,
        445,
        718,
        505,
        458,
        13
      ],
      "temperature": 0.4,
      "avg_logprob": -0.6560894986416431,
      "compression_ratio": 1.1851851851851851,
      "no_speech_prob": 0.09824391454458237,
      "confidence": 0.571,
      "words": [
        {
          "text": "So,",
          "start": 68.03,
          "end": 69.54,
          "confidence": 0.114
        },
        {
          "text": "uh,",
          "start": 69.7,
          "end": 69.84,
          "confidence": 0.472
        },
        {
          "text": "I",
          "start": 70.32,
          "end": 70.5,
          "confidence": 0.917
        },
        {
          "text": "guess,",
          "start": 70.5,
          "end": 70.72,
          "confidence": 0.903
        },
        {
          "text": "uh,",
          "start": 70.78,
          "end": 70.92,
          "confidence": 0.673
        },
        {
          "text": "wherever",
          "start": 70.96,
          "end": 71.14,
          "confidence": 0.292
        },
        {
          "text": "you",
          "start": 71.14,
          "end": 71.28,
          "confidence": 0.871
        },
        {
          "text": "come",
          "start": 71.28,
          "end": 71.44,
          "confidence": 0.694
        },
        {
          "text": "up",
          "start": 71.44,
          "end": 71.62,
          "confidence": 0.887
        },
        {
          "text": "with,",
          "start": 71.62,
          "end": 71.8,
          "confidence": 0.774
        },
        {
          "text": "just",
          "start": 71.86,
          "end": 71.98,
          "confidence": 0.831
        },
        {
          "text": "let",
          "start": 71.98,
          "end": 72.14,
          "confidence": 0.9
        },
        {
          "text": "us",
          "start": 72.14,
          "end": 72.26,
          "confidence": 0.901
        },
        {
          "text": "know.",
          "start": 72.26,
          "end": 72.46,
          "confidence": 0.798
        }
      ]
    },
    {
      "id": 15,
      "seek": 6800,
      "start": 75.5,
      "end": 77.72,
      "text": " OK. It's no problem. We'll let you know where to end up.",
      "tokens": [
        2264,
        13,
        467,
        311,
        572,
        1154,
        13,
        492,
        603,
        718,
        291,
        458,
        689,
        281,
        917,
        493,
        13
      ],
      "temperature": 0.4,
      "avg_logprob": -0.6560894986416431,
      "compression_ratio": 1.1851851851851851,
      "no_speech_prob": 0.09824391454458237,
      "confidence": 0.568,
      "words": [
        {
          "text": "OK.",
          "start": 75.5,
          "end": 75.84,
          "confidence": 0.181
        },
        {
          "text": "It's",
          "start": 75.96,
          "end": 76.1,
          "confidence": 0.332
        },
        {
          "text": "no",
          "start": 76.1,
          "end": 76.22,
          "confidence": 0.871
        },
        {
          "text": "problem.",
          "start": 76.22,
          "end": 76.56,
          "confidence": 0.76
        },
        {
          "text": "We'll",
          "start": 76.66,
          "end": 76.82,
          "confidence": 0.802
        },
        {
          "text": "let",
          "start": 76.82,
          "end": 76.96,
          "confidence": 0.871
        },
        {
          "text": "you",
          "start": 76.96,
          "end": 77.04,
          "confidence": 0.869
        },
        {
          "text": "know",
          "start": 77.04,
          "end": 77.18,
          "confidence": 0.819
        },
        {
          "text": "where",
          "start": 77.18,
          "end": 77.32,
          "confidence": 0.755
        },
        {
          "text": "to",
          "start": 77.32,
          "end": 77.44,
          "confidence": 0.232
        },
        {
          "text": "end",
          "start": 77.44,
          "end": 77.54,
          "confidence": 0.447
        },
        {
          "text": "up.",
          "start": 77.54,
          "end": 77.72,
          "confidence": 0.884
        }
      ]
    },
    {
      "id": 16,
      "seek": 7800,
      "start": 78.02,
      "end": 78.34,
      "text": " life",
      "tokens": [
        993
      ],
      "temperature": 0.4,
      "avg_logprob": -1.8291597366333008,
      "compression_ratio": 0.8421052631578947,
      "no_speech_prob": 0.2337101548910141,
      "confidence": 0.055,
      "words": [
        {
          "text": "life",
          "start": 78.02,
          "end": 78.34,
          "confidence": 0.055
        }
      ]
    },
    {
      "id": 17,
      "seek": 7800,
      "start": 84.92,
      "end": 85.44,
      "text": " hello",
      "tokens": [
        7751
      ],
      "temperature": 0.4,
      "avg_logprob": -1.8291597366333008,
      "compression_ratio": 0.8421052631578947,
      "no_speech_prob": 0.2337101548910141,
      "confidence": 0.149,
      "words": [
        {
          "text": "hello",
          "start": 84.92,
          "end": 85.44,
          "confidence": 0.149
        }
      ]
    },
    {
      "id": 18,
      "seek": 8640,
      "start": 86.42,
      "end": 87.13,
      "text": " I love it.",
      "tokens": [
        286,
        959,
        309,
        13
      ],
      "temperature": 0.4,
      "avg_logprob": -0.6376226826717979,
      "compression_ratio": 1.4545454545454546,
      "no_speech_prob": 0.25779837369918823,
      "confidence": 0.545,
      "words": [
        {
          "text": "I",
          "start": 86.42,
          "end": 86.68,
          "confidence": 0.384
        },
        {
          "text": "love",
          "start": 86.68,
          "end": 86.82,
          "confidence": 0.725
        },
        {
          "text": "it.",
          "start": 86.82,
          "end": 87.13,
          "confidence": 0.583
        }
      ]
    },
    {
      "id": 19,
      "seek": 8640,
      "start": 87.13,
      "end": 88.6,
      "text": " I love it.",
      "tokens": [
        286,
        959,
        309,
        13
      ],
      "temperature": 0.4,
      "avg_logprob": -0.6376226826717979,
      "compression_ratio": 1.4545454545454546,
      "no_speech_prob": 0.25779837369918823,
      "confidence": 0.411,
      "words": [
        {
          "text": "I",
          "start": 87.13,
          "end": 87.6,
          "confidence": 0.103
        },
        {
          "text": "love",
          "start": 87.6,
          "end": 87.66,
          "confidence": 0.823
        },
        {
          "text": "it.",
          "start": 87.66,
          "end": 88.6,
          "confidence": 0.821
        }
      ]
    },
    {
      "id": 20,
      "seek": 8840,
      "start": 88.7,
      "end": 88.9,
      "text": " Bye.",
      "tokens": [
        50364,
        4621,
        13,
        50389
      ],
      "temperature": 0.4,
      "avg_logprob": -0.8121399879455566,
      "compression_ratio": 0.3333333333333333,
      "no_speech_prob": 0.5811611413955688,
      "confidence": 0.254,
      "words": [
        {
          "text": "Bye.",
          "start": 88.7,
          "end": 88.9,
          "confidence": 0.254
        }
      ]
    }
  ],
  "language": "en"
}