{
  "text": " Hello. How are you? Love. How are you? I'm okay. I will be. I said she could stay with us tomorrow until she feels better. Of course she can. This won't be for long. Well, you can stay as long as you want, my love. I really miss you.",
  "segments": [
    {
      "id": 0,
      "seek": 0,
      "start": 1.0,
      "end": 1.76,
      "text": " Hello.",
      "tokens": [
        2425,
        13
      ],
      "temperature": 0.0,
      "avg_logprob": -0.2229951970717486,
      "compression_ratio": 1.4746835443037976,
      "no_speech_prob": 0.32281985878944397,
      "confidence": 0.318,
      "words": [
        {
          "text": "Hello.",
          "start": 1.0,
          "end": 1.76,
          "confidence": 0.318
        }
      ]
    },
    {
      "id": 1,
      "seek": 0,
      "start": 2.34,
      "end": 3.52,
      "text": " How are you?",
      "tokens": [
        1012,
        366,
        291,
        30
      ],
      "temperature": 0.0,
      "avg_logprob": -0.2229951970717486,
      "compression_ratio": 1.4746835443037976,
      "no_speech_prob": 0.32281985878944397,
      "confidence": 0.767,
      "words": [
        {
          "text": "How",
          "start": 2.34,
          "end": 2.84,
          "confidence": 0.509
        },
        {
          "text": "are",
          "start": 2.84,
          "end": 3.26,
          "confidence": 0.991
        },
        {
          "text": "you?",
          "start": 3.26,
          "end": 3.52,
          "confidence": 0.894
        }
      ]
    },
    {
      "id": 2,
      "seek": 0,
      "start": 3.52,
      "end": 4.28,
      "text": " Love.",
      "tokens": [
        5956,
        13
      ],
      "temperature": 0.0,
      "avg_logprob": -0.2229951970717486,
      "compression_ratio": 1.4746835443037976,
      "no_speech_prob": 0.32281985878944397,
      "confidence": 0.289,
      "words": [
        {
          "text": "Love.",
          "start": 3.52,
          "end": 4.28,
          "confidence": 0.289
        }
      ]
    },
    {
      "id": 3,
      "seek": 0,
      "start": 5.52,
      "end": 6.4,
      "text": " How are you?",
      "tokens": [
        1012,
        366,
        291,
        30
      ],
      "temperature": 0.0,
      "avg_logprob": -0.2229951970717486,
      "compression_ratio": 1.4746835443037976,
      "no_speech_prob": 0.32281985878944397,
      "confidence": 0.93,
      "words": [
        {
          "text": "How",
          "start": 5.52,
          "end": 5.7,
          "confidence": 0.86
        },
        {
          "text": "are",
          "start": 5.7,
          "end": 6.1,
          "confidence": 0.998
        },
        {
          "text": "you?",
          "start": 6.1,
          "end": 6.4,
          "confidence": 0.938
        }
      ]
    },
    {
      "id": 4,
      "seek": 0,
      "start": 7.52,
      "end": 9.18,
      "text": " I'm okay. I will be.",
      "tokens": [
        286,
        478,
        1392,
        13,
        286,
        486,
        312,
        13
      ],
      "temperature": 0.0,
      "avg_logprob": -0.2229951970717486,
      "compression_ratio": 1.4746835443037976,
      "no_speech_prob": 0.32281985878944397,
      "confidence": 0.783,
      "words": [
        {
          "text": "I'm",
          "start": 7.52,
          "end": 7.56,
          "confidence": 0.756
        },
        {
          "text": "okay.",
          "start": 7.56,
          "end": 8.16,
          "confidence": 0.533
        },
        {
          "text": "I",
          "start": 8.46,
          "end": 8.66,
          "confidence": 0.793
        },
        {
          "text": "will",
          "start": 8.66,
          "end": 8.94,
          "confidence": 0.956
        },
        {
          "text": "be.",
          "start": 8.94,
          "end": 9.18,
          "confidence": 0.997
        }
      ]
    },
    {
      "id": 5,
      "seek": 0,
      "start": 9.52,
      "end": 11.52,
      "text": " I said she could stay with us tomorrow until she feels better.",
      "tokens": [
        286,
        848,
        750,
        727,
        1754,
        365,
        505,
        4153,
        1826,
        750,
        3417,
        1101,
        13
      ],
      "temperature": 0.0,
      "avg_logprob": -0.2229951970717486,
      "compression_ratio": 1.4746835443037976,
      "no_speech_prob": 0.32281985878944397,
      "confidence": 0.801,
      "words": [
        {
          "text": "I",
          "start": 9.52,
          "end": 9.56,
          "confidence": 0.896
        },
        {
          "text": "said",
          "start": 9.56,
          "end": 9.66,
          "confidence": 0.857
        },
        {
          "text": "she",
          "start": 9.66,
          "end": 9.78,
          "confidence": 0.92
        },
        {
          "text": "could",
          "start": 9.78,
          "end": 9.98,
          "confidence": 0.91
        },
        {
          "text": "stay",
          "start": 9.98,
          "end": 10.16,
          "confidence": 0.995
        },
        {
          "text": "with",
          "start": 10.16,
          "end": 10.3,
          "confidence": 0.979
        },
        {
          "text": "us",
          "start": 10.3,
          "end": 10.46,
          "confidence": 0.994
        },
        {
          "text": "tomorrow",
          "start": 10.46,
          "end": 10.68,
          "confidence": 0.46
        },
        {
          "text": "until",
          "start": 10.68,
          "end": 10.86,
          "confidence": 0.252
        },
        {
          "text": "she",
          "start": 10.86,
          "end": 11.0,
          "confidence": 0.993
        },
        {
          "text": "feels",
          "start": 11.0,
          "end": 11.22,
          "confidence": 0.98
        },
        {
          "text": "better.",
          "start": 11.22,
          "end": 11.52,
          "confidence": 0.994
        }
      ]
    },
    {
      "id": 6,
      "seek": 0,
      "start": 12.04,
      "end": 13.32,
      "text": " Of course she can.",
      "tokens": [
        2720,
        1164,
        750,
        393,
        13
      ],
      "temperature": 0.0,
      "avg_logprob": -0.2229951970717486,
      "compression_ratio": 1.4746835443037976,
      "no_speech_prob": 0.32281985878944397,
      "confidence": 0.944,
      "words": [
        {
          "text": "Of",
          "start": 12.04,
          "end": 12.36,
          "confidence": 0.836
        },
        {
          "text": "course",
          "start": 12.36,
          "end": 12.68,
          "confidence": 0.991
        },
        {
          "text": "she",
          "start": 12.68,
          "end": 12.9,
          "confidence": 0.964
        },
        {
          "text": "can.",
          "start": 12.9,
          "end": 13.32,
          "confidence": 0.994
        }
      ]
    },
    {
      "id": 7,
      "seek": 0,
      "start": 13.52,
      "end": 15.24,
      "text": " This won't be for long.",
      "tokens": [
        639,
        1582,
        380,
        312,
        337,
        938,
        13
      ],
      "temperature": 0.0,
      "avg_logprob": -0.2229951970717486,
      "compression_ratio": 1.4746835443037976,
      "no_speech_prob": 0.32281985878944397,
      "confidence": 0.88,
      "words": [
        {
          "text": "This",
          "start": 13.52,
          "end": 14.3,
          "confidence": 0.492
        },
        {
          "text": "won't",
          "start": 14.3,
          "end": 14.6,
          "confidence": 0.981
        },
        {
          "text": "be",
          "start": 14.6,
          "end": 14.8,
          "confidence": 0.997
        },
        {
          "text": "for",
          "start": 14.8,
          "end": 14.96,
          "confidence": 0.984
        },
        {
          "text": "long.",
          "start": 14.96,
          "end": 15.24,
          "confidence": 0.996
        }
      ]
    },
    {
      "id": 8,
      "seek": 0,
      "start": 15.52,
      "end": 17.62,
      "text": " Well, you can stay as long as you want, my love.",
      "tokens": [
        1042,
        11,
        291,
        393,
        1754,
        382,
        938,
        382,
        291,
        528,
        11,
        452,
        959,
        13
      ],
      "temperature": 0.0,
      "avg_logprob": -0.2229951970717486,
      "compression_ratio": 1.4746835443037976,
      "no_speech_prob": 0.32281985878944397,
      "confidence": 0.928,
      "words": [
        {
          "text": "Well,",
          "start": 15.52,
          "end": 15.58,
          "confidence": 0.697
        },
        {
          "text": "you",
          "start": 15.68,
          "end": 15.72,
          "confidence": 0.719
        },
        {
          "text": "can",
          "start": 15.72,
          "end": 15.94,
          "confidence": 0.987
        },
        {
          "text": "stay",
          "start": 15.94,
          "end": 16.14,
          "confidence": 0.99
        },
        {
          "text": "as",
          "start": 16.14,
          "end": 16.3,
          "confidence": 0.977
        },
        {
          "text": "long",
          "start": 16.3,
          "end": 16.4,
          "confidence": 0.995
        },
        {
          "text": "as",
          "start": 16.4,
          "end": 16.52,
          "confidence": 0.997
        },
        {
          "text": "you",
          "start": 16.52,
          "end": 16.62,
          "confidence": 0.996
        },
        {
          "text": "want,",
          "start": 16.62,
          "end": 16.8,
          "confidence": 0.995
        },
        {
          "text": "my",
          "start": 16.88,
          "end": 17.22,
          "confidence": 0.944
        },
        {
          "text": "love.",
          "start": 17.22,
          "end": 17.62,
          "confidence": 0.994
        }
      ]
    },
    {
      "id": 9,
      "seek": 1800,
      "start": 18.02,
      "end": 19.52,
      "text": " I really miss you.",
      "tokens": [
        50364,
        286,
        534,
        1713,
        291,
        13,
        50964
      ],
      "temperature": 0.0,
      "avg_logprob": -0.3757726848125458,
      "compression_ratio": 0.6923076923076923,
      "no_speech_prob": 0.005110021680593491,
      "confidence": 0.669,
      "words": [
        {
          "text": "I",
          "start": 18.02,
          "end": 18.06,
          "confidence": 0.53
        },
        {
          "text": "really",
          "start": 18.06,
          "end": 18.42,
          "confidence": 0.758
        },
        {
          "text": "miss",
          "start": 18.42,
          "end": 18.8,
          "confidence": 0.726
        },
        {
          "text": "you.",
          "start": 18.8,
          "end": 19.52,
          "confidence": 0.688
        }
      ]
    }
  ],
  "language": "en"
}