{
  "text": " Hello. How are you? How are you? Oh, I'm okay. I will be. I said she could stay with us tomorrow until she feels better. Of course she can. This won't be for long. Well, you can stay as long as you want, my love. I really miss you.",
  "segments": [
    {
      "id": 0,
      "seek": 0,
      "start": 1.0,
      "end": 1.82,
      "text": " Hello.",
      "tokens": [
        2425,
        13
      ],
      "temperature": 0.0,
      "avg_logprob": -0.21271128934972428,
      "compression_ratio": 1.4713375796178343,
      "no_speech_prob": 0.3228166699409485,
      "confidence": 0.204,
      "words": [
        {
          "text": "Hello.",
          "start": 1.0,
          "end": 1.82,
          "confidence": 0.204
        }
      ]
    },
    {
      "id": 1,
      "seek": 0,
      "start": 1.96,
      "end": 3.54,
      "text": " How are you?",
      "tokens": [
        1012,
        366,
        291,
        30
      ],
      "temperature": 0.0,
      "avg_logprob": -0.21271128934972428,
      "compression_ratio": 1.4713375796178343,
      "no_speech_prob": 0.3228166699409485,
      "confidence": 0.149,
      "words": [
        {
          "text": "How",
          "start": 1.96,
          "end": 2.6,
          "confidence": 0.004
        },
        {
          "text": "are",
          "start": 2.6,
          "end": 3.12,
          "confidence": 0.214
        },
        {
          "text": "you?",
          "start": 3.12,
          "end": 3.54,
          "confidence": 0.804
        }
      ]
    },
    {
      "id": 2,
      "seek": 0,
      "start": 3.7,
      "end": 6.38,
      "text": " How are you?",
      "tokens": [
        1012,
        366,
        291,
        30
      ],
      "temperature": 0.0,
      "avg_logprob": -0.21271128934972428,
      "compression_ratio": 1.4713375796178343,
      "no_speech_prob": 0.3228166699409485,
      "confidence": 0.347,
      "words": [
        {
          "text": "How",
          "start": 3.7,
          "end": 4.3,
          "confidence": 0.019
        },
        {
          "text": "are",
          "start": 4.3,
          "end": 6.16,
          "confidence": 0.936
        },
        {
          "text": "you?",
          "start": 6.16,
          "end": 6.38,
          "confidence": 0.904
        }
      ]
    },
    {
      "id": 3,
      "seek": 0,
      "start": 6.4,
      "end": 7.74,
      "text": " Oh, I'm okay.",
      "tokens": [
        876,
        11,
        286,
        478,
        1392,
        13
      ],
      "temperature": 0.0,
      "avg_logprob": -0.21271128934972428,
      "compression_ratio": 1.4713375796178343,
      "no_speech_prob": 0.3228166699409485,
      "confidence": 0.646,
      "words": [
        {
          "text": "Oh,",
          "start": 6.4,
          "end": 6.68,
          "confidence": 0.391
        },
        {
          "text": "I'm",
          "start": 6.7,
          "end": 7.18,
          "confidence": 0.979
        },
        {
          "text": "okay.",
          "start": 7.18,
          "end": 7.74,
          "confidence": 0.703
        }
      ]
    },
    {
      "id": 4,
      "seek": 0,
      "start": 7.76,
      "end": 9.22,
      "text": " I will be.",
      "tokens": [
        286,
        486,
        312,
        13
      ],
      "temperature": 0.0,
      "avg_logprob": -0.21271128934972428,
      "compression_ratio": 1.4713375796178343,
      "no_speech_prob": 0.3228166699409485,
      "confidence": 0.521,
      "words": [
        {
          "text": "I",
          "start": 7.76,
          "end": 8.66,
          "confidence": 0.435
        },
        {
          "text": "will",
          "start": 8.66,
          "end": 8.88,
          "confidence": 0.575
        },
        {
          "text": "be.",
          "start": 8.88,
          "end": 9.22,
          "confidence": 0.542
        }
      ]
    },
    {
      "id": 5,
      "seek": 0,
      "start": 9.52,
      "end": 11.58,
      "text": " I said she could stay with us tomorrow until she feels better.",
      "tokens": [
        286,
        848,
        750,
        727,
        1754,
        365,
        505,
        4153,
        1826,
        750,
        3417,
        1101,
        13
      ],
      "temperature": 0.0,
      "avg_logprob": -0.21271128934972428,
      "compression_ratio": 1.4713375796178343,
      "no_speech_prob": 0.3228166699409485,
      "confidence": 0.494,
      "words": [
        {
          "text": "I",
          "start": 9.52,
          "end": 9.56,
          "confidence": 0.282
        },
        {
          "text": "said",
          "start": 9.56,
          "end": 9.64,
          "confidence": 0.564
        },
        {
          "text": "she",
          "start": 9.64,
          "end": 9.8,
          "confidence": 0.917
        },
        {
          "text": "could",
          "start": 9.8,
          "end": 10.0,
          "confidence": 0.897
        },
        {
          "text": "stay",
          "start": 10.0,
          "end": 10.18,
          "confidence": 0.994
        },
        {
          "text": "with",
          "start": 10.18,
          "end": 10.3,
          "confidence": 0.991
        },
        {
          "text": "us",
          "start": 10.3,
          "end": 10.46,
          "confidence": 0.969
        },
        {
          "text": "tomorrow",
          "start": 10.46,
          "end": 10.7,
          "confidence": 0.004
        },
        {
          "text": "until",
          "start": 10.7,
          "end": 10.86,
          "confidence": 0.315
        },
        {
          "text": "she",
          "start": 10.86,
          "end": 11.0,
          "confidence": 0.997
        },
        {
          "text": "feels",
          "start": 11.0,
          "end": 11.2,
          "confidence": 0.988
        },
        {
          "text": "better.",
          "start": 11.2,
          "end": 11.58,
          "confidence": 0.836
        }
      ]
    },
    {
      "id": 6,
      "seek": 0,
      "start": 11.6,
      "end": 13.44,
      "text": " Of course she can.",
      "tokens": [
        2720,
        1164,
        750,
        393,
        13
      ],
      "temperature": 0.0,
      "avg_logprob": -0.21271128934972428,
      "compression_ratio": 1.4713375796178343,
      "no_speech_prob": 0.3228166699409485,
      "confidence": 0.324,
      "words": [
        {
          "text": "Of",
          "start": 11.6,
          "end": 12.54,
          "confidence": 0.075
        },
        {
          "text": "course",
          "start": 12.54,
          "end": 12.72,
          "confidence": 0.988
        },
        {
          "text": "she",
          "start": 12.72,
          "end": 13.06,
          "confidence": 0.295
        },
        {
          "text": "can.",
          "start": 13.06,
          "end": 13.44,
          "confidence": 0.404
        }
      ]
    },
    {
      "id": 7,
      "seek": 0,
      "start": 13.52,
      "end": 15.24,
      "text": " This won't be for long.",
      "tokens": [
        639,
        1582,
        380,
        312,
        337,
        938,
        13
      ],
      "temperature": 0.0,
      "avg_logprob": -0.21271128934972428,
      "compression_ratio": 1.4713375796178343,
      "no_speech_prob": 0.3228166699409485,
      "confidence": 0.456,
      "words": [
        {
          "text": "This",
          "start": 13.52,
          "end": 14.16,
          "confidence": 0.009
        },
        {
          "text": "won't",
          "start": 14.16,
          "end": 14.58,
          "confidence": 0.926
        },
        {
          "text": "be",
          "start": 14.58,
          "end": 14.8,
          "confidence": 0.989
        },
        {
          "text": "for",
          "start": 14.8,
          "end": 14.98,
          "confidence": 0.978
        },
        {
          "text": "long.",
          "start": 14.98,
          "end": 15.24,
          "confidence": 0.751
        }
      ]
    },
    {
      "id": 8,
      "seek": 0,
      "start": 15.52,
      "end": 17.64,
      "text": " Well, you can stay as long as you want, my love.",
      "tokens": [
        1042,
        11,
        291,
        393,
        1754,
        382,
        938,
        382,
        291,
        528,
        11,
        452,
        959,
        13
      ],
      "temperature": 0.0,
      "avg_logprob": -0.21271128934972428,
      "compression_ratio": 1.4713375796178343,
      "no_speech_prob": 0.3228166699409485,
      "confidence": 0.585,
      "words": [
        {
          "text": "Well,",
          "start": 15.52,
          "end": 15.56,
          "confidence": 0.072
        },
        {
          "text": "you",
          "start": 15.64,
          "end": 15.68,
          "confidence": 0.485
        },
        {
          "text": "can",
          "start": 15.68,
          "end": 15.88,
          "confidence": 0.867
        },
        {
          "text": "stay",
          "start": 15.88,
          "end": 16.1,
          "confidence": 0.916
        },
        {
          "text": "as",
          "start": 16.1,
          "end": 16.3,
          "confidence": 0.979
        },
        {
          "text": "long",
          "start": 16.3,
          "end": 16.4,
          "confidence": 0.994
        },
        {
          "text": "as",
          "start": 16.4,
          "end": 16.54,
          "confidence": 0.994
        },
        {
          "text": "you",
          "start": 16.54,
          "end": 16.62,
          "confidence": 0.995
        },
        {
          "text": "want,",
          "start": 16.62,
          "end": 16.82,
          "confidence": 0.654
        },
        {
          "text": "my",
          "start": 16.98,
          "end": 17.22,
          "confidence": 0.958
        },
        {
          "text": "love.",
          "start": 17.22,
          "end": 17.64,
          "confidence": 0.831
        }
      ]
    },
    {
      "id": 9,
      "seek": 1800,
      "start": 17.66,
      "end": 19.52,
      "text": " I really miss you.",
      "tokens": [
        50364,
        286,
        534,
        1713,
        291,
        13,
        50964
      ],
      "temperature": 0.0,
      "avg_logprob": -0.41139015555381775,
      "compression_ratio": 0.6923076923076923,
      "no_speech_prob": 0.004231161903589964,
      "confidence": 0.52,
      "words": [
        {
          "text": "I",
          "start": 17.66,
          "end": 17.96,
          "confidence": 0.549
        },
        {
          "text": "really",
          "start": 17.96,
          "end": 18.34,
          "confidence": 0.919
        },
        {
          "text": "miss",
          "start": 18.34,
          "end": 18.78,
          "confidence": 0.375
        },
        {
          "text": "you.",
          "start": 18.78,
          "end": 19.52,
          "confidence": 0.449
        }
      ]
    }
  ],
  "language": "en"
}