{
  "text": " Bonjour!",
  "segments": [
    {
      "id": 0,
      "seek": 0,
      "start": 0.14,
      "end": 0.64,
      "text": " Bonjour!",
      "tokens": [
        50364,
        25431,
        2298,
        50402
      ],
      "temperature": 0.0,
      "avg_logprob": -0.6296454429626465,
      "compression_ratio": 0.5,
      "no_speech_prob": 0.10433219373226166,
      "confidence": 0.961,
      "words": [
        {
          "text": "Bonjour!",
          "start": 0.14,
          "end": 0.64,
          "confidence": 0.961
        }
      ]
    }
  ],
  "language": "fr"
}