start	end	text
400	2340	Dis-moi, est-ce que l'avion vole?
