{
  "text": " La réapparition du Messe-Bouche de 1962 en tant que missale pour la forme exceptionnelle du roi de la Réthos n'est pas encore la même chose que l'a voulu le Père de Benedict. La réapparition du Messe-Bouche de 1962 en tant que missale pour la forme exceptionnelle du roi de la Réthos n'est pas encore la même chose que l'a voulu le Père de Benedict.",
  "segments": [
    {
      "id": 0,
      "seek": 0,
      "start": 0.02,
      "end": 11.86,
      "text": " La réapparition du Messe-Bouche de 1962 en tant que missale pour la forme exceptionnelle du roi de la Réthos n'est pas encore la même chose que l'a voulu le Père de Benedict.",
      "tokens": [
        2369,
        3960,
        1746,
        289,
        849,
        1581,
        376,
        7357,
        12,
        33,
        263,
        1876,
        368,
        39498,
        465,
        12095,
        631,
        1713,
        1220,
        2016,
        635,
        28670,
        11183,
        37365,
        1581,
        744,
        72,
        368,
        635,
        497,
        526,
        392,
        329,
        297,
        6,
        377,
        1736,
        10122,
        635,
        5698,
        5111,
        631,
        287,
        6,
        64,
        6008,
        2781,
        476,
        430,
        4212,
        368,
        47837,
        13
      ],
      "temperature": 0.0,
      "avg_logprob": -1.0266838073730469,
      "compression_ratio": 1.2275862068965517,
      "no_speech_prob": 0.5754758715629578,
      "confidence": 0.361,
      "words": [
        {
          "text": "La",
          "start": 0.02,
          "end": 1.1,
          "confidence": 0.159
        },
        {
          "text": "réapparition",
          "start": 1.1,
          "end": 1.86,
          "confidence": 0.267
        },
        {
          "text": "du",
          "start": 1.86,
          "end": 2.14,
          "confidence": 0.763
        },
        {
          "text": "Messe-Bouche",
          "start": 2.14,
          "end": 2.78,
          "confidence": 0.344
        },
        {
          "text": "de",
          "start": 2.78,
          "end": 3.28,
          "confidence": 0.664
        },
        {
          "text": "1962",
          "start": 3.28,
          "end": 4.92,
          "confidence": 0.962
        },
        {
          "text": "en",
          "start": 4.92,
          "end": 5.24,
          "confidence": 0.357
        },
        {
          "text": "tant",
          "start": 5.24,
          "end": 5.32,
          "confidence": 0.147
        },
        {
          "text": "que",
          "start": 5.32,
          "end": 5.36,
          "confidence": 0.829
        },
        {
          "text": "missale",
          "start": 5.36,
          "end": 5.76,
          "confidence": 0.301
        },
        {
          "text": "pour",
          "start": 5.76,
          "end": 5.96,
          "confidence": 0.503
        },
        {
          "text": "la",
          "start": 5.96,
          "end": 6.1,
          "confidence": 0.588
        },
        {
          "text": "forme",
          "start": 6.1,
          "end": 6.14,
          "confidence": 0.977
        },
        {
          "text": "exceptionnelle",
          "start": 6.14,
          "end": 7.34,
          "confidence": 0.692
        },
        {
          "text": "du",
          "start": 7.34,
          "end": 7.68,
          "confidence": 0.738
        },
        {
          "text": "roi",
          "start": 7.68,
          "end": 7.94,
          "confidence": 0.311
        },
        {
          "text": "de",
          "start": 7.94,
          "end": 8.02,
          "confidence": 0.138
        },
        {
          "text": "la",
          "start": 8.02,
          "end": 8.12,
          "confidence": 0.182
        },
        {
          "text": "Réthos",
          "start": 8.12,
          "end": 9.04,
          "confidence": 0.352
        },
        {
          "text": "n'est",
          "start": 9.04,
          "end": 9.68,
          "confidence": 0.602
        },
        {
          "text": "pas",
          "start": 9.68,
          "end": 10.02,
          "confidence": 0.781
        },
        {
          "text": "encore",
          "start": 10.02,
          "end": 10.22,
          "confidence": 0.055
        },
        {
          "text": "la",
          "start": 10.22,
          "end": 10.74,
          "confidence": 0.045
        },
        {
          "text": "même",
          "start": 10.74,
          "end": 10.78,
          "confidence": 0.041
        },
        {
          "text": "chose",
          "start": 10.78,
          "end": 10.82,
          "confidence": 0.117
        },
        {
          "text": "que",
          "start": 10.82,
          "end": 11.06,
          "confidence": 0.804
        },
        {
          "text": "l'a",
          "start": 11.06,
          "end": 11.18,
          "confidence": 0.58
        },
        {
          "text": "voulu",
          "start": 11.18,
          "end": 11.22,
          "confidence": 0.719
        },
        {
          "text": "le",
          "start": 11.22,
          "end": 11.28,
          "confidence": 0.285
        },
        {
          "text": "Père",
          "start": 11.28,
          "end": 11.48,
          "confidence": 0.409
        },
        {
          "text": "de",
          "start": 11.48,
          "end": 11.52,
          "confidence": 0.299
        },
        {
          "text": "Benedict.",
          "start": 11.52,
          "end": 11.86,
          "confidence": 0.392
        }
      ]
    },
    {
      "id": 1,
      "seek": 1300,
      "start": 13.02,
      "end": 16.06,
      "text": " La réapparition du Messe-Bouche de 1962 en tant que missale pour la forme exceptionnelle du roi de la Réthos n'est pas encore la même chose que l'a voulu le Père de Benedict.",
      "tokens": [
        50364,
        2369,
        3960,
        1746,
        289,
        849,
        1581,
        376,
        7357,
        12,
        33,
        263,
        1876,
        368,
        39498,
        465,
        12095,
        631,
        1713,
        1220,
        2016,
        635,
        28670,
        11183,
        37365,
        1581,
        744,
        72,
        368,
        635,
        497,
        526,
        392,
        329,
        297,
        6,
        377,
        1736,
        10122,
        635,
        5698,
        5111,
        631,
        287,
        6,
        64,
        6008,
        2781,
        476,
        430,
        4212,
        368,
        47837,
        13,
        51614
      ],
      "temperature": 0.0,
      "avg_logprob": -0.18637239933013916,
      "compression_ratio": 1.2275862068965517,
      "no_speech_prob": 0.004369608126580715,
      "confidence": 0.865,
      "words": [
        {
          "text": "La",
          "start": 13.02,
          "end": 14.5,
          "confidence": 0.2
        },
        {
          "text": "réapparition",
          "start": 14.5,
          "end": 14.58,
          "confidence": 0.899
        },
        {
          "text": "du",
          "start": 14.58,
          "end": 14.62,
          "confidence": 0.519
        },
        {
          "text": "Messe-Bouche",
          "start": 14.62,
          "end": 14.72,
          "confidence": 0.899
        },
        {
          "text": "de",
          "start": 14.72,
          "end": 14.76,
          "confidence": 0.943
        },
        {
          "text": "1962",
          "start": 14.76,
          "end": 14.8,
          "confidence": 0.191
        },
        {
          "text": "en",
          "start": 14.8,
          "end": 14.84,
          "confidence": 0.467
        },
        {
          "text": "tant",
          "start": 14.84,
          "end": 14.88,
          "confidence": 0.997
        },
        {
          "text": "que",
          "start": 14.88,
          "end": 14.92,
          "confidence": 0.99
        },
        {
          "text": "missale",
          "start": 14.92,
          "end": 15.18,
          "confidence": 0.587
        },
        {
          "text": "pour",
          "start": 15.18,
          "end": 15.22,
          "confidence": 0.942
        },
        {
          "text": "la",
          "start": 15.22,
          "end": 15.26,
          "confidence": 0.989
        },
        {
          "text": "forme",
          "start": 15.26,
          "end": 15.3,
          "confidence": 0.99
        },
        {
          "text": "exceptionnelle",
          "start": 15.3,
          "end": 15.34,
          "confidence": 0.97
        },
        {
          "text": "du",
          "start": 15.34,
          "end": 15.38,
          "confidence": 0.912
        },
        {
          "text": "roi",
          "start": 15.38,
          "end": 15.42,
          "confidence": 0.987
        },
        {
          "text": "de",
          "start": 15.42,
          "end": 15.46,
          "confidence": 0.986
        },
        {
          "text": "la",
          "start": 15.46,
          "end": 15.5,
          "confidence": 0.985
        },
        {
          "text": "Réthos",
          "start": 15.5,
          "end": 15.54,
          "confidence": 0.994
        },
        {
          "text": "n'est",
          "start": 15.54,
          "end": 15.58,
          "confidence": 0.948
        },
        {
          "text": "pas",
          "start": 15.58,
          "end": 15.62,
          "confidence": 0.991
        },
        {
          "text": "encore",
          "start": 15.62,
          "end": 15.66,
          "confidence": 0.966
        },
        {
          "text": "la",
          "start": 15.66,
          "end": 15.7,
          "confidence": 0.994
        },
        {
          "text": "même",
          "start": 15.7,
          "end": 15.74,
          "confidence": 0.999
        },
        {
          "text": "chose",
          "start": 15.74,
          "end": 15.78,
          "confidence": 0.994
        },
        {
          "text": "que",
          "start": 15.78,
          "end": 15.82,
          "confidence": 0.989
        },
        {
          "text": "l'a",
          "start": 15.82,
          "end": 15.86,
          "confidence": 0.998
        },
        {
          "text": "voulu",
          "start": 15.86,
          "end": 15.9,
          "confidence": 0.998
        },
        {
          "text": "le",
          "start": 15.9,
          "end": 15.94,
          "confidence": 0.94
        },
        {
          "text": "Père",
          "start": 15.94,
          "end": 15.98,
          "confidence": 0.994
        },
        {
          "text": "de",
          "start": 15.98,
          "end": 16.02,
          "confidence": 0.994
        },
        {
          "text": "Benedict.",
          "start": 16.02,
          "end": 16.06,
          "confidence": 0.995
        }
      ]
    }
  ],
  "language": "fr"
}