{
  "text": " Rires",
  "segments": [
    {
      "id": 0,
      "seek": 0,
      "start": 0.2,
      "end": 1.36,
      "text": " Rires",
      "tokens": [
        50364,
        497,
        3145,
        50576
      ],
      "temperature": 0.0,
      "avg_logprob": -1.0959866523742676,
      "compression_ratio": 0.38461538461538464,
      "no_speech_prob": 0.5549651980400085,
      "confidence": 0.266,
      "words": [
        {
          "text": "Rires",
          "start": 0.2,
          "end": 1.36,
          "confidence": 0.266
        }
      ]
    }
  ],
  "language": "fr"
}